make  all-recursive
make[1]: Entering directory '/sonic/src/sonic-sairedis'
Making all in meta
make[2]: Entering directory '/sonic/src/sonic-sairedis/meta'
make -C ../SAI/meta saimetadata.c
make[3]: Entering directory '/sonic/src/sonic-sairedis/SAI/meta'
make[3]: 'saimetadata.c' is up to date.
make[3]: Leaving directory '/sonic/src/sonic-sairedis/SAI/meta'
make  all-am
make[3]: Entering directory '/sonic/src/sonic-sairedis/meta'
make -C ../SAI/meta saimetadata.c
make[4]: Entering directory '/sonic/src/sonic-sairedis/SAI/meta'
make[4]: 'saimetadata.c' is up to date.
make[4]: Leaving directory '/sonic/src/sonic-sairedis/SAI/meta'
make[3]: Leaving directory '/sonic/src/sonic-sairedis/meta'
make[2]: Leaving directory '/sonic/src/sonic-sairedis/meta'
Making all in lib
make[2]: Entering directory '/sonic/src/sonic-sairedis/lib'
make  all-am
make[3]: Entering directory '/sonic/src/sonic-sairedis/lib'
make[3]: Nothing to be done for 'all-am'.
make[3]: Leaving directory '/sonic/src/sonic-sairedis/lib'
make[2]: Leaving directory '/sonic/src/sonic-sairedis/lib'
Making all in vslib
make[2]: Entering directory '/sonic/src/sonic-sairedis/vslib'
make  all-am
make[3]: Entering directory '/sonic/src/sonic-sairedis/vslib'
make[3]: Nothing to be done for 'all-am'.
make[3]: Leaving directory '/sonic/src/sonic-sairedis/vslib'
make[2]: Leaving directory '/sonic/src/sonic-sairedis/vslib'
Making all in proxylib
make[2]: Entering directory '/sonic/src/sonic-sairedis/proxylib'
make  all-am
make[3]: Entering directory '/sonic/src/sonic-sairedis/proxylib'
make[3]: Nothing to be done for 'all-am'.
make[3]: Leaving directory '/sonic/src/sonic-sairedis/proxylib'
make[2]: Leaving directory '/sonic/src/sonic-sairedis/proxylib'
Making all in pyext
make[2]: Entering directory '/sonic/src/sonic-sairedis/pyext'
Making all in py3
make[3]: Entering directory '/sonic/src/sonic-sairedis/pyext/py3'
make  all-am
make[4]: Entering directory '/sonic/src/sonic-sairedis/pyext/py3'
make[4]: Nothing to be done for 'all-am'.
make[4]: Leaving directory '/sonic/src/sonic-sairedis/pyext/py3'
make[3]: Leaving directory '/sonic/src/sonic-sairedis/pyext/py3'
make[3]: Entering directory '/sonic/src/sonic-sairedis/pyext'
make[3]: Nothing to be done for 'all-am'.
make[3]: Leaving directory '/sonic/src/sonic-sairedis/pyext'
make[2]: Leaving directory '/sonic/src/sonic-sairedis/pyext'
Making all in syncd
make[2]: Entering directory '/sonic/src/sonic-sairedis/syncd'
Making all in .
make[3]: Entering directory '/sonic/src/sonic-sairedis/syncd'
g++ -DHAVE_CONFIG_H -I. -I..   -Wdate-time -D_FORTIFY_SOURCE=2 -g -DNDEBUG -I../SAI/inc -I../SAI/experimental -I../SAI/meta -I../lib -I../vslib -std=c++14     -g -O0  -fno-omit-frame-pointer -fno-inline -c -o libSyncd_a-Syncd.o `test -f 'Syncd.cpp' || echo './'`Syncd.cpp
g++ -DHAVE_CONFIG_H -I. -I..   -Wdate-time -D_FORTIFY_SOURCE=2 -g -DNDEBUG -I../SAI/inc -I../SAI/experimental -I../SAI/meta -I../lib -I../vslib -std=c++14     -g -O0  -fno-omit-frame-pointer -fno-inline -c -o libSyncd_a-syncd_main.o `test -f 'syncd_main.cpp' || echo './'`syncd_main.cpp
rm -f libSyncd.a
ar cru libSyncd.a libSyncd_a-AsicOperation.o libSyncd_a-AsicView.o libSyncd_a-AttrVersionChecker.o libSyncd_a-BestCandidateFinder.o libSyncd_a-BreakConfig.o libSyncd_a-BreakConfigParser.o libSyncd_a-CommandLineOptions.o libSyncd_a-CommandLineOptionsParser.o libSyncd_a-ComparisonLogic.o libSyncd_a-FlexCounter.o libSyncd_a-FlexCounterManager.o libSyncd_a-GlobalSwitchId.o libSyncd_a-HardReiniter.o libSyncd_a-MdioIpcServer.o libSyncd_a-MetadataLogger.o libSyncd_a-NotificationHandler.o libSyncd_a-NotificationProcessor.o libSyncd_a-NotificationQueue.o libSyncd_a-PortMap.o libSyncd_a-PortMapParser.o libSyncd_a-PortStateChangeHandler.o libSyncd_a-RedisClient.o libSyncd_a-RedisNotificationProducer.o libSyncd_a-RequestShutdownCommandLineOptions.o libSyncd_a-SaiAttr.o libSyncd_a-SaiDiscovery.o libSyncd_a-SaiObj.o libSyncd_a-SaiSwitch.o libSyncd_a-SaiSwitchInterface.o libSyncd_a-ServiceMethodTable.o libSyncd_a-SingleReiniter.o libSyncd_a-SwitchNotifications.o libSyncd_a-Syncd.o libSyncd_a-TimerWatchdog.o libSyncd_a-VendorSai.o libSyncd_a-VidManager.o libSyncd_a-VidManager.o libSyncd_a-VirtualOidTranslator.o libSyncd_a-WarmRestartTable.o libSyncd_a-WatchdogScope.o libSyncd_a-Workaround.o libSyncd_a-ZeroMQNotificationProducer.o libSyncd_a-syncd_main.o 
ar: `u' modifier ignored since `D' is the default (see `U')
ranlib libSyncd.a
/bin/bash ../libtool  --tag=CXX   --mode=link g++ -g -DNDEBUG -I../SAI/inc -I../SAI/experimental -I../SAI/meta -I../lib -I../vslib -std=c++14 -Wall    -g -O0  -fno-omit-frame-pointer -fno-inline  -rdynamic -Wl,-z,relro -Wl,-z,now -o syncd syncd-main.o  libSyncd.a ../lib/libSaiRedis.a -L../meta/.libs -lsaimetadata -lsaimeta -ldl -lhiredis -lswsscommon -lsai -lpthread -lzmq    
libtool: link: g++ -g -DNDEBUG -I../SAI/inc -I../SAI/experimental -I../SAI/meta -I../lib -I../vslib -std=c++14 -Wall -g -O0 -fno-omit-frame-pointer -fno-inline -rdynamic -Wl,-z -Wl,relro -Wl,-z -Wl,now -o .libs/syncd syncd-main.o  libSyncd.a ../lib/libSaiRedis.a -L../meta/.libs /sonic/src/sonic-sairedis/meta/.libs/libsaimetadata.so /sonic/src/sonic-sairedis/meta/.libs/libsaimeta.so -ldl -lhiredis -lswsscommon -lsai -lpthread -lzmq
rm -f libSyncdRequestShutdown.a
ar cru libSyncdRequestShutdown.a libSyncdRequestShutdown_a-RequestShutdown.o libSyncdRequestShutdown_a-RequestShutdownCommandLineOptions.o libSyncdRequestShutdown_a-RequestShutdownCommandLineOptionsParser.o 
ar: `u' modifier ignored since `D' is the default (see `U')
ranlib libSyncdRequestShutdown.a
/bin/bash ../libtool  --tag=CXX   --mode=link g++ -g -DNDEBUG -I../SAI/inc -I../SAI/experimental -I../SAI/meta -I../lib -I../vslib -fPIC -ansi -pipe -std=c++14 -Wall -Wcast-align -Wcast-qual -Wconversion -Wdisabled-optimization -Werror -Wextra -Wfloat-equal -Wformat=2 -Wformat-nonliteral -Wformat-security -Wformat-y2k -Wimport -Winit-self -Wno-inline -Winvalid-pch -Wmissing-field-initializers -Wmissing-format-attribute -Wmissing-include-dirs -Wno-aggregate-return -Wno-padded -Wno-switch-enum -Wno-unused-parameter -Wno-unused-variable -Wpacked -Wpointer-arith -Wredundant-decls -Wshadow -Wstack-protector -Wstrict-aliasing=3 -Wswitch -Wswitch-default -Wunreachable-code -Wunused -Wvariadic-macros -Wwrite-strings -Wno-switch-default -Wconversion -Wno-psabi -Wcast-align=strict  -g -O0  -fno-omit-frame-pointer -fno-inline  -Wl,-z,relro -Wl,-z,now -o syncd_request_shutdown syncd_request_shutdown-syncd_request_shutdown.o libSyncdRequestShutdown.a ../lib/libSaiRedis.a -lhiredis -lswsscommon -lpthread   
libtool: link: g++ -g -DNDEBUG -I../SAI/inc -I../SAI/experimental -I../SAI/meta -I../lib -I../vslib -fPIC -ansi -pipe -std=c++14 -Wall -Wcast-align -Wcast-qual -Wconversion -Wdisabled-optimization -Werror -Wextra -Wfloat-equal -Wformat=2 -Wformat-nonliteral -Wformat-security -Wformat-y2k -Wimport -Winit-self -Wno-inline -Winvalid-pch -Wmissing-field-initializers -Wmissing-format-attribute -Wmissing-include-dirs -Wno-aggregate-return -Wno-padded -Wno-switch-enum -Wno-unused-parameter -Wno-unused-variable -Wpacked -Wpointer-arith -Wredundant-decls -Wshadow -Wstack-protector -Wstrict-aliasing=3 -Wswitch -Wswitch-default -Wunreachable-code -Wunused -Wvariadic-macros -Wwrite-strings -Wno-switch-default -Wconversion -Wno-psabi -Wcast-align=strict -g -O0 -fno-omit-frame-pointer -fno-inline -Wl,-z -Wl,relro -Wl,-z -Wl,now -o syncd_request_shutdown syncd_request_shutdown-syncd_request_shutdown.o  libSyncdRequestShutdown.a ../lib/libSaiRedis.a -lhiredis -lswsscommon -lpthread
g++ -DHAVE_CONFIG_H -I. -I..   -Wdate-time -D_FORTIFY_SOURCE=2 -g -DNDEBUG -I../SAI/inc -I../SAI/experimental -I../SAI/meta -I../lib -I../vslib -fPIC -ansi -pipe -std=c++14 -Wall -Wcast-align -Wcast-qual -Wconversion -Wdisabled-optimization -Werror -Wextra -Wfloat-equal -Wformat=2 -Wformat-nonliteral -Wformat-security -Wformat-y2k -Wimport -Winit-self -Wno-inline -Winvalid-pch -Wmissing-field-initializers -Wmissing-format-attribute -Wmissing-include-dirs -Wno-aggregate-return -Wno-padded -Wno-switch-enum -Wno-unused-parameter -Wno-unused-variable -Wpacked -Wpointer-arith -Wredundant-decls -Wshadow -Wstack-protector -Wstrict-aliasing=3 -Wswitch -Wswitch-default -Wunreachable-code -Wunused -Wvariadic-macros -Wwrite-strings -Wno-switch-default -Wconversion -Wno-psabi -Wcast-align=strict -g -O0  -fno-omit-frame-pointer -fno-inline -c -o syncd_tests-tests.o `test -f 'tests.cpp' || echo './'`tests.cpp
/bin/bash ../libtool  --tag=CXX   --mode=link g++ -g -DNDEBUG -I../SAI/inc -I../SAI/experimental -I../SAI/meta -I../lib -I../vslib -fPIC -ansi -pipe -std=c++14 -Wall -Wcast-align -Wcast-qual -Wconversion -Wdisabled-optimization -Werror -Wextra -Wfloat-equal -Wformat=2 -Wformat-nonliteral -Wformat-security -Wformat-y2k -Wimport -Winit-self -Wno-inline -Winvalid-pch -Wmissing-field-initializers -Wmissing-format-attribute -Wmissing-include-dirs -Wno-aggregate-return -Wno-padded -Wno-switch-enum -Wno-unused-parameter -Wno-unused-variable -Wpacked -Wpointer-arith -Wredundant-decls -Wshadow -Wstack-protector -Wstrict-aliasing=3 -Wswitch -Wswitch-default -Wunreachable-code -Wunused -Wvariadic-macros -Wwrite-strings -Wno-switch-default -Wconversion -Wno-psabi -Wcast-align=strict -g -O0  -fno-omit-frame-pointer -fno-inline -Wl,-rpath,../lib/.libs -Wl,-rpath,../meta/.libs -Wl,-z,relro -Wl,-z,now -o syncd_tests syncd_tests-tests.o libSyncd.a -lhiredis -lswsscommon -lpthread -L../lib/.libs -lsairedis -L../meta/.libs -lsaimetadata -lsaimeta -lzmq   
libtool: link: g++ -g -DNDEBUG -I../SAI/inc -I../SAI/experimental -I../SAI/meta -I../lib -I../vslib -fPIC -ansi -pipe -std=c++14 -Wall -Wcast-align -Wcast-qual -Wconversion -Wdisabled-optimization -Werror -Wextra -Wfloat-equal -Wformat=2 -Wformat-nonliteral -Wformat-security -Wformat-y2k -Wimport -Winit-self -Wno-inline -Winvalid-pch -Wmissing-field-initializers -Wmissing-format-attribute -Wmissing-include-dirs -Wno-aggregate-return -Wno-padded -Wno-switch-enum -Wno-unused-parameter -Wno-unused-variable -Wpacked -Wpointer-arith -Wredundant-decls -Wshadow -Wstack-protector -Wstrict-aliasing=3 -Wswitch -Wswitch-default -Wunreachable-code -Wunused -Wvariadic-macros -Wwrite-strings -Wno-switch-default -Wconversion -Wno-psabi -Wcast-align=strict -g -O0 -fno-omit-frame-pointer -fno-inline -Wl,-rpath -Wl,../lib/.libs -Wl,-rpath -Wl,../meta/.libs -Wl,-z -Wl,relro -Wl,-z -Wl,now -o .libs/syncd_tests syncd_tests-tests.o  libSyncd.a -lhiredis -lswsscommon -lpthread -L../lib/.libs /sonic/src/sonic-sairedis/lib/.libs/libsairedis.so -L../meta/.libs /sonic/src/sonic-sairedis/meta/.libs/libsaimetadata.so /sonic/src/sonic-sairedis/meta/.libs/libsaimeta.so -lzmq
g++ -DHAVE_CONFIG_H -I. -I..   -pg  -Wdate-time -D_FORTIFY_SOURCE=2 -g -DNDEBUG -I../SAI/inc -I../SAI/experimental -I../SAI/meta -I../lib -I../vslib -std=c++14 -Wall   -pg  -g -O0  -fno-omit-frame-pointer -fno-inline -c -o syncd_prof-main.o `test -f 'main.cpp' || echo './'`main.cpp
g++ -DHAVE_CONFIG_H -I. -I..   -pg  -Wdate-time -D_FORTIFY_SOURCE=2 -g -DNDEBUG -I../SAI/inc -I../SAI/experimental -I../SAI/meta -I../lib -I../vslib -std=c++14  -pg    -g -O0  -fno-omit-frame-pointer -fno-inline -c -o libSyncd_prof_a-AsicOperation.o `test -f 'AsicOperation.cpp' || echo './'`AsicOperation.cpp
g++ -DHAVE_CONFIG_H -I. -I..   -pg  -Wdate-time -D_FORTIFY_SOURCE=2 -g -DNDEBUG -I../SAI/inc -I../SAI/experimental -I../SAI/meta -I../lib -I../vslib -std=c++14  -pg    -g -O0  -fno-omit-frame-pointer -fno-inline -c -o libSyncd_prof_a-AsicView.o `test -f 'AsicView.cpp' || echo './'`AsicView.cpp
g++ -DHAVE_CONFIG_H -I. -I..   -pg  -Wdate-time -D_FORTIFY_SOURCE=2 -g -DNDEBUG -I../SAI/inc -I../SAI/experimental -I../SAI/meta -I../lib -I../vslib -std=c++14  -pg    -g -O0  -fno-omit-frame-pointer -fno-inline -c -o libSyncd_prof_a-AttrVersionChecker.o `test -f 'AttrVersionChecker.cpp' || echo './'`AttrVersionChecker.cpp
g++ -DHAVE_CONFIG_H -I. -I..   -pg  -Wdate-time -D_FORTIFY_SOURCE=2 -g -DNDEBUG -I../SAI/inc -I../SAI/experimental -I../SAI/meta -I../lib -I../vslib -std=c++14  -pg    -g -O0  -fno-omit-frame-pointer -fno-inline -c -o libSyncd_prof_a-BestCandidateFinder.o `test -f 'BestCandidateFinder.cpp' || echo './'`BestCandidateFinder.cpp
g++ -DHAVE_CONFIG_H -I. -I..   -pg  -Wdate-time -D_FORTIFY_SOURCE=2 -g -DNDEBUG -I../SAI/inc -I../SAI/experimental -I../SAI/meta -I../lib -I../vslib -std=c++14  -pg    -g -O0  -fno-omit-frame-pointer -fno-inline -c -o libSyncd_prof_a-BreakConfig.o `test -f 'BreakConfig.cpp' || echo './'`BreakConfig.cpp
g++ -DHAVE_CONFIG_H -I. -I..   -pg  -Wdate-time -D_FORTIFY_SOURCE=2 -g -DNDEBUG -I../SAI/inc -I../SAI/experimental -I../SAI/meta -I../lib -I../vslib -std=c++14  -pg    -g -O0  -fno-omit-frame-pointer -fno-inline -c -o libSyncd_prof_a-BreakConfigParser.o `test -f 'BreakConfigParser.cpp' || echo './'`BreakConfigParser.cpp
g++ -DHAVE_CONFIG_H -I. -I..   -pg  -Wdate-time -D_FORTIFY_SOURCE=2 -g -DNDEBUG -I../SAI/inc -I../SAI/experimental -I../SAI/meta -I../lib -I../vslib -std=c++14  -pg    -g -O0  -fno-omit-frame-pointer -fno-inline -c -o libSyncd_prof_a-CommandLineOptions.o `test -f 'CommandLineOptions.cpp' || echo './'`CommandLineOptions.cpp
g++ -DHAVE_CONFIG_H -I. -I..   -pg  -Wdate-time -D_FORTIFY_SOURCE=2 -g -DNDEBUG -I../SAI/inc -I../SAI/experimental -I../SAI/meta -I../lib -I../vslib -std=c++14  -pg    -g -O0  -fno-omit-frame-pointer -fno-inline -c -o libSyncd_prof_a-CommandLineOptionsParser.o `test -f 'CommandLineOptionsParser.cpp' || echo './'`CommandLineOptionsParser.cpp
g++ -DHAVE_CONFIG_H -I. -I..   -pg  -Wdate-time -D_FORTIFY_SOURCE=2 -g -DNDEBUG -I../SAI/inc -I../SAI/experimental -I../SAI/meta -I../lib -I../vslib -std=c++14  -pg    -g -O0  -fno-omit-frame-pointer -fno-inline -c -o libSyncd_prof_a-ComparisonLogic.o `test -f 'ComparisonLogic.cpp' || echo './'`ComparisonLogic.cpp
g++ -DHAVE_CONFIG_H -I. -I..   -pg  -Wdate-time -D_FORTIFY_SOURCE=2 -g -DNDEBUG -I../SAI/inc -I../SAI/experimental -I../SAI/meta -I../lib -I../vslib -std=c++14  -pg    -g -O0  -fno-omit-frame-pointer -fno-inline -c -o libSyncd_prof_a-FlexCounter.o `test -f 'FlexCounter.cpp' || echo './'`FlexCounter.cpp
g++ -DHAVE_CONFIG_H -I. -I..   -pg  -Wdate-time -D_FORTIFY_SOURCE=2 -g -DNDEBUG -I../SAI/inc -I../SAI/experimental -I../SAI/meta -I../lib -I../vslib -std=c++14  -pg    -g -O0  -fno-omit-frame-pointer -fno-inline -c -o libSyncd_prof_a-FlexCounterManager.o `test -f 'FlexCounterManager.cpp' || echo './'`FlexCounterManager.cpp
g++ -DHAVE_CONFIG_H -I. -I..   -pg  -Wdate-time -D_FORTIFY_SOURCE=2 -g -DNDEBUG -I../SAI/inc -I../SAI/experimental -I../SAI/meta -I../lib -I../vslib -std=c++14  -pg    -g -O0  -fno-omit-frame-pointer -fno-inline -c -o libSyncd_prof_a-GlobalSwitchId.o `test -f 'GlobalSwitchId.cpp' || echo './'`GlobalSwitchId.cpp
g++ -DHAVE_CONFIG_H -I. -I..   -pg  -Wdate-time -D_FORTIFY_SOURCE=2 -g -DNDEBUG -I../SAI/inc -I../SAI/experimental -I../SAI/meta -I../lib -I../vslib -std=c++14  -pg    -g -O0  -fno-omit-frame-pointer -fno-inline -c -o libSyncd_prof_a-HardReiniter.o `test -f 'HardReiniter.cpp' || echo './'`HardReiniter.cpp
g++ -DHAVE_CONFIG_H -I. -I..   -pg  -Wdate-time -D_FORTIFY_SOURCE=2 -g -DNDEBUG -I../SAI/inc -I../SAI/experimental -I../SAI/meta -I../lib -I../vslib -std=c++14  -pg    -g -O0  -fno-omit-frame-pointer -fno-inline -c -o libSyncd_prof_a-MdioIpcServer.o `test -f 'MdioIpcServer.cpp' || echo './'`MdioIpcServer.cpp
g++ -DHAVE_CONFIG_H -I. -I..   -pg  -Wdate-time -D_FORTIFY_SOURCE=2 -g -DNDEBUG -I../SAI/inc -I../SAI/experimental -I../SAI/meta -I../lib -I../vslib -std=c++14  -pg    -g -O0  -fno-omit-frame-pointer -fno-inline -c -o libSyncd_prof_a-MetadataLogger.o `test -f 'MetadataLogger.cpp' || echo './'`MetadataLogger.cpp
g++ -DHAVE_CONFIG_H -I. -I..   -pg  -Wdate-time -D_FORTIFY_SOURCE=2 -g -DNDEBUG -I../SAI/inc -I../SAI/experimental -I../SAI/meta -I../lib -I../vslib -std=c++14  -pg    -g -O0  -fno-omit-frame-pointer -fno-inline -c -o libSyncd_prof_a-NotificationHandler.o `test -f 'NotificationHandler.cpp' || echo './'`NotificationHandler.cpp
g++ -DHAVE_CONFIG_H -I. -I..   -pg  -Wdate-time -D_FORTIFY_SOURCE=2 -g -DNDEBUG -I../SAI/inc -I../SAI/experimental -I../SAI/meta -I../lib -I../vslib -std=c++14  -pg    -g -O0  -fno-omit-frame-pointer -fno-inline -c -o libSyncd_prof_a-NotificationProcessor.o `test -f 'NotificationProcessor.cpp' || echo './'`NotificationProcessor.cpp
g++ -DHAVE_CONFIG_H -I. -I..   -pg  -Wdate-time -D_FORTIFY_SOURCE=2 -g -DNDEBUG -I../SAI/inc -I../SAI/experimental -I../SAI/meta -I../lib -I../vslib -std=c++14  -pg    -g -O0  -fno-omit-frame-pointer -fno-inline -c -o libSyncd_prof_a-NotificationQueue.o `test -f 'NotificationQueue.cpp' || echo './'`NotificationQueue.cpp
g++ -DHAVE_CONFIG_H -I. -I..   -pg  -Wdate-time -D_FORTIFY_SOURCE=2 -g -DNDEBUG -I../SAI/inc -I../SAI/experimental -I../SAI/meta -I../lib -I../vslib -std=c++14  -pg    -g -O0  -fno-omit-frame-pointer -fno-inline -c -o libSyncd_prof_a-PortMap.o `test -f 'PortMap.cpp' || echo './'`PortMap.cpp
g++ -DHAVE_CONFIG_H -I. -I..   -pg  -Wdate-time -D_FORTIFY_SOURCE=2 -g -DNDEBUG -I../SAI/inc -I../SAI/experimental -I../SAI/meta -I../lib -I../vslib -std=c++14  -pg    -g -O0  -fno-omit-frame-pointer -fno-inline -c -o libSyncd_prof_a-PortMapParser.o `test -f 'PortMapParser.cpp' || echo './'`PortMapParser.cpp
g++ -DHAVE_CONFIG_H -I. -I..   -pg  -Wdate-time -D_FORTIFY_SOURCE=2 -g -DNDEBUG -I../SAI/inc -I../SAI/experimental -I../SAI/meta -I../lib -I../vslib -std=c++14  -pg    -g -O0  -fno-omit-frame-pointer -fno-inline -c -o libSyncd_prof_a-PortStateChangeHandler.o `test -f 'PortStateChangeHandler.cpp' || echo './'`PortStateChangeHandler.cpp
g++ -DHAVE_CONFIG_H -I. -I..   -pg  -Wdate-time -D_FORTIFY_SOURCE=2 -g -DNDEBUG -I../SAI/inc -I../SAI/experimental -I../SAI/meta -I../lib -I../vslib -std=c++14  -pg    -g -O0  -fno-omit-frame-pointer -fno-inline -c -o libSyncd_prof_a-RedisClient.o `test -f 'RedisClient.cpp' || echo './'`RedisClient.cpp
g++ -DHAVE_CONFIG_H -I. -I..   -pg  -Wdate-time -D_FORTIFY_SOURCE=2 -g -DNDEBUG -I../SAI/inc -I../SAI/experimental -I../SAI/meta -I../lib -I../vslib -std=c++14  -pg    -g -O0  -fno-omit-frame-pointer -fno-inline -c -o libSyncd_prof_a-RedisNotificationProducer.o `test -f 'RedisNotificationProducer.cpp' || echo './'`RedisNotificationProducer.cpp
g++ -DHAVE_CONFIG_H -I. -I..   -pg  -Wdate-time -D_FORTIFY_SOURCE=2 -g -DNDEBUG -I../SAI/inc -I../SAI/experimental -I../SAI/meta -I../lib -I../vslib -std=c++14  -pg    -g -O0  -fno-omit-frame-pointer -fno-inline -c -o libSyncd_prof_a-RequestShutdownCommandLineOptions.o `test -f 'RequestShutdownCommandLineOptions.cpp' || echo './'`RequestShutdownCommandLineOptions.cpp
g++ -DHAVE_CONFIG_H -I. -I..   -pg  -Wdate-time -D_FORTIFY_SOURCE=2 -g -DNDEBUG -I../SAI/inc -I../SAI/experimental -I../SAI/meta -I../lib -I../vslib -std=c++14  -pg    -g -O0  -fno-omit-frame-pointer -fno-inline -c -o libSyncd_prof_a-SaiAttr.o `test -f 'SaiAttr.cpp' || echo './'`SaiAttr.cpp
g++ -DHAVE_CONFIG_H -I. -I..   -pg  -Wdate-time -D_FORTIFY_SOURCE=2 -g -DNDEBUG -I../SAI/inc -I../SAI/experimental -I../SAI/meta -I../lib -I../vslib -std=c++14  -pg    -g -O0  -fno-omit-frame-pointer -fno-inline -c -o libSyncd_prof_a-SaiDiscovery.o `test -f 'SaiDiscovery.cpp' || echo './'`SaiDiscovery.cpp
g++ -DHAVE_CONFIG_H -I. -I..   -pg  -Wdate-time -D_FORTIFY_SOURCE=2 -g -DNDEBUG -I../SAI/inc -I../SAI/experimental -I../SAI/meta -I../lib -I../vslib -std=c++14  -pg    -g -O0  -fno-omit-frame-pointer -fno-inline -c -o libSyncd_prof_a-SaiObj.o `test -f 'SaiObj.cpp' || echo './'`SaiObj.cpp
g++ -DHAVE_CONFIG_H -I. -I..   -pg  -Wdate-time -D_FORTIFY_SOURCE=2 -g -DNDEBUG -I../SAI/inc -I../SAI/experimental -I../SAI/meta -I../lib -I../vslib -std=c++14  -pg    -g -O0  -fno-omit-frame-pointer -fno-inline -c -o libSyncd_prof_a-SaiSwitch.o `test -f 'SaiSwitch.cpp' || echo './'`SaiSwitch.cpp
g++ -DHAVE_CONFIG_H -I. -I..   -pg  -Wdate-time -D_FORTIFY_SOURCE=2 -g -DNDEBUG -I../SAI/inc -I../SAI/experimental -I../SAI/meta -I../lib -I../vslib -std=c++14  -pg    -g -O0  -fno-omit-frame-pointer -fno-inline -c -o libSyncd_prof_a-SaiSwitchInterface.o `test -f 'SaiSwitchInterface.cpp' || echo './'`SaiSwitchInterface.cpp
g++ -DHAVE_CONFIG_H -I. -I..   -pg  -Wdate-time -D_FORTIFY_SOURCE=2 -g -DNDEBUG -I../SAI/inc -I../SAI/experimental -I../SAI/meta -I../lib -I../vslib -std=c++14  -pg    -g -O0  -fno-omit-frame-pointer -fno-inline -c -o libSyncd_prof_a-ServiceMethodTable.o `test -f 'ServiceMethodTable.cpp' || echo './'`ServiceMethodTable.cpp
g++ -DHAVE_CONFIG_H -I. -I..   -pg  -Wdate-time -D_FORTIFY_SOURCE=2 -g -DNDEBUG -I../SAI/inc -I../SAI/experimental -I../SAI/meta -I../lib -I../vslib -std=c++14  -pg    -g -O0  -fno-omit-frame-pointer -fno-inline -c -o libSyncd_prof_a-SingleReiniter.o `test -f 'SingleReiniter.cpp' || echo './'`SingleReiniter.cpp
g++ -DHAVE_CONFIG_H -I. -I..   -pg  -Wdate-time -D_FORTIFY_SOURCE=2 -g -DNDEBUG -I../SAI/inc -I../SAI/experimental -I../SAI/meta -I../lib -I../vslib -std=c++14  -pg    -g -O0  -fno-omit-frame-pointer -fno-inline -c -o libSyncd_prof_a-SwitchNotifications.o `test -f 'SwitchNotifications.cpp' || echo './'`SwitchNotifications.cpp
g++ -DHAVE_CONFIG_H -I. -I..   -pg  -Wdate-time -D_FORTIFY_SOURCE=2 -g -DNDEBUG -I../SAI/inc -I../SAI/experimental -I../SAI/meta -I../lib -I../vslib -std=c++14  -pg    -g -O0  -fno-omit-frame-pointer -fno-inline -c -o libSyncd_prof_a-Syncd.o `test -f 'Syncd.cpp' || echo './'`Syncd.cpp
g++ -DHAVE_CONFIG_H -I. -I..   -pg  -Wdate-time -D_FORTIFY_SOURCE=2 -g -DNDEBUG -I../SAI/inc -I../SAI/experimental -I../SAI/meta -I../lib -I../vslib -std=c++14  -pg    -g -O0  -fno-omit-frame-pointer -fno-inline -c -o libSyncd_prof_a-TimerWatchdog.o `test -f 'TimerWatchdog.cpp' || echo './'`TimerWatchdog.cpp
g++ -DHAVE_CONFIG_H -I. -I..   -pg  -Wdate-time -D_FORTIFY_SOURCE=2 -g -DNDEBUG -I../SAI/inc -I../SAI/experimental -I../SAI/meta -I../lib -I../vslib -std=c++14  -pg    -g -O0  -fno-omit-frame-pointer -fno-inline -c -o libSyncd_prof_a-VendorSai.o `test -f 'VendorSai.cpp' || echo './'`VendorSai.cpp
g++ -DHAVE_CONFIG_H -I. -I..   -pg  -Wdate-time -D_FORTIFY_SOURCE=2 -g -DNDEBUG -I../SAI/inc -I../SAI/experimental -I../SAI/meta -I../lib -I../vslib -std=c++14  -pg    -g -O0  -fno-omit-frame-pointer -fno-inline -c -o libSyncd_prof_a-VidManager.o `test -f 'VidManager.cpp' || echo './'`VidManager.cpp
g++ -DHAVE_CONFIG_H -I. -I..   -pg  -Wdate-time -D_FORTIFY_SOURCE=2 -g -DNDEBUG -I../SAI/inc -I../SAI/experimental -I../SAI/meta -I../lib -I../vslib -std=c++14  -pg    -g -O0  -fno-omit-frame-pointer -fno-inline -c -o libSyncd_prof_a-VirtualOidTranslator.o `test -f 'VirtualOidTranslator.cpp' || echo './'`VirtualOidTranslator.cpp
g++ -DHAVE_CONFIG_H -I. -I..   -pg  -Wdate-time -D_FORTIFY_SOURCE=2 -g -DNDEBUG -I../SAI/inc -I../SAI/experimental -I../SAI/meta -I../lib -I../vslib -std=c++14  -pg    -g -O0  -fno-omit-frame-pointer -fno-inline -c -o libSyncd_prof_a-WarmRestartTable.o `test -f 'WarmRestartTable.cpp' || echo './'`WarmRestartTable.cpp
g++ -DHAVE_CONFIG_H -I. -I..   -pg  -Wdate-time -D_FORTIFY_SOURCE=2 -g -DNDEBUG -I../SAI/inc -I../SAI/experimental -I../SAI/meta -I../lib -I../vslib -std=c++14  -pg    -g -O0  -fno-omit-frame-pointer -fno-inline -c -o libSyncd_prof_a-WatchdogScope.o `test -f 'WatchdogScope.cpp' || echo './'`WatchdogScope.cpp
g++ -DHAVE_CONFIG_H -I. -I..   -pg  -Wdate-time -D_FORTIFY_SOURCE=2 -g -DNDEBUG -I../SAI/inc -I../SAI/experimental -I../SAI/meta -I../lib -I../vslib -std=c++14  -pg    -g -O0  -fno-omit-frame-pointer -fno-inline -c -o libSyncd_prof_a-Workaround.o `test -f 'Workaround.cpp' || echo './'`Workaround.cpp
g++ -DHAVE_CONFIG_H -I. -I..   -pg  -Wdate-time -D_FORTIFY_SOURCE=2 -g -DNDEBUG -I../SAI/inc -I../SAI/experimental -I../SAI/meta -I../lib -I../vslib -std=c++14  -pg    -g -O0  -fno-omit-frame-pointer -fno-inline -c -o libSyncd_prof_a-ZeroMQNotificationProducer.o `test -f 'ZeroMQNotificationProducer.cpp' || echo './'`ZeroMQNotificationProducer.cpp
g++ -DHAVE_CONFIG_H -I. -I..   -pg  -Wdate-time -D_FORTIFY_SOURCE=2 -g -DNDEBUG -I../SAI/inc -I../SAI/experimental -I../SAI/meta -I../lib -I../vslib -std=c++14  -pg    -g -O0  -fno-omit-frame-pointer -fno-inline -c -o libSyncd_prof_a-syncd_main.o `test -f 'syncd_main.cpp' || echo './'`syncd_main.cpp
rm -f libSyncd_prof.a
ar cru libSyncd_prof.a libSyncd_prof_a-AsicOperation.o libSyncd_prof_a-AsicView.o libSyncd_prof_a-AttrVersionChecker.o libSyncd_prof_a-BestCandidateFinder.o libSyncd_prof_a-BreakConfig.o libSyncd_prof_a-BreakConfigParser.o libSyncd_prof_a-CommandLineOptions.o libSyncd_prof_a-CommandLineOptionsParser.o libSyncd_prof_a-ComparisonLogic.o libSyncd_prof_a-FlexCounter.o libSyncd_prof_a-FlexCounterManager.o libSyncd_prof_a-GlobalSwitchId.o libSyncd_prof_a-HardReiniter.o libSyncd_prof_a-MdioIpcServer.o libSyncd_prof_a-MetadataLogger.o libSyncd_prof_a-NotificationHandler.o libSyncd_prof_a-NotificationProcessor.o libSyncd_prof_a-NotificationQueue.o libSyncd_prof_a-PortMap.o libSyncd_prof_a-PortMapParser.o libSyncd_prof_a-PortStateChangeHandler.o libSyncd_prof_a-RedisClient.o libSyncd_prof_a-RedisNotificationProducer.o libSyncd_prof_a-RequestShutdownCommandLineOptions.o libSyncd_prof_a-SaiAttr.o libSyncd_prof_a-SaiDiscovery.o libSyncd_prof_a-SaiObj.o libSyncd_prof_a-SaiSwitch.o libSyncd_prof_a-SaiSwitchInterface.o libSyncd_prof_a-ServiceMethodTable.o libSyncd_prof_a-SingleReiniter.o libSyncd_prof_a-SwitchNotifications.o libSyncd_prof_a-Syncd.o libSyncd_prof_a-TimerWatchdog.o libSyncd_prof_a-VendorSai.o libSyncd_prof_a-VidManager.o libSyncd_prof_a-VidManager.o libSyncd_prof_a-VirtualOidTranslator.o libSyncd_prof_a-WarmRestartTable.o libSyncd_prof_a-WatchdogScope.o libSyncd_prof_a-Workaround.o libSyncd_prof_a-ZeroMQNotificationProducer.o libSyncd_prof_a-syncd_main.o 
ar: `u' modifier ignored since `D' is the default (see `U')
ranlib libSyncd_prof.a
/bin/bash ../libtool  --tag=CXX   --mode=link g++ -g -DNDEBUG -I../SAI/inc -I../SAI/experimental -I../SAI/meta -I../lib -I../vslib -std=c++14 -Wall   -pg  -g -O0  -fno-omit-frame-pointer -fno-inline  -rdynamic -pg  -Wl,-z,relro -Wl,-z,now -o syncd_prof syncd_prof-main.o  libSyncd_prof.a ../lib/libSaiRedis.a -L../meta/.libs -lsaimetadata -lsaimeta -ldl -lhiredis -lswsscommon -lsai -lpthread -lzmq    
libtool: link: g++ -g -DNDEBUG -I../SAI/inc -I../SAI/experimental -I../SAI/meta -I../lib -I../vslib -std=c++14 -Wall -pg -g -O0 -fno-omit-frame-pointer -fno-inline -rdynamic -pg -Wl,-z -Wl,relro -Wl,-z -Wl,now -o .libs/syncd_prof syncd_prof-main.o  libSyncd_prof.a ../lib/libSaiRedis.a -L../meta/.libs /sonic/src/sonic-sairedis/meta/.libs/libsaimetadata.so /sonic/src/sonic-sairedis/meta/.libs/libsaimeta.so -ldl -lhiredis -lswsscommon -lsai -lpthread -lzmq
g++ -DHAVE_CONFIG_H -I. -I..   -Wno-format-truncation -Wdate-time -D_FORTIFY_SOURCE=2 -g -DNDEBUG -I../SAI/inc -I../SAI/experimental -I../SAI/meta -I../lib -I../vslib -fPIC -ansi -pipe -std=c++14 -Wall -Wcast-align -Wcast-qual -Wconversion -Wdisabled-optimization -Werror -Wextra -Wfloat-equal -Wformat=2 -Wformat-nonliteral -Wformat-security -Wformat-y2k -Wimport -Winit-self -Wno-inline -Winvalid-pch -Wmissing-field-initializers -Wmissing-format-attribute -Wmissing-include-dirs -Wno-aggregate-return -Wno-padded -Wno-switch-enum -Wno-unused-parameter -Wno-unused-variable -Wpacked -Wpointer-arith -Wredundant-decls -Wshadow -Wstack-protector -Wstrict-aliasing=3 -Wswitch -Wswitch-default -Wunreachable-code -Wunused -Wvariadic-macros -Wwrite-strings -Wno-switch-default -Wconversion -Wno-psabi -Wcast-align=strict  -g -O0  -fno-omit-frame-pointer -fno-inline -c -o libMdioIpcClient_a-MdioIpcClient.o `test -f 'MdioIpcClient.cpp' || echo './'`MdioIpcClient.cpp
rm -f libMdioIpcClient.a
ar cru libMdioIpcClient.a libMdioIpcClient_a-MdioIpcClient.o 
ar: `u' modifier ignored since `D' is the default (see `U')
ranlib libMdioIpcClient.a
/bin/bash ../libtool  --tag=CXX   --mode=compile g++ -DHAVE_CONFIG_H -I. -I..   -Wno-format-truncation -Wdate-time -D_FORTIFY_SOURCE=2 -g -DNDEBUG -I../SAI/inc -I../SAI/experimental -I../SAI/meta -I../lib -I../vslib -fPIC -ansi -pipe -std=c++14 -Wall -Wcast-align -Wcast-qual -Wconversion -Wdisabled-optimization -Werror -Wextra -Wfloat-equal -Wformat=2 -Wformat-nonliteral -Wformat-security -Wformat-y2k -Wimport -Winit-self -Wno-inline -Winvalid-pch -Wmissing-field-initializers -Wmissing-format-attribute -Wmissing-include-dirs -Wno-aggregate-return -Wno-padded -Wno-switch-enum -Wno-unused-parameter -Wno-unused-variable -Wpacked -Wpointer-arith -Wredundant-decls -Wshadow -Wstack-protector -Wstrict-aliasing=3 -Wswitch -Wswitch-default -Wunreachable-code -Wunused -Wvariadic-macros -Wwrite-strings -Wno-switch-default -Wconversion -Wno-psabi -Wcast-align=strict  -g -O0  -fno-omit-frame-pointer -fno-inline -c -o libMdioIpcClient_la-MdioIpcClient.lo `test -f 'MdioIpcClient.cpp' || echo './'`MdioIpcClient.cpp
libtool: compile:  g++ -DHAVE_CONFIG_H -I. -I.. -Wno-format-truncation -Wdate-time -D_FORTIFY_SOURCE=2 -g -DNDEBUG -I../SAI/inc -I../SAI/experimental -I../SAI/meta -I../lib -I../vslib -fPIC -ansi -pipe -std=c++14 -Wall -Wcast-align -Wcast-qual -Wconversion -Wdisabled-optimization -Werror -Wextra -Wfloat-equal -Wformat=2 -Wformat-nonliteral -Wformat-security -Wformat-y2k -Wimport -Winit-self -Wno-inline -Winvalid-pch -Wmissing-field-initializers -Wmissing-format-attribute -Wmissing-include-dirs -Wno-aggregate-return -Wno-padded -Wno-switch-enum -Wno-unused-parameter -Wno-unused-variable -Wpacked -Wpointer-arith -Wredundant-decls -Wshadow -Wstack-protector -Wstrict-aliasing=3 -Wswitch -Wswitch-default -Wunreachable-code -Wunused -Wvariadic-macros -Wwrite-strings -Wno-switch-default -Wconversion -Wno-psabi -Wcast-align=strict -g -O0 -fno-omit-frame-pointer -fno-inline -c MdioIpcClient.cpp  -fPIC -DPIC -o .libs/libMdioIpcClient_la-MdioIpcClient.o
/bin/bash ../libtool  --tag=CXX   --mode=link g++ -g -DNDEBUG -I../SAI/inc -I../SAI/experimental -I../SAI/meta -I../lib -I../vslib -fPIC -ansi -pipe -std=c++14 -Wall -Wcast-align -Wcast-qual -Wconversion -Wdisabled-optimization -Werror -Wextra -Wfloat-equal -Wformat=2 -Wformat-nonliteral -Wformat-security -Wformat-y2k -Wimport -Winit-self -Wno-inline -Winvalid-pch -Wmissing-field-initializers -Wmissing-format-attribute -Wmissing-include-dirs -Wno-aggregate-return -Wno-padded -Wno-switch-enum -Wno-unused-parameter -Wno-unused-variable -Wpacked -Wpointer-arith -Wredundant-decls -Wshadow -Wstack-protector -Wstrict-aliasing=3 -Wswitch -Wswitch-default -Wunreachable-code -Wunused -Wvariadic-macros -Wwrite-strings -Wno-switch-default -Wconversion -Wno-psabi -Wcast-align=strict  -g -O0  -fno-omit-frame-pointer -fno-inline  -Wl,-z,relro -Wl,-z,now -o libMdioIpcClient.la -rpath /usr/lib/x86_64-linux-gnu libMdioIpcClient_la-MdioIpcClient.lo -lswsscommon  
libtool: link: g++  -fPIC -DPIC -shared -nostdlib /usr/lib/gcc/x86_64-linux-gnu/12/../../../x86_64-linux-gnu/crti.o /usr/lib/gcc/x86_64-linux-gnu/12/crtbeginS.o  .libs/libMdioIpcClient_la-MdioIpcClient.o   -lswsscommon -L/usr/lib/gcc/x86_64-linux-gnu/12 -L/usr/lib/gcc/x86_64-linux-gnu/12/../../../x86_64-linux-gnu -L/usr/lib/gcc/x86_64-linux-gnu/12/../../../../lib -L/lib/x86_64-linux-gnu -L/lib/../lib -L/usr/lib/x86_64-linux-gnu -L/usr/lib/../lib -L/usr/lib/gcc/x86_64-linux-gnu/12/../../.. -lstdc++ -lm -lc -lgcc_s /usr/lib/gcc/x86_64-linux-gnu/12/crtendS.o /usr/lib/gcc/x86_64-linux-gnu/12/../../../x86_64-linux-gnu/crtn.o  -g -g -O0 -Wl,-z -Wl,relro -Wl,-z -Wl,now   -Wl,-soname -Wl,libMdioIpcClient.so.0 -o .libs/libMdioIpcClient.so.0.0.0
libtool: link: (cd ".libs" && rm -f "libMdioIpcClient.so.0" && ln -s "libMdioIpcClient.so.0.0.0" "libMdioIpcClient.so.0")
libtool: link: (cd ".libs" && rm -f "libMdioIpcClient.so" && ln -s "libMdioIpcClient.so.0.0.0" "libMdioIpcClient.so")
libtool: link: ( cd ".libs" && rm -f "libMdioIpcClient.la" && ln -s "../libMdioIpcClient.la" "libMdioIpcClient.la" )
make[3]: Leaving directory '/sonic/src/sonic-sairedis/syncd'
Making all in tests
make[3]: Entering directory '/sonic/src/sonic-sairedis/syncd/tests'
g++ -DHAVE_CONFIG_H -I. -I../..   -Wdate-time -D_FORTIFY_SOURCE=2 -g -DNDEBUG -I../../SAI/inc -I../../SAI/experimental -I../../SAI/meta -I../../syncd -I../../lib -I../../vslib -fPIC -ansi -pipe -std=c++14 -Wall -Wcast-align -Wcast-qual -Wconversion -Wdisabled-optimization -Werror -Wextra -Wfloat-equal -Wformat=2 -Wformat-nonliteral -Wformat-security -Wformat-y2k -Wimport -Winit-self -Wno-inline -Winvalid-pch -Wmissing-field-initializers -Wmissing-format-attribute -Wmissing-include-dirs -Wno-aggregate-return -Wno-padded -Wno-switch-enum -Wno-unused-parameter -Wno-unused-variable -Wpacked -Wpointer-arith -Wredundant-decls -Wshadow -Wstack-protector -Wstrict-aliasing=3 -Wswitch -Wswitch-default -Wunreachable-code -Wunused -Wvariadic-macros -Wwrite-strings -Wno-switch-default -Wconversion -Wno-psabi -Wcast-align=strict -g -O0  -fno-omit-frame-pointer -fno-inline -c -o tests-main.o `test -f 'main.cpp' || echo './'`main.cpp
g++ -DHAVE_CONFIG_H -I. -I../..   -Wdate-time -D_FORTIFY_SOURCE=2 -g -DNDEBUG -I../../SAI/inc -I../../SAI/experimental -I../../SAI/meta -I../../syncd -I../../lib -I../../vslib -fPIC -ansi -pipe -std=c++14 -Wall -Wcast-align -Wcast-qual -Wconversion -Wdisabled-optimization -Werror -Wextra -Wfloat-equal -Wformat=2 -Wformat-nonliteral -Wformat-security -Wformat-y2k -Wimport -Winit-self -Wno-inline -Winvalid-pch -Wmissing-field-initializers -Wmissing-format-attribute -Wmissing-include-dirs -Wno-aggregate-return -Wno-padded -Wno-switch-enum -Wno-unused-parameter -Wno-unused-variable -Wpacked -Wpointer-arith -Wredundant-decls -Wshadow -Wstack-protector -Wstrict-aliasing=3 -Wswitch -Wswitch-default -Wunreachable-code -Wunused -Wvariadic-macros -Wwrite-strings -Wno-switch-default -Wconversion -Wno-psabi -Wcast-align=strict -g -O0  -fno-omit-frame-pointer -fno-inline -c -o tests-TestSyncdBrcm.o `test -f 'TestSyncdBrcm.cpp' || echo './'`TestSyncdBrcm.cpp
g++ -DHAVE_CONFIG_H -I. -I../..   -Wdate-time -D_FORTIFY_SOURCE=2 -g -DNDEBUG -I../../SAI/inc -I../../SAI/experimental -I../../SAI/meta -I../../syncd -I../../lib -I../../vslib -fPIC -ansi -pipe -std=c++14 -Wall -Wcast-align -Wcast-qual -Wconversion -Wdisabled-optimization -Werror -Wextra -Wfloat-equal -Wformat=2 -Wformat-nonliteral -Wformat-security -Wformat-y2k -Wimport -Winit-self -Wno-inline -Winvalid-pch -Wmissing-field-initializers -Wmissing-format-attribute -Wmissing-include-dirs -Wno-aggregate-return -Wno-padded -Wno-switch-enum -Wno-unused-parameter -Wno-unused-variable -Wpacked -Wpointer-arith -Wredundant-decls -Wshadow -Wstack-protector -Wstrict-aliasing=3 -Wswitch -Wswitch-default -Wunreachable-code -Wunused -Wvariadic-macros -Wwrite-strings -Wno-switch-default -Wconversion -Wno-psabi -Wcast-align=strict -g -O0  -fno-omit-frame-pointer -fno-inline -c -o tests-TestSyncdMlnx.o `test -f 'TestSyncdMlnx.cpp' || echo './'`TestSyncdMlnx.cpp
g++ -DHAVE_CONFIG_H -I. -I../..   -Wdate-time -D_FORTIFY_SOURCE=2 -g -DNDEBUG -I../../SAI/inc -I../../SAI/experimental -I../../SAI/meta -I../../syncd -I../../lib -I../../vslib -fPIC -ansi -pipe -std=c++14 -Wall -Wcast-align -Wcast-qual -Wconversion -Wdisabled-optimization -Werror -Wextra -Wfloat-equal -Wformat=2 -Wformat-nonliteral -Wformat-security -Wformat-y2k -Wimport -Winit-self -Wno-inline -Winvalid-pch -Wmissing-field-initializers -Wmissing-format-attribute -Wmissing-include-dirs -Wno-aggregate-return -Wno-padded -Wno-switch-enum -Wno-unused-parameter -Wno-unused-variable -Wpacked -Wpointer-arith -Wredundant-decls -Wshadow -Wstack-protector -Wstrict-aliasing=3 -Wswitch -Wswitch-default -Wunreachable-code -Wunused -Wvariadic-macros -Wwrite-strings -Wno-switch-default -Wconversion -Wno-psabi -Wcast-align=strict -g -O0  -fno-omit-frame-pointer -fno-inline -c -o tests-TestSyncdNvdaBf.o `test -f 'TestSyncdNvdaBf.cpp' || echo './'`TestSyncdNvdaBf.cpp
g++ -DHAVE_CONFIG_H -I. -I../..   -Wdate-time -D_FORTIFY_SOURCE=2 -g -DNDEBUG -I../../SAI/inc -I../../SAI/experimental -I../../SAI/meta -I../../syncd -I../../lib -I../../vslib -fPIC -ansi -pipe -std=c++14 -Wall -Wcast-align -Wcast-qual -Wconversion -Wdisabled-optimization -Werror -Wextra -Wfloat-equal -Wformat=2 -Wformat-nonliteral -Wformat-security -Wformat-y2k -Wimport -Winit-self -Wno-inline -Winvalid-pch -Wmissing-field-initializers -Wmissing-format-attribute -Wmissing-include-dirs -Wno-aggregate-return -Wno-padded -Wno-switch-enum -Wno-unused-parameter -Wno-unused-variable -Wpacked -Wpointer-arith -Wredundant-decls -Wshadow -Wstack-protector -Wstrict-aliasing=3 -Wswitch -Wswitch-default -Wunreachable-code -Wunused -Wvariadic-macros -Wwrite-strings -Wno-switch-default -Wconversion -Wno-psabi -Wcast-align=strict -g -O0  -fno-omit-frame-pointer -fno-inline -c -o tests-TestSyncdLib.o `test -f 'TestSyncdLib.cpp' || echo './'`TestSyncdLib.cpp
/bin/bash ../../libtool  --tag=CXX   --mode=link g++ -g -DNDEBUG -I../../SAI/inc -I../../SAI/experimental -I../../SAI/meta -I../../syncd -I../../lib -I../../vslib -fPIC -ansi -pipe -std=c++14 -Wall -Wcast-align -Wcast-qual -Wconversion -Wdisabled-optimization -Werror -Wextra -Wfloat-equal -Wformat=2 -Wformat-nonliteral -Wformat-security -Wformat-y2k -Wimport -Winit-self -Wno-inline -Winvalid-pch -Wmissing-field-initializers -Wmissing-format-attribute -Wmissing-include-dirs -Wno-aggregate-return -Wno-padded -Wno-switch-enum -Wno-unused-parameter -Wno-unused-variable -Wpacked -Wpointer-arith -Wredundant-decls -Wshadow -Wstack-protector -Wstrict-aliasing=3 -Wswitch -Wswitch-default -Wunreachable-code -Wunused -Wvariadic-macros -Wwrite-strings -Wno-switch-default -Wconversion -Wno-psabi -Wcast-align=strict -g -O0  -fno-omit-frame-pointer -fno-inline  -Wl,-z,relro -Wl,-z,now -o tests tests-main.o tests-TestSyncdBrcm.o tests-TestSyncdMlnx.o tests-TestSyncdNvdaBf.o tests-TestSyncdLib.o ../../syncd/libSyncd.a ../../lib/libSaiRedis.a ../../syncd/libSyncdRequestShutdown.a -L../../meta/.libs -lsaimetadata -lsaimeta -L../../vslib/.libs -lsaivs -lhiredis -lswsscommon -lpthread -lzmq -L/usr/src/gtest -lgtest -lgtest_main   
libtool: link: g++ -g -DNDEBUG -I../../SAI/inc -I../../SAI/experimental -I../../SAI/meta -I../../syncd -I../../lib -I../../vslib -fPIC -ansi -pipe -std=c++14 -Wall -Wcast-align -Wcast-qual -Wconversion -Wdisabled-optimization -Werror -Wextra -Wfloat-equal -Wformat=2 -Wformat-nonliteral -Wformat-security -Wformat-y2k -Wimport -Winit-self -Wno-inline -Winvalid-pch -Wmissing-field-initializers -Wmissing-format-attribute -Wmissing-include-dirs -Wno-aggregate-return -Wno-padded -Wno-switch-enum -Wno-unused-parameter -Wno-unused-variable -Wpacked -Wpointer-arith -Wredundant-decls -Wshadow -Wstack-protector -Wstrict-aliasing=3 -Wswitch -Wswitch-default -Wunreachable-code -Wunused -Wvariadic-macros -Wwrite-strings -Wno-switch-default -Wconversion -Wno-psabi -Wcast-align=strict -g -O0 -fno-omit-frame-pointer -fno-inline -Wl,-z -Wl,relro -Wl,-z -Wl,now -o .libs/tests tests-main.o tests-TestSyncdBrcm.o tests-TestSyncdMlnx.o tests-TestSyncdNvdaBf.o tests-TestSyncdLib.o  ../../syncd/libSyncd.a ../../lib/libSaiRedis.a ../../syncd/libSyncdRequestShutdown.a -L../../meta/.libs /sonic/src/sonic-sairedis/meta/.libs/libsaimetadata.so /sonic/src/sonic-sairedis/meta/.libs/libsaimeta.so -L../../vslib/.libs /sonic/src/sonic-sairedis/vslib/.libs/libsaivs.so -lhiredis -lswsscommon -lpthread -lzmq -L/usr/src/gtest -lgtest -lgtest_main
make[3]: Leaving directory '/sonic/src/sonic-sairedis/syncd/tests'
make[2]: Leaving directory '/sonic/src/sonic-sairedis/syncd'
Making all in saiplayer
make[2]: Entering directory '/sonic/src/sonic-sairedis/saiplayer'
g++ -DHAVE_CONFIG_H -I. -I..   -Wdate-time -D_FORTIFY_SOURCE=2 -g -DNDEBUG -I../SAI/inc -I../SAI/experimental -I../SAI/meta -I../lib -fPIC -ansi -pipe -std=c++14 -Wall -Wcast-align -Wcast-qual -Wconversion -Wdisabled-optimization -Werror -Wextra -Wfloat-equal -Wformat=2 -Wformat-nonliteral -Wformat-security -Wformat-y2k -Wimport -Winit-self -Wno-inline -Winvalid-pch -Wmissing-field-initializers -Wmissing-format-attribute -Wmissing-include-dirs -Wno-aggregate-return -Wno-padded -Wno-switch-enum -Wno-unused-parameter -Wno-unused-variable -Wpacked -Wpointer-arith -Wredundant-decls -Wshadow -Wstack-protector -Wstrict-aliasing=3 -Wswitch -Wswitch-default -Wunreachable-code -Wunused -Wvariadic-macros -Wwrite-strings -Wno-switch-default -Wconversion -Wno-psabi -Wcast-align=strict  -g -O0  -fno-omit-frame-pointer -fno-inline -c -o saiplayer-saiplayer_main.o `test -f 'saiplayer_main.cpp' || echo './'`saiplayer_main.cpp
g++ -DHAVE_CONFIG_H -I. -I..   -Wdate-time -D_FORTIFY_SOURCE=2 -g -DNDEBUG -I../SAI/inc -I../SAI/experimental -I../SAI/meta -I../lib -fPIC -ansi -pipe -std=c++14 -Wall -Wcast-align -Wcast-qual -Wconversion -Wdisabled-optimization -Werror -Wextra -Wfloat-equal -Wformat=2 -Wformat-nonliteral -Wformat-security -Wformat-y2k -Wimport -Winit-self -Wno-inline -Winvalid-pch -Wmissing-field-initializers -Wmissing-format-attribute -Wmissing-include-dirs -Wno-aggregate-return -Wno-padded -Wno-switch-enum -Wno-unused-parameter -Wno-unused-variable -Wpacked -Wpointer-arith -Wredundant-decls -Wshadow -Wstack-protector -Wstrict-aliasing=3 -Wswitch -Wswitch-default -Wunreachable-code -Wunused -Wvariadic-macros -Wwrite-strings -Wno-switch-default -Wconversion -Wno-psabi -Wcast-align=strict  -g -O0  -fno-omit-frame-pointer -fno-inline -c -o libSaiPlayer_a-CommandLineOptions.o `test -f 'CommandLineOptions.cpp' || echo './'`CommandLineOptions.cpp
g++ -DHAVE_CONFIG_H -I. -I..   -Wdate-time -D_FORTIFY_SOURCE=2 -g -DNDEBUG -I../SAI/inc -I../SAI/experimental -I../SAI/meta -I../lib -fPIC -ansi -pipe -std=c++14 -Wall -Wcast-align -Wcast-qual -Wconversion -Wdisabled-optimization -Werror -Wextra -Wfloat-equal -Wformat=2 -Wformat-nonliteral -Wformat-security -Wformat-y2k -Wimport -Winit-self -Wno-inline -Winvalid-pch -Wmissing-field-initializers -Wmissing-format-attribute -Wmissing-include-dirs -Wno-aggregate-return -Wno-padded -Wno-switch-enum -Wno-unused-parameter -Wno-unused-variable -Wpacked -Wpointer-arith -Wredundant-decls -Wshadow -Wstack-protector -Wstrict-aliasing=3 -Wswitch -Wswitch-default -Wunreachable-code -Wunused -Wvariadic-macros -Wwrite-strings -Wno-switch-default -Wconversion -Wno-psabi -Wcast-align=strict  -g -O0  -fno-omit-frame-pointer -fno-inline -c -o libSaiPlayer_a-CommandLineOptionsParser.o `test -f 'CommandLineOptionsParser.cpp' || echo './'`CommandLineOptionsParser.cpp
g++ -DHAVE_CONFIG_H -I. -I..   -Wdate-time -D_FORTIFY_SOURCE=2 -g -DNDEBUG -I../SAI/inc -I../SAI/experimental -I../SAI/meta -I../lib -fPIC -ansi -pipe -std=c++14 -Wall -Wcast-align -Wcast-qual -Wconversion -Wdisabled-optimization -Werror -Wextra -Wfloat-equal -Wformat=2 -Wformat-nonliteral -Wformat-security -Wformat-y2k -Wimport -Winit-self -Wno-inline -Winvalid-pch -Wmissing-field-initializers -Wmissing-format-attribute -Wmissing-include-dirs -Wno-aggregate-return -Wno-padded -Wno-switch-enum -Wno-unused-parameter -Wno-unused-variable -Wpacked -Wpointer-arith -Wredundant-decls -Wshadow -Wstack-protector -Wstrict-aliasing=3 -Wswitch -Wswitch-default -Wunreachable-code -Wunused -Wvariadic-macros -Wwrite-strings -Wno-switch-default -Wconversion -Wno-psabi -Wcast-align=strict  -g -O0  -fno-omit-frame-pointer -fno-inline -c -o libSaiPlayer_a-SaiPlayer.o `test -f 'SaiPlayer.cpp' || echo './'`SaiPlayer.cpp
rm -f libSaiPlayer.a
ar cru libSaiPlayer.a libSaiPlayer_a-CommandLineOptions.o libSaiPlayer_a-CommandLineOptionsParser.o libSaiPlayer_a-SaiPlayer.o 
ar: `u' modifier ignored since `D' is the default (see `U')
ranlib libSaiPlayer.a
/bin/bash ../libtool  --tag=CXX   --mode=link g++ -g -DNDEBUG -I../SAI/inc -I../SAI/experimental -I../SAI/meta -I../lib -fPIC -ansi -pipe -std=c++14 -Wall -Wcast-align -Wcast-qual -Wconversion -Wdisabled-optimization -Werror -Wextra -Wfloat-equal -Wformat=2 -Wformat-nonliteral -Wformat-security -Wformat-y2k -Wimport -Winit-self -Wno-inline -Winvalid-pch -Wmissing-field-initializers -Wmissing-format-attribute -Wmissing-include-dirs -Wno-aggregate-return -Wno-padded -Wno-switch-enum -Wno-unused-parameter -Wno-unused-variable -Wpacked -Wpointer-arith -Wredundant-decls -Wshadow -Wstack-protector -Wstrict-aliasing=3 -Wswitch -Wswitch-default -Wunreachable-code -Wunused -Wvariadic-macros -Wwrite-strings -Wno-switch-default -Wconversion -Wno-psabi -Wcast-align=strict  -g -O0  -fno-omit-frame-pointer -fno-inline  -Wl,-z,relro -Wl,-z,now -o saiplayer saiplayer-saiplayer_main.o libSaiPlayer.a ../syncd/libSyncd.a ../lib/libSaiRedis.a -lhiredis -lswsscommon -lpthread -L../meta/.libs -lsaimetadata -lsaimeta -lzmq  
libtool: link: g++ -g -DNDEBUG -I../SAI/inc -I../SAI/experimental -I../SAI/meta -I../lib -fPIC -ansi -pipe -std=c++14 -Wall -Wcast-align -Wcast-qual -Wconversion -Wdisabled-optimization -Werror -Wextra -Wfloat-equal -Wformat=2 -Wformat-nonliteral -Wformat-security -Wformat-y2k -Wimport -Winit-self -Wno-inline -Winvalid-pch -Wmissing-field-initializers -Wmissing-format-attribute -Wmissing-include-dirs -Wno-aggregate-return -Wno-padded -Wno-switch-enum -Wno-unused-parameter -Wno-unused-variable -Wpacked -Wpointer-arith -Wredundant-decls -Wshadow -Wstack-protector -Wstrict-aliasing=3 -Wswitch -Wswitch-default -Wunreachable-code -Wunused -Wvariadic-macros -Wwrite-strings -Wno-switch-default -Wconversion -Wno-psabi -Wcast-align=strict -g -O0 -fno-omit-frame-pointer -fno-inline -Wl,-z -Wl,relro -Wl,-z -Wl,now -o .libs/saiplayer saiplayer-saiplayer_main.o  libSaiPlayer.a ../syncd/libSyncd.a ../lib/libSaiRedis.a -lhiredis -lswsscommon -lpthread -L../meta/.libs /sonic/src/sonic-sairedis/meta/.libs/libsaimetadata.so /sonic/src/sonic-sairedis/meta/.libs/libsaimeta.so -lzmq
make[2]: Leaving directory '/sonic/src/sonic-sairedis/saiplayer'
Making all in saidump
make[2]: Entering directory '/sonic/src/sonic-sairedis/saidump'
g++ -DHAVE_CONFIG_H -I. -I..   -Wdate-time -D_FORTIFY_SOURCE=2 -g -DNDEBUG -I../SAI/inc -I../SAI/experimental -I../SAI/meta -I../lib -fPIC -ansi -pipe -std=c++14 -Wall -Wcast-align -Wcast-qual -Wconversion -Wdisabled-optimization -Werror -Wextra -Wfloat-equal -Wformat=2 -Wformat-nonliteral -Wformat-security -Wformat-y2k -Wimport -Winit-self -Wno-inline -Winvalid-pch -Wmissing-field-initializers -Wmissing-format-attribute -Wmissing-include-dirs -Wno-aggregate-return -Wno-padded -Wno-switch-enum -Wno-unused-parameter -Wno-unused-variable -Wpacked -Wpointer-arith -Wredundant-decls -Wshadow -Wstack-protector -Wstrict-aliasing=3 -Wswitch -Wswitch-default -Wunreachable-code -Wunused -Wvariadic-macros -Wwrite-strings -Wno-switch-default -Wconversion -Wno-psabi -Wcast-align=strict  -g -O0  -fno-omit-frame-pointer -fno-inline -c -o saidump-main.o `test -f 'main.cpp' || echo './'`main.cpp
g++ -DHAVE_CONFIG_H -I. -I..   -Wdate-time -D_FORTIFY_SOURCE=2 -g -DNDEBUG -I../SAI/inc -I../SAI/experimental -I../SAI/meta -I../lib -fPIC -ansi -pipe -std=c++14 -Wall -Wcast-align -Wcast-qual -Wconversion -Wdisabled-optimization -Werror -Wextra -Wfloat-equal -Wformat=2 -Wformat-nonliteral -Wformat-security -Wformat-y2k -Wimport -Winit-self -Wno-inline -Winvalid-pch -Wmissing-field-initializers -Wmissing-format-attribute -Wmissing-include-dirs -Wno-aggregate-return -Wno-padded -Wno-switch-enum -Wno-unused-parameter -Wno-unused-variable -Wpacked -Wpointer-arith -Wredundant-decls -Wshadow -Wstack-protector -Wstrict-aliasing=3 -Wswitch -Wswitch-default -Wunreachable-code -Wunused -Wvariadic-macros -Wwrite-strings -Wno-switch-default -Wconversion -Wno-psabi -Wcast-align=strict  -g -O0  -fno-omit-frame-pointer -fno-inline -c -o saidump-SaiDump.o `test -f 'SaiDump.cpp' || echo './'`SaiDump.cpp
/bin/bash ../libtool  --tag=CXX   --mode=link g++ -g -DNDEBUG -I../SAI/inc -I../SAI/experimental -I../SAI/meta -I../lib -fPIC -ansi -pipe -std=c++14 -Wall -Wcast-align -Wcast-qual -Wconversion -Wdisabled-optimization -Werror -Wextra -Wfloat-equal -Wformat=2 -Wformat-nonliteral -Wformat-security -Wformat-y2k -Wimport -Winit-self -Wno-inline -Winvalid-pch -Wmissing-field-initializers -Wmissing-format-attribute -Wmissing-include-dirs -Wno-aggregate-return -Wno-padded -Wno-switch-enum -Wno-unused-parameter -Wno-unused-variable -Wpacked -Wpointer-arith -Wredundant-decls -Wshadow -Wstack-protector -Wstrict-aliasing=3 -Wswitch -Wswitch-default -Wunreachable-code -Wunused -Wvariadic-macros -Wwrite-strings -Wno-switch-default -Wconversion -Wno-psabi -Wcast-align=strict  -g -O0  -fno-omit-frame-pointer -fno-inline  -Wl,-z,relro -Wl,-z,now -o saidump saidump-main.o saidump-SaiDump.o -lhiredis -lswsscommon -lpthread -L../meta/.libs -lsaimetadata -lsaimeta -L../lib/.libs -lsairedis -lzmq  
libtool: link: g++ -g -DNDEBUG -I../SAI/inc -I../SAI/experimental -I../SAI/meta -I../lib -fPIC -ansi -pipe -std=c++14 -Wall -Wcast-align -Wcast-qual -Wconversion -Wdisabled-optimization -Werror -Wextra -Wfloat-equal -Wformat=2 -Wformat-nonliteral -Wformat-security -Wformat-y2k -Wimport -Winit-self -Wno-inline -Winvalid-pch -Wmissing-field-initializers -Wmissing-format-attribute -Wmissing-include-dirs -Wno-aggregate-return -Wno-padded -Wno-switch-enum -Wno-unused-parameter -Wno-unused-variable -Wpacked -Wpointer-arith -Wredundant-decls -Wshadow -Wstack-protector -Wstrict-aliasing=3 -Wswitch -Wswitch-default -Wunreachable-code -Wunused -Wvariadic-macros -Wwrite-strings -Wno-switch-default -Wconversion -Wno-psabi -Wcast-align=strict -g -O0 -fno-omit-frame-pointer -fno-inline -Wl,-z -Wl,relro -Wl,-z -Wl,now -o .libs/saidump saidump-main.o saidump-SaiDump.o  -lhiredis -lswsscommon -lpthread -L../meta/.libs /sonic/src/sonic-sairedis/meta/.libs/libsaimetadata.so /sonic/src/sonic-sairedis/meta/.libs/libsaimeta.so -L../lib/.libs /sonic/src/sonic-sairedis/lib/.libs/libsairedis.so -lzmq
g++ -DHAVE_CONFIG_H -I. -I..   -Wdate-time -D_FORTIFY_SOURCE=2 -g -DNDEBUG -I../SAI/inc -I../SAI/experimental -I../SAI/meta -I../lib -fPIC -ansi -pipe -std=c++14 -Wall -Wcast-align -Wcast-qual -Wconversion -Wdisabled-optimization -Werror -Wextra -Wfloat-equal -Wformat=2 -Wformat-nonliteral -Wformat-security -Wformat-y2k -Wimport -Winit-self -Wno-inline -Winvalid-pch -Wmissing-field-initializers -Wmissing-format-attribute -Wmissing-include-dirs -Wno-aggregate-return -Wno-padded -Wno-switch-enum -Wno-unused-parameter -Wno-unused-variable -Wpacked -Wpointer-arith -Wredundant-decls -Wshadow -Wstack-protector -Wstrict-aliasing=3 -Wswitch -Wswitch-default -Wunreachable-code -Wunused -Wvariadic-macros -Wwrite-strings -Wno-switch-default -Wconversion -Wno-psabi -Wcast-align=strict  -g -O0  -fno-omit-frame-pointer -fno-inline -c -o libsaidump_a-SaiDump.o `test -f 'SaiDump.cpp' || echo './'`SaiDump.cpp
rm -f libsaidump.a
ar cru libsaidump.a libsaidump_a-SaiDump.o 
ar: `u' modifier ignored since `D' is the default (see `U')
ranlib libsaidump.a
make[2]: Leaving directory '/sonic/src/sonic-sairedis/saidump'
Making all in saidiscovery
make[2]: Entering directory '/sonic/src/sonic-sairedis/saidiscovery'
g++ -DHAVE_CONFIG_H -I. -I..   -Wdate-time -D_FORTIFY_SOURCE=2 -g -DNDEBUG -I../SAI/inc -I../SAI/experimental -I../SAI/meta -I../meta -I../lib -fPIC -ansi -pipe -std=c++14 -Wall -Wcast-align -Wcast-qual -Wconversion -Wdisabled-optimization -Werror -Wextra -Wfloat-equal -Wformat=2 -Wformat-nonliteral -Wformat-security -Wformat-y2k -Wimport -Winit-self -Wno-inline -Winvalid-pch -Wmissing-field-initializers -Wmissing-format-attribute -Wmissing-include-dirs -Wno-aggregate-return -Wno-padded -Wno-switch-enum -Wno-unused-parameter -Wno-unused-variable -Wpacked -Wpointer-arith -Wredundant-decls -Wshadow -Wstack-protector -Wstrict-aliasing=3 -Wswitch -Wswitch-default -Wunreachable-code -Wunused -Wvariadic-macros -Wwrite-strings -Wno-switch-default -Wconversion -Wno-psabi -Wcast-align=strict  -g -O0  -fno-omit-frame-pointer -fno-inline -c -o saidiscovery-saidiscovery.o `test -f 'saidiscovery.cpp' || echo './'`saidiscovery.cpp
/bin/bash ../libtool  --tag=CXX   --mode=link g++ -g -DNDEBUG -I../SAI/inc -I../SAI/experimental -I../SAI/meta -I../meta -I../lib -fPIC -ansi -pipe -std=c++14 -Wall -Wcast-align -Wcast-qual -Wconversion -Wdisabled-optimization -Werror -Wextra -Wfloat-equal -Wformat=2 -Wformat-nonliteral -Wformat-security -Wformat-y2k -Wimport -Winit-self -Wno-inline -Winvalid-pch -Wmissing-field-initializers -Wmissing-format-attribute -Wmissing-include-dirs -Wno-aggregate-return -Wno-padded -Wno-switch-enum -Wno-unused-parameter -Wno-unused-variable -Wpacked -Wpointer-arith -Wredundant-decls -Wshadow -Wstack-protector -Wstrict-aliasing=3 -Wswitch -Wswitch-default -Wunreachable-code -Wunused -Wvariadic-macros -Wwrite-strings -Wno-switch-default -Wconversion -Wno-psabi -Wcast-align=strict  -g -O0  -fno-omit-frame-pointer -fno-inline  -Wl,-z,relro -Wl,-z,now -o saidiscovery saidiscovery-saidiscovery.o -lhiredis -lswsscommon ../syncd/libSyncd.a -lsai -lpthread -L../meta/.libs -lsaimetadata -lsaimeta -lzmq   
libtool: link: g++ -g -DNDEBUG -I../SAI/inc -I../SAI/experimental -I../SAI/meta -I../meta -I../lib -fPIC -ansi -pipe -std=c++14 -Wall -Wcast-align -Wcast-qual -Wconversion -Wdisabled-optimization -Werror -Wextra -Wfloat-equal -Wformat=2 -Wformat-nonliteral -Wformat-security -Wformat-y2k -Wimport -Winit-self -Wno-inline -Winvalid-pch -Wmissing-field-initializers -Wmissing-format-attribute -Wmissing-include-dirs -Wno-aggregate-return -Wno-padded -Wno-switch-enum -Wno-unused-parameter -Wno-unused-variable -Wpacked -Wpointer-arith -Wredundant-decls -Wshadow -Wstack-protector -Wstrict-aliasing=3 -Wswitch -Wswitch-default -Wunreachable-code -Wunused -Wvariadic-macros -Wwrite-strings -Wno-switch-default -Wconversion -Wno-psabi -Wcast-align=strict -g -O0 -fno-omit-frame-pointer -fno-inline -Wl,-z -Wl,relro -Wl,-z -Wl,now -o .libs/saidiscovery saidiscovery-saidiscovery.o  -lhiredis -lswsscommon ../syncd/libSyncd.a -lsai -lpthread -L../meta/.libs /sonic/src/sonic-sairedis/meta/.libs/libsaimetadata.so /sonic/src/sonic-sairedis/meta/.libs/libsaimeta.so -lzmq
make[2]: Leaving directory '/sonic/src/sonic-sairedis/saidiscovery'
Making all in saisdkdump
make[2]: Entering directory '/sonic/src/sonic-sairedis/saisdkdump'
g++ -DHAVE_CONFIG_H -I. -I..   -Wdate-time -D_FORTIFY_SOURCE=2 -g -DNDEBUG -I../SAI/inc -I../SAI/experimental -I../SAI/meta -fPIC -ansi -pipe -std=c++14 -Wall -Wcast-align -Wcast-qual -Wconversion -Wdisabled-optimization -Werror -Wextra -Wfloat-equal -Wformat=2 -Wformat-nonliteral -Wformat-security -Wformat-y2k -Wimport -Winit-self -Wno-inline -Winvalid-pch -Wmissing-field-initializers -Wmissing-format-attribute -Wmissing-include-dirs -Wno-aggregate-return -Wno-padded -Wno-switch-enum -Wno-unused-parameter -Wno-unused-variable -Wpacked -Wpointer-arith -Wredundant-decls -Wshadow -Wstack-protector -Wstrict-aliasing=3 -Wswitch -Wswitch-default -Wunreachable-code -Wunused -Wvariadic-macros -Wwrite-strings -Wno-switch-default -Wconversion -Wno-psabi -Wcast-align=strict  -g -O0  -fno-omit-frame-pointer -fno-inline -c -o saisdkdump-saisdkdump.o `test -f 'saisdkdump.cpp' || echo './'`saisdkdump.cpp
/bin/bash ../libtool  --tag=CXX   --mode=link g++ -g -DNDEBUG -I../SAI/inc -I../SAI/experimental -I../SAI/meta -fPIC -ansi -pipe -std=c++14 -Wall -Wcast-align -Wcast-qual -Wconversion -Wdisabled-optimization -Werror -Wextra -Wfloat-equal -Wformat=2 -Wformat-nonliteral -Wformat-security -Wformat-y2k -Wimport -Winit-self -Wno-inline -Winvalid-pch -Wmissing-field-initializers -Wmissing-format-attribute -Wmissing-include-dirs -Wno-aggregate-return -Wno-padded -Wno-switch-enum -Wno-unused-parameter -Wno-unused-variable -Wpacked -Wpointer-arith -Wredundant-decls -Wshadow -Wstack-protector -Wstrict-aliasing=3 -Wswitch -Wswitch-default -Wunreachable-code -Wunused -Wvariadic-macros -Wwrite-strings -Wno-switch-default -Wconversion -Wno-psabi -Wcast-align=strict  -g -O0  -fno-omit-frame-pointer -fno-inline  -Wl,-z,relro -Wl,-z,now -o saisdkdump saisdkdump-saisdkdump.o -lhiredis -lswsscommon -lsai -lpthread -L../meta/.libs -lsaimetadata -lsaimeta -lzmq   
libtool: link: g++ -g -DNDEBUG -I../SAI/inc -I../SAI/experimental -I../SAI/meta -fPIC -ansi -pipe -std=c++14 -Wall -Wcast-align -Wcast-qual -Wconversion -Wdisabled-optimization -Werror -Wextra -Wfloat-equal -Wformat=2 -Wformat-nonliteral -Wformat-security -Wformat-y2k -Wimport -Winit-self -Wno-inline -Winvalid-pch -Wmissing-field-initializers -Wmissing-format-attribute -Wmissing-include-dirs -Wno-aggregate-return -Wno-padded -Wno-switch-enum -Wno-unused-parameter -Wno-unused-variable -Wpacked -Wpointer-arith -Wredundant-decls -Wshadow -Wstack-protector -Wstrict-aliasing=3 -Wswitch -Wswitch-default -Wunreachable-code -Wunused -Wvariadic-macros -Wwrite-strings -Wno-switch-default -Wconversion -Wno-psabi -Wcast-align=strict -g -O0 -fno-omit-frame-pointer -fno-inline -Wl,-z -Wl,relro -Wl,-z -Wl,now -o .libs/saisdkdump saisdkdump-saisdkdump.o  -lhiredis -lswsscommon -lsai -lpthread -L../meta/.libs /sonic/src/sonic-sairedis/meta/.libs/libsaimetadata.so /sonic/src/sonic-sairedis/meta/.libs/libsaimeta.so -lzmq
make[2]: Leaving directory '/sonic/src/sonic-sairedis/saisdkdump'
Making all in saiasiccmp
make[2]: Entering directory '/sonic/src/sonic-sairedis/saiasiccmp'
g++ -DHAVE_CONFIG_H -I. -I..   -Wdate-time -D_FORTIFY_SOURCE=2 -g -DNDEBUG -I../SAI/inc -I../SAI/experimental -I../SAI/meta -I../meta -I../lib -I../syncd -fPIC -ansi -pipe -std=c++14 -Wall -Wcast-align -Wcast-qual -Wconversion -Wdisabled-optimization -Werror -Wextra -Wfloat-equal -Wformat=2 -Wformat-nonliteral -Wformat-security -Wformat-y2k -Wimport -Winit-self -Wno-inline -Winvalid-pch -Wmissing-field-initializers -Wmissing-format-attribute -Wmissing-include-dirs -Wno-aggregate-return -Wno-padded -Wno-switch-enum -Wno-unused-parameter -Wno-unused-variable -Wpacked -Wpointer-arith -Wredundant-decls -Wshadow -Wstack-protector -Wstrict-aliasing=3 -Wswitch -Wswitch-default -Wunreachable-code -Wunused -Wvariadic-macros -Wwrite-strings -Wno-switch-default -Wconversion -Wno-psabi -Wcast-align=strict  -g -O0  -fno-omit-frame-pointer -fno-inline -c -o saiasiccmp-main.o `test -f 'main.cpp' || echo './'`main.cpp
g++ -DHAVE_CONFIG_H -I. -I..   -Wdate-time -D_FORTIFY_SOURCE=2 -g -DNDEBUG -I../SAI/inc -I../SAI/experimental -I../SAI/meta -I../meta -I../lib -I../syncd -fPIC -ansi -pipe -std=c++14 -Wall -Wcast-align -Wcast-qual -Wconversion -Wdisabled-optimization -Werror -Wextra -Wfloat-equal -Wformat=2 -Wformat-nonliteral -Wformat-security -Wformat-y2k -Wimport -Winit-self -Wno-inline -Winvalid-pch -Wmissing-field-initializers -Wmissing-format-attribute -Wmissing-include-dirs -Wno-aggregate-return -Wno-padded -Wno-switch-enum -Wno-unused-parameter -Wno-unused-variable -Wpacked -Wpointer-arith -Wredundant-decls -Wshadow -Wstack-protector -Wstrict-aliasing=3 -Wswitch -Wswitch-default -Wunreachable-code -Wunused -Wvariadic-macros -Wwrite-strings -Wno-switch-default -Wconversion -Wno-psabi -Wcast-align=strict  -g -O0  -fno-omit-frame-pointer -fno-inline -c -o libAsicCmp_a-AsicCmp.o `test -f 'AsicCmp.cpp' || echo './'`AsicCmp.cpp
g++ -DHAVE_CONFIG_H -I. -I..   -Wdate-time -D_FORTIFY_SOURCE=2 -g -DNDEBUG -I../SAI/inc -I../SAI/experimental -I../SAI/meta -I../meta -I../lib -I../syncd -fPIC -ansi -pipe -std=c++14 -Wall -Wcast-align -Wcast-qual -Wconversion -Wdisabled-optimization -Werror -Wextra -Wfloat-equal -Wformat=2 -Wformat-nonliteral -Wformat-security -Wformat-y2k -Wimport -Winit-self -Wno-inline -Winvalid-pch -Wmissing-field-initializers -Wmissing-format-attribute -Wmissing-include-dirs -Wno-aggregate-return -Wno-padded -Wno-switch-enum -Wno-unused-parameter -Wno-unused-variable -Wpacked -Wpointer-arith -Wredundant-decls -Wshadow -Wstack-protector -Wstrict-aliasing=3 -Wswitch -Wswitch-default -Wunreachable-code -Wunused -Wvariadic-macros -Wwrite-strings -Wno-switch-default -Wconversion -Wno-psabi -Wcast-align=strict  -g -O0  -fno-omit-frame-pointer -fno-inline -c -o libAsicCmp_a-CommandLineOptions.o `test -f 'CommandLineOptions.cpp' || echo './'`CommandLineOptions.cpp
g++ -DHAVE_CONFIG_H -I. -I..   -Wdate-time -D_FORTIFY_SOURCE=2 -g -DNDEBUG -I../SAI/inc -I../SAI/experimental -I../SAI/meta -I../meta -I../lib -I../syncd -fPIC -ansi -pipe -std=c++14 -Wall -Wcast-align -Wcast-qual -Wconversion -Wdisabled-optimization -Werror -Wextra -Wfloat-equal -Wformat=2 -Wformat-nonliteral -Wformat-security -Wformat-y2k -Wimport -Winit-self -Wno-inline -Winvalid-pch -Wmissing-field-initializers -Wmissing-format-attribute -Wmissing-include-dirs -Wno-aggregate-return -Wno-padded -Wno-switch-enum -Wno-unused-parameter -Wno-unused-variable -Wpacked -Wpointer-arith -Wredundant-decls -Wshadow -Wstack-protector -Wstrict-aliasing=3 -Wswitch -Wswitch-default -Wunreachable-code -Wunused -Wvariadic-macros -Wwrite-strings -Wno-switch-default -Wconversion -Wno-psabi -Wcast-align=strict  -g -O0  -fno-omit-frame-pointer -fno-inline -c -o libAsicCmp_a-CommandLineOptionsParser.o `test -f 'CommandLineOptionsParser.cpp' || echo './'`CommandLineOptionsParser.cpp
g++ -DHAVE_CONFIG_H -I. -I..   -Wdate-time -D_FORTIFY_SOURCE=2 -g -DNDEBUG -I../SAI/inc -I../SAI/experimental -I../SAI/meta -I../meta -I../lib -I../syncd -fPIC -ansi -pipe -std=c++14 -Wall -Wcast-align -Wcast-qual -Wconversion -Wdisabled-optimization -Werror -Wextra -Wfloat-equal -Wformat=2 -Wformat-nonliteral -Wformat-security -Wformat-y2k -Wimport -Winit-self -Wno-inline -Winvalid-pch -Wmissing-field-initializers -Wmissing-format-attribute -Wmissing-include-dirs -Wno-aggregate-return -Wno-padded -Wno-switch-enum -Wno-unused-parameter -Wno-unused-variable -Wpacked -Wpointer-arith -Wredundant-decls -Wshadow -Wstack-protector -Wstrict-aliasing=3 -Wswitch -Wswitch-default -Wunreachable-code -Wunused -Wvariadic-macros -Wwrite-strings -Wno-switch-default -Wconversion -Wno-psabi -Wcast-align=strict  -g -O0  -fno-omit-frame-pointer -fno-inline -c -o libAsicCmp_a-SaiSwitchAsic.o `test -f 'SaiSwitchAsic.cpp' || echo './'`SaiSwitchAsic.cpp
g++ -DHAVE_CONFIG_H -I. -I..   -Wdate-time -D_FORTIFY_SOURCE=2 -g -DNDEBUG -I../SAI/inc -I../SAI/experimental -I../SAI/meta -I../meta -I../lib -I../syncd -fPIC -ansi -pipe -std=c++14 -Wall -Wcast-align -Wcast-qual -Wconversion -Wdisabled-optimization -Werror -Wextra -Wfloat-equal -Wformat=2 -Wformat-nonliteral -Wformat-security -Wformat-y2k -Wimport -Winit-self -Wno-inline -Winvalid-pch -Wmissing-field-initializers -Wmissing-format-attribute -Wmissing-include-dirs -Wno-aggregate-return -Wno-padded -Wno-switch-enum -Wno-unused-parameter -Wno-unused-variable -Wpacked -Wpointer-arith -Wredundant-decls -Wshadow -Wstack-protector -Wstrict-aliasing=3 -Wswitch -Wswitch-default -Wunreachable-code -Wunused -Wvariadic-macros -Wwrite-strings -Wno-switch-default -Wconversion -Wno-psabi -Wcast-align=strict  -g -O0  -fno-omit-frame-pointer -fno-inline -c -o libAsicCmp_a-View.o `test -f 'View.cpp' || echo './'`View.cpp
g++ -DHAVE_CONFIG_H -I. -I..   -Wdate-time -D_FORTIFY_SOURCE=2 -g -DNDEBUG -I../SAI/inc -I../SAI/experimental -I../SAI/meta -I../meta -I../lib -I../syncd -fPIC -ansi -pipe -std=c++14 -Wall -Wcast-align -Wcast-qual -Wconversion -Wdisabled-optimization -Werror -Wextra -Wfloat-equal -Wformat=2 -Wformat-nonliteral -Wformat-security -Wformat-y2k -Wimport -Winit-self -Wno-inline -Winvalid-pch -Wmissing-field-initializers -Wmissing-format-attribute -Wmissing-include-dirs -Wno-aggregate-return -Wno-padded -Wno-switch-enum -Wno-unused-parameter -Wno-unused-variable -Wpacked -Wpointer-arith -Wredundant-decls -Wshadow -Wstack-protector -Wstrict-aliasing=3 -Wswitch -Wswitch-default -Wunreachable-code -Wunused -Wvariadic-macros -Wwrite-strings -Wno-switch-default -Wconversion -Wno-psabi -Wcast-align=strict  -g -O0  -fno-omit-frame-pointer -fno-inline -c -o libAsicCmp_a-ViewCmp.o `test -f 'ViewCmp.cpp' || echo './'`ViewCmp.cpp
rm -f libAsicCmp.a
ar cru libAsicCmp.a libAsicCmp_a-AsicCmp.o libAsicCmp_a-CommandLineOptions.o libAsicCmp_a-CommandLineOptionsParser.o libAsicCmp_a-SaiSwitchAsic.o libAsicCmp_a-View.o libAsicCmp_a-ViewCmp.o 
ar: `u' modifier ignored since `D' is the default (see `U')
ranlib libAsicCmp.a
/bin/bash ../libtool  --tag=CXX   --mode=link g++ -g -DNDEBUG -I../SAI/inc -I../SAI/experimental -I../SAI/meta -I../meta -I../lib -I../syncd -fPIC -ansi -pipe -std=c++14 -Wall -Wcast-align -Wcast-qual -Wconversion -Wdisabled-optimization -Werror -Wextra -Wfloat-equal -Wformat=2 -Wformat-nonliteral -Wformat-security -Wformat-y2k -Wimport -Winit-self -Wno-inline -Winvalid-pch -Wmissing-field-initializers -Wmissing-format-attribute -Wmissing-include-dirs -Wno-aggregate-return -Wno-padded -Wno-switch-enum -Wno-unused-parameter -Wno-unused-variable -Wpacked -Wpointer-arith -Wredundant-decls -Wshadow -Wstack-protector -Wstrict-aliasing=3 -Wswitch -Wswitch-default -Wunreachable-code -Wunused -Wvariadic-macros -Wwrite-strings -Wno-switch-default -Wconversion -Wno-psabi -Wcast-align=strict  -g -O0  -fno-omit-frame-pointer -fno-inline  -Wl,-z,relro -Wl,-z,now -o saiasiccmp saiasiccmp-main.o libAsicCmp.a -ldl -lpthread -L../meta/.libs -lsaimetadata -lsaimeta -lzmq ../syncd/libSyncd.a ../lib/libSaiRedis.a -lhiredis -lswsscommon  
libtool: link: g++ -g -DNDEBUG -I../SAI/inc -I../SAI/experimental -I../SAI/meta -I../meta -I../lib -I../syncd -fPIC -ansi -pipe -std=c++14 -Wall -Wcast-align -Wcast-qual -Wconversion -Wdisabled-optimization -Werror -Wextra -Wfloat-equal -Wformat=2 -Wformat-nonliteral -Wformat-security -Wformat-y2k -Wimport -Winit-self -Wno-inline -Winvalid-pch -Wmissing-field-initializers -Wmissing-format-attribute -Wmissing-include-dirs -Wno-aggregate-return -Wno-padded -Wno-switch-enum -Wno-unused-parameter -Wno-unused-variable -Wpacked -Wpointer-arith -Wredundant-decls -Wshadow -Wstack-protector -Wstrict-aliasing=3 -Wswitch -Wswitch-default -Wunreachable-code -Wunused -Wvariadic-macros -Wwrite-strings -Wno-switch-default -Wconversion -Wno-psabi -Wcast-align=strict -g -O0 -fno-omit-frame-pointer -fno-inline -Wl,-z -Wl,relro -Wl,-z -Wl,now -o .libs/saiasiccmp saiasiccmp-main.o  libAsicCmp.a -ldl -lpthread -L../meta/.libs /sonic/src/sonic-sairedis/meta/.libs/libsaimetadata.so /sonic/src/sonic-sairedis/meta/.libs/libsaimeta.so -lzmq ../syncd/libSyncd.a ../lib/libSaiRedis.a -lhiredis -lswsscommon
make[2]: Leaving directory '/sonic/src/sonic-sairedis/saiasiccmp'
Making all in tests
make[2]: Entering directory '/sonic/src/sonic-sairedis/tests'
g++ -DHAVE_CONFIG_H -I. -I..   -Wdate-time -D_FORTIFY_SOURCE=2 -g -DNDEBUG -I../SAI/inc -I../SAI/experimental -I../SAI/meta -I../lib -I../vslib -fPIC -ansi -pipe -std=c++14 -Wall -Wcast-align -Wcast-qual -Wconversion -Wdisabled-optimization -Werror -Wextra -Wfloat-equal -Wformat=2 -Wformat-nonliteral -Wformat-security -Wformat-y2k -Wimport -Winit-self -Wno-inline -Winvalid-pch -Wmissing-field-initializers -Wmissing-format-attribute -Wmissing-include-dirs -Wno-aggregate-return -Wno-padded -Wno-switch-enum -Wno-unused-parameter -Wno-unused-variable -Wpacked -Wpointer-arith -Wredundant-decls -Wshadow -Wstack-protector -Wstrict-aliasing=3 -Wswitch -Wswitch-default -Wunreachable-code -Wunused -Wvariadic-macros -Wwrite-strings -Wno-switch-default -Wconversion -Wno-psabi -Wcast-align=strict  -g -O0  -fno-omit-frame-pointer -fno-inline -c -o vssyncd-main.o `test -f 'main.cpp' || echo './'`main.cpp
/bin/bash ../libtool  --tag=CXX   --mode=link g++ -g -DNDEBUG -I../SAI/inc -I../SAI/experimental -I../SAI/meta -I../lib -I../vslib -fPIC -ansi -pipe -std=c++14 -Wall -Wcast-align -Wcast-qual -Wconversion -Wdisabled-optimization -Werror -Wextra -Wfloat-equal -Wformat=2 -Wformat-nonliteral -Wformat-security -Wformat-y2k -Wimport -Winit-self -Wno-inline -Winvalid-pch -Wmissing-field-initializers -Wmissing-format-attribute -Wmissing-include-dirs -Wno-aggregate-return -Wno-padded -Wno-switch-enum -Wno-unused-parameter -Wno-unused-variable -Wpacked -Wpointer-arith -Wredundant-decls -Wshadow -Wstack-protector -Wstrict-aliasing=3 -Wswitch -Wswitch-default -Wunreachable-code -Wunused -Wvariadic-macros -Wwrite-strings -Wno-switch-default -Wconversion -Wno-psabi -Wcast-align=strict  -g -O0  -fno-omit-frame-pointer -fno-inline  -Wl,-z,relro -Wl,-z,now -o vssyncd vssyncd-main.o ../syncd/libSyncd.a ../lib/libSaiRedis.a -lhiredis -lswsscommon -L../vslib/.libs -lsaivs  -lpthread -L../meta/.libs -lsaimetadata -lsaimeta -ldl -lzmq   
libtool: link: g++ -g -DNDEBUG -I../SAI/inc -I../SAI/experimental -I../SAI/meta -I../lib -I../vslib -fPIC -ansi -pipe -std=c++14 -Wall -Wcast-align -Wcast-qual -Wconversion -Wdisabled-optimization -Werror -Wextra -Wfloat-equal -Wformat=2 -Wformat-nonliteral -Wformat-security -Wformat-y2k -Wimport -Winit-self -Wno-inline -Winvalid-pch -Wmissing-field-initializers -Wmissing-format-attribute -Wmissing-include-dirs -Wno-aggregate-return -Wno-padded -Wno-switch-enum -Wno-unused-parameter -Wno-unused-variable -Wpacked -Wpointer-arith -Wredundant-decls -Wshadow -Wstack-protector -Wstrict-aliasing=3 -Wswitch -Wswitch-default -Wunreachable-code -Wunused -Wvariadic-macros -Wwrite-strings -Wno-switch-default -Wconversion -Wno-psabi -Wcast-align=strict -g -O0 -fno-omit-frame-pointer -fno-inline -Wl,-z -Wl,relro -Wl,-z -Wl,now -o .libs/vssyncd vssyncd-main.o  ../syncd/libSyncd.a ../lib/libSaiRedis.a -lhiredis -lswsscommon -L../vslib/.libs /sonic/src/sonic-sairedis/vslib/.libs/libsaivs.so -lpthread -L../meta/.libs /sonic/src/sonic-sairedis/meta/.libs/libsaimetadata.so /sonic/src/sonic-sairedis/meta/.libs/libsaimeta.so -ldl -lzmq
g++ -DHAVE_CONFIG_H -I. -I..   -Wdate-time -D_FORTIFY_SOURCE=2 -g -DNDEBUG -I../SAI/inc -I../SAI/experimental -I../SAI/meta -I../lib -I../vslib -fPIC -ansi -pipe -std=c++14 -Wall -Wcast-align -Wcast-qual -Wconversion -Wdisabled-optimization -Werror -Wextra -Wfloat-equal -Wformat=2 -Wformat-nonliteral -Wformat-security -Wformat-y2k -Wimport -Winit-self -Wno-inline -Winvalid-pch -Wmissing-field-initializers -Wmissing-format-attribute -Wmissing-include-dirs -Wno-aggregate-return -Wno-padded -Wno-switch-enum -Wno-unused-parameter -Wno-unused-variable -Wpacked -Wpointer-arith -Wredundant-decls -Wshadow -Wstack-protector -Wstrict-aliasing=3 -Wswitch -Wswitch-default -Wunreachable-code -Wunused -Wvariadic-macros -Wwrite-strings -Wno-switch-default -Wconversion -Wno-psabi -Wcast-align=strict -g -O0  -fno-omit-frame-pointer -fno-inline -c -o tests-tests.o `test -f 'tests.cpp' || echo './'`tests.cpp
/bin/bash ../libtool  --tag=CXX   --mode=link g++ -g -DNDEBUG -I../SAI/inc -I../SAI/experimental -I../SAI/meta -I../lib -I../vslib -fPIC -ansi -pipe -std=c++14 -Wall -Wcast-align -Wcast-qual -Wconversion -Wdisabled-optimization -Werror -Wextra -Wfloat-equal -Wformat=2 -Wformat-nonliteral -Wformat-security -Wformat-y2k -Wimport -Winit-self -Wno-inline -Winvalid-pch -Wmissing-field-initializers -Wmissing-format-attribute -Wmissing-include-dirs -Wno-aggregate-return -Wno-padded -Wno-switch-enum -Wno-unused-parameter -Wno-unused-variable -Wpacked -Wpointer-arith -Wredundant-decls -Wshadow -Wstack-protector -Wstrict-aliasing=3 -Wswitch -Wswitch-default -Wunreachable-code -Wunused -Wvariadic-macros -Wwrite-strings -Wno-switch-default -Wconversion -Wno-psabi -Wcast-align=strict -g -O0  -fno-omit-frame-pointer -fno-inline  -Wl,-z,relro -Wl,-z,now -o tests tests-tests.o -lhiredis -lswsscommon -lpthread ../lib/libsairedis.la ../syncd/libSyncd.a -L../meta/.libs -lsaimetadata -lsaimeta -lzmq  
libtool: link: g++ -g -DNDEBUG -I../SAI/inc -I../SAI/experimental -I../SAI/meta -I../lib -I../vslib -fPIC -ansi -pipe -std=c++14 -Wall -Wcast-align -Wcast-qual -Wconversion -Wdisabled-optimization -Werror -Wextra -Wfloat-equal -Wformat=2 -Wformat-nonliteral -Wformat-security -Wformat-y2k -Wimport -Winit-self -Wno-inline -Winvalid-pch -Wmissing-field-initializers -Wmissing-format-attribute -Wmissing-include-dirs -Wno-aggregate-return -Wno-padded -Wno-switch-enum -Wno-unused-parameter -Wno-unused-variable -Wpacked -Wpointer-arith -Wredundant-decls -Wshadow -Wstack-protector -Wstrict-aliasing=3 -Wswitch -Wswitch-default -Wunreachable-code -Wunused -Wvariadic-macros -Wwrite-strings -Wno-switch-default -Wconversion -Wno-psabi -Wcast-align=strict -g -O0 -fno-omit-frame-pointer -fno-inline -Wl,-z -Wl,relro -Wl,-z -Wl,now -o .libs/tests tests-tests.o  -lhiredis -lswsscommon -lpthread ../lib/.libs/libsairedis.so ../syncd/libSyncd.a -L../meta/.libs /sonic/src/sonic-sairedis/meta/.libs/libsaimetadata.so /sonic/src/sonic-sairedis/meta/.libs/libsaimeta.so -lzmq
g++ -DHAVE_CONFIG_H -I. -I..   -Wdate-time -D_FORTIFY_SOURCE=2 -g -DNDEBUG -I../SAI/inc -I../SAI/experimental -I../SAI/meta -I../lib -I../vslib -fPIC -ansi -pipe -std=c++14 -Wall -Wcast-align -Wcast-qual -Wconversion -Wdisabled-optimization -Werror -Wextra -Wfloat-equal -Wformat=2 -Wformat-nonliteral -Wformat-security -Wformat-y2k -Wimport -Winit-self -Wno-inline -Winvalid-pch -Wmissing-field-initializers -Wmissing-format-attribute -Wmissing-include-dirs -Wno-aggregate-return -Wno-padded -Wno-switch-enum -Wno-unused-parameter -Wno-unused-variable -Wpacked -Wpointer-arith -Wredundant-decls -Wshadow -Wstack-protector -Wstrict-aliasing=3 -Wswitch -Wswitch-default -Wunreachable-code -Wunused -Wvariadic-macros -Wwrite-strings -Wno-switch-default -Wconversion -Wno-psabi -Wcast-align=strict -g -O0  -fno-omit-frame-pointer -fno-inline -c -o testclient-TestClient.o `test -f 'TestClient.cpp' || echo './'`TestClient.cpp
g++ -DHAVE_CONFIG_H -I. -I..   -Wdate-time -D_FORTIFY_SOURCE=2 -g -DNDEBUG -I../SAI/inc -I../SAI/experimental -I../SAI/meta -I../lib -I../vslib -fPIC -ansi -pipe -std=c++14 -Wall -Wcast-align -Wcast-qual -Wconversion -Wdisabled-optimization -Werror -Wextra -Wfloat-equal -Wformat=2 -Wformat-nonliteral -Wformat-security -Wformat-y2k -Wimport -Winit-self -Wno-inline -Winvalid-pch -Wmissing-field-initializers -Wmissing-format-attribute -Wmissing-include-dirs -Wno-aggregate-return -Wno-padded -Wno-switch-enum -Wno-unused-parameter -Wno-unused-variable -Wpacked -Wpointer-arith -Wredundant-decls -Wshadow -Wstack-protector -Wstrict-aliasing=3 -Wswitch -Wswitch-default -Wunreachable-code -Wunused -Wvariadic-macros -Wwrite-strings -Wno-switch-default -Wconversion -Wno-psabi -Wcast-align=strict -g -O0  -fno-omit-frame-pointer -fno-inline -c -o testclient-testclient_main.o `test -f 'testclient_main.cpp' || echo './'`testclient_main.cpp
/bin/bash ../libtool  --tag=CXX   --mode=link g++ -g -DNDEBUG -I../SAI/inc -I../SAI/experimental -I../SAI/meta -I../lib -I../vslib -fPIC -ansi -pipe -std=c++14 -Wall -Wcast-align -Wcast-qual -Wconversion -Wdisabled-optimization -Werror -Wextra -Wfloat-equal -Wformat=2 -Wformat-nonliteral -Wformat-security -Wformat-y2k -Wimport -Winit-self -Wno-inline -Winvalid-pch -Wmissing-field-initializers -Wmissing-format-attribute -Wmissing-include-dirs -Wno-aggregate-return -Wno-padded -Wno-switch-enum -Wno-unused-parameter -Wno-unused-variable -Wpacked -Wpointer-arith -Wredundant-decls -Wshadow -Wstack-protector -Wstrict-aliasing=3 -Wswitch -Wswitch-default -Wunreachable-code -Wunused -Wvariadic-macros -Wwrite-strings -Wno-switch-default -Wconversion -Wno-psabi -Wcast-align=strict -g -O0  -fno-omit-frame-pointer -fno-inline  -Wl,-z,relro -Wl,-z,now -o testclient testclient-TestClient.o testclient-testclient_main.o -lhiredis -lswsscommon -lpthread ../lib/libsairedis.la ../syncd/libSyncd.a -L../meta/.libs -lsaimetadata -lsaimeta -lzmq  
libtool: link: g++ -g -DNDEBUG -I../SAI/inc -I../SAI/experimental -I../SAI/meta -I../lib -I../vslib -fPIC -ansi -pipe -std=c++14 -Wall -Wcast-align -Wcast-qual -Wconversion -Wdisabled-optimization -Werror -Wextra -Wfloat-equal -Wformat=2 -Wformat-nonliteral -Wformat-security -Wformat-y2k -Wimport -Winit-self -Wno-inline -Winvalid-pch -Wmissing-field-initializers -Wmissing-format-attribute -Wmissing-include-dirs -Wno-aggregate-return -Wno-padded -Wno-switch-enum -Wno-unused-parameter -Wno-unused-variable -Wpacked -Wpointer-arith -Wredundant-decls -Wshadow -Wstack-protector -Wstrict-aliasing=3 -Wswitch -Wswitch-default -Wunreachable-code -Wunused -Wvariadic-macros -Wwrite-strings -Wno-switch-default -Wconversion -Wno-psabi -Wcast-align=strict -g -O0 -fno-omit-frame-pointer -fno-inline -Wl,-z -Wl,relro -Wl,-z -Wl,now -o .libs/testclient testclient-TestClient.o testclient-testclient_main.o  -lhiredis -lswsscommon -lpthread ../lib/.libs/libsairedis.so ../syncd/libSyncd.a -L../meta/.libs /sonic/src/sonic-sairedis/meta/.libs/libsaimetadata.so /sonic/src/sonic-sairedis/meta/.libs/libsaimeta.so -lzmq
g++ -DHAVE_CONFIG_H -I. -I..   -Wdate-time -D_FORTIFY_SOURCE=2 -g -DNDEBUG -I../SAI/inc -I../SAI/experimental -I../SAI/meta -I../lib -I../vslib -fPIC -ansi -pipe -std=c++14 -Wall -Wcast-align -Wcast-qual -Wconversion -Wdisabled-optimization -Werror -Wextra -Wfloat-equal -Wformat=2 -Wformat-nonliteral -Wformat-security -Wformat-y2k -Wimport -Winit-self -Wno-inline -Winvalid-pch -Wmissing-field-initializers -Wmissing-format-attribute -Wmissing-include-dirs -Wno-aggregate-return -Wno-padded -Wno-switch-enum -Wno-unused-parameter -Wno-unused-variable -Wpacked -Wpointer-arith -Wredundant-decls -Wshadow -Wstack-protector -Wstrict-aliasing=3 -Wswitch -Wswitch-default -Wunreachable-code -Wunused -Wvariadic-macros -Wwrite-strings -Wno-switch-default -Wconversion -Wno-psabi -Wcast-align=strict -g -O0  -fno-omit-frame-pointer -fno-inline -c -o testdash_gtest-TestDashMain.o `test -f 'TestDashMain.cpp' || echo './'`TestDashMain.cpp
g++ -DHAVE_CONFIG_H -I. -I..   -Wdate-time -D_FORTIFY_SOURCE=2 -g -DNDEBUG -I../SAI/inc -I../SAI/experimental -I../SAI/meta -I../lib -I../vslib -fPIC -ansi -pipe -std=c++14 -Wall -Wcast-align -Wcast-qual -Wconversion -Wdisabled-optimization -Werror -Wextra -Wfloat-equal -Wformat=2 -Wformat-nonliteral -Wformat-security -Wformat-y2k -Wimport -Winit-self -Wno-inline -Winvalid-pch -Wmissing-field-initializers -Wmissing-format-attribute -Wmissing-include-dirs -Wno-aggregate-return -Wno-padded -Wno-switch-enum -Wno-unused-parameter -Wno-unused-variable -Wpacked -Wpointer-arith -Wredundant-decls -Wshadow -Wstack-protector -Wstrict-aliasing=3 -Wswitch -Wswitch-default -Wunreachable-code -Wunused -Wvariadic-macros -Wwrite-strings -Wno-switch-default -Wconversion -Wno-psabi -Wcast-align=strict -g -O0  -fno-omit-frame-pointer -fno-inline -c -o testdash_gtest-TestDash.o `test -f 'TestDash.cpp' || echo './'`TestDash.cpp
g++ -DHAVE_CONFIG_H -I. -I..   -Wdate-time -D_FORTIFY_SOURCE=2 -g -DNDEBUG -I../SAI/inc -I../SAI/experimental -I../SAI/meta -I../lib -I../vslib -fPIC -ansi -pipe -std=c++14 -Wall -Wcast-align -Wcast-qual -Wconversion -Wdisabled-optimization -Werror -Wextra -Wfloat-equal -Wformat=2 -Wformat-nonliteral -Wformat-security -Wformat-y2k -Wimport -Winit-self -Wno-inline -Winvalid-pch -Wmissing-field-initializers -Wmissing-format-attribute -Wmissing-include-dirs -Wno-aggregate-return -Wno-padded -Wno-switch-enum -Wno-unused-parameter -Wno-unused-variable -Wpacked -Wpointer-arith -Wredundant-decls -Wshadow -Wstack-protector -Wstrict-aliasing=3 -Wswitch -Wswitch-default -Wunreachable-code -Wunused -Wvariadic-macros -Wwrite-strings -Wno-switch-default -Wconversion -Wno-psabi -Wcast-align=strict -g -O0  -fno-omit-frame-pointer -fno-inline -c -o testdash_gtest-TestDashEnv.o `test -f 'TestDashEnv.cpp' || echo './'`TestDashEnv.cpp
/bin/bash ../libtool  --tag=CXX   --mode=link g++ -g -DNDEBUG -I../SAI/inc -I../SAI/experimental -I../SAI/meta -I../lib -I../vslib -fPIC -ansi -pipe -std=c++14 -Wall -Wcast-align -Wcast-qual -Wconversion -Wdisabled-optimization -Werror -Wextra -Wfloat-equal -Wformat=2 -Wformat-nonliteral -Wformat-security -Wformat-y2k -Wimport -Winit-self -Wno-inline -Winvalid-pch -Wmissing-field-initializers -Wmissing-format-attribute -Wmissing-include-dirs -Wno-aggregate-return -Wno-padded -Wno-switch-enum -Wno-unused-parameter -Wno-unused-variable -Wpacked -Wpointer-arith -Wredundant-decls -Wshadow -Wstack-protector -Wstrict-aliasing=3 -Wswitch -Wswitch-default -Wunreachable-code -Wunused -Wvariadic-macros -Wwrite-strings -Wno-switch-default -Wconversion -Wno-psabi -Wcast-align=strict -g -O0  -fno-omit-frame-pointer -fno-inline  -Wl,-z,relro -Wl,-z,now -o testdash_gtest testdash_gtest-TestDashMain.o testdash_gtest-TestDash.o testdash_gtest-TestDashEnv.o -lgtest -lhiredis -lswsscommon -lpthread ../lib/libsairedis.la ../syncd/libSyncd.a -L../meta/.libs -lsaimetadata -lsaimeta -lzmq  
libtool: link: g++ -g -DNDEBUG -I../SAI/inc -I../SAI/experimental -I../SAI/meta -I../lib -I../vslib -fPIC -ansi -pipe -std=c++14 -Wall -Wcast-align -Wcast-qual -Wconversion -Wdisabled-optimization -Werror -Wextra -Wfloat-equal -Wformat=2 -Wformat-nonliteral -Wformat-security -Wformat-y2k -Wimport -Winit-self -Wno-inline -Winvalid-pch -Wmissing-field-initializers -Wmissing-format-attribute -Wmissing-include-dirs -Wno-aggregate-return -Wno-padded -Wno-switch-enum -Wno-unused-parameter -Wno-unused-variable -Wpacked -Wpointer-arith -Wredundant-decls -Wshadow -Wstack-protector -Wstrict-aliasing=3 -Wswitch -Wswitch-default -Wunreachable-code -Wunused -Wvariadic-macros -Wwrite-strings -Wno-switch-default -Wconversion -Wno-psabi -Wcast-align=strict -g -O0 -fno-omit-frame-pointer -fno-inline -Wl,-z -Wl,relro -Wl,-z -Wl,now -o .libs/testdash_gtest testdash_gtest-TestDashMain.o testdash_gtest-TestDash.o testdash_gtest-TestDashEnv.o  -lgtest -lhiredis -lswsscommon -lpthread ../lib/.libs/libsairedis.so ../syncd/libSyncd.a -L../meta/.libs /sonic/src/sonic-sairedis/meta/.libs/libsaimetadata.so /sonic/src/sonic-sairedis/meta/.libs/libsaimeta.so -lzmq
make[2]: Leaving directory '/sonic/src/sonic-sairedis/tests'
Making all in unittest
make[2]: Entering directory '/sonic/src/sonic-sairedis/unittest'
Making all in meta
make[3]: Entering directory '/sonic/src/sonic-sairedis/unittest/meta'
g++ -DHAVE_CONFIG_H -I. -I../..   -Wdate-time -D_FORTIFY_SOURCE=2 -g -DNDEBUG -I../../SAI/inc -I../../SAI/experimental -I../../SAI/meta -I../../meta -I../../lib -fPIC -ansi -pipe -std=c++14 -Wall -Wcast-align -Wcast-qual -Wconversion -Wdisabled-optimization -Werror -Wextra -Wfloat-equal -Wformat=2 -Wformat-nonliteral -Wformat-security -Wformat-y2k -Wimport -Winit-self -Wno-inline -Winvalid-pch -Wmissing-field-initializers -Wmissing-format-attribute -Wmissing-include-dirs -Wno-aggregate-return -Wno-padded -Wno-switch-enum -Wno-unused-parameter -Wno-unused-variable -Wpacked -Wpointer-arith -Wredundant-decls -Wshadow -Wstack-protector -Wstrict-aliasing=3 -Wswitch -Wswitch-default -Wunreachable-code -Wunused -Wvariadic-macros -Wwrite-strings -Wno-switch-default -Wconversion -Wno-psabi -Wcast-align=strict -g -O0  -fno-omit-frame-pointer -fno-inline -c -o tests-main.o `test -f 'main.cpp' || echo './'`main.cpp
g++ -DHAVE_CONFIG_H -I. -I../..   -Wdate-time -D_FORTIFY_SOURCE=2 -g -DNDEBUG -I../../SAI/inc -I../../SAI/experimental -I../../SAI/meta -I../../meta -I../../lib -fPIC -ansi -pipe -std=c++14 -Wall -Wcast-align -Wcast-qual -Wconversion -Wdisabled-optimization -Werror -Wextra -Wfloat-equal -Wformat=2 -Wformat-nonliteral -Wformat-security -Wformat-y2k -Wimport -Winit-self -Wno-inline -Winvalid-pch -Wmissing-field-initializers -Wmissing-format-attribute -Wmissing-include-dirs -Wno-aggregate-return -Wno-padded -Wno-switch-enum -Wno-unused-parameter -Wno-unused-variable -Wpacked -Wpointer-arith -Wredundant-decls -Wshadow -Wstack-protector -Wstrict-aliasing=3 -Wswitch -Wswitch-default -Wunreachable-code -Wunused -Wvariadic-macros -Wwrite-strings -Wno-switch-default -Wconversion -Wno-psabi -Wcast-align=strict -g -O0  -fno-omit-frame-pointer -fno-inline -c -o ../../meta/tests-MetaTestSaiInterface.o `test -f '../../meta/MetaTestSaiInterface.cpp' || echo './'`../../meta/MetaTestSaiInterface.cpp
g++ -DHAVE_CONFIG_H -I. -I../..   -Wdate-time -D_FORTIFY_SOURCE=2 -g -DNDEBUG -I../../SAI/inc -I../../SAI/experimental -I../../SAI/meta -I../../meta -I../../lib -fPIC -ansi -pipe -std=c++14 -Wall -Wcast-align -Wcast-qual -Wconversion -Wdisabled-optimization -Werror -Wextra -Wfloat-equal -Wformat=2 -Wformat-nonliteral -Wformat-security -Wformat-y2k -Wimport -Winit-self -Wno-inline -Winvalid-pch -Wmissing-field-initializers -Wmissing-format-attribute -Wmissing-include-dirs -Wno-aggregate-return -Wno-padded -Wno-switch-enum -Wno-unused-parameter -Wno-unused-variable -Wpacked -Wpointer-arith -Wredundant-decls -Wshadow -Wstack-protector -Wstrict-aliasing=3 -Wswitch -Wswitch-default -Wunreachable-code -Wunused -Wvariadic-macros -Wwrite-strings -Wno-switch-default -Wconversion -Wno-psabi -Wcast-align=strict -g -O0  -fno-omit-frame-pointer -fno-inline -c -o ../../lib/tests-VirtualObjectIdManager.o `test -f '../../lib/VirtualObjectIdManager.cpp' || echo './'`../../lib/VirtualObjectIdManager.cpp
g++ -DHAVE_CONFIG_H -I. -I../..   -Wdate-time -D_FORTIFY_SOURCE=2 -g -DNDEBUG -I../../SAI/inc -I../../SAI/experimental -I../../SAI/meta -I../../meta -I../../lib -fPIC -ansi -pipe -std=c++14 -Wall -Wcast-align -Wcast-qual -Wconversion -Wdisabled-optimization -Werror -Wextra -Wfloat-equal -Wformat=2 -Wformat-nonliteral -Wformat-security -Wformat-y2k -Wimport -Winit-self -Wno-inline -Winvalid-pch -Wmissing-field-initializers -Wmissing-format-attribute -Wmissing-include-dirs -Wno-aggregate-return -Wno-padded -Wno-switch-enum -Wno-unused-parameter -Wno-unused-variable -Wpacked -Wpointer-arith -Wredundant-decls -Wshadow -Wstack-protector -Wstrict-aliasing=3 -Wswitch -Wswitch-default -Wunreachable-code -Wunused -Wvariadic-macros -Wwrite-strings -Wno-switch-default -Wconversion -Wno-psabi -Wcast-align=strict -g -O0  -fno-omit-frame-pointer -fno-inline -c -o ../../lib/tests-SwitchConfig.o `test -f '../../lib/SwitchConfig.cpp' || echo './'`../../lib/SwitchConfig.cpp
g++ -DHAVE_CONFIG_H -I. -I../..   -Wdate-time -D_FORTIFY_SOURCE=2 -g -DNDEBUG -I../../SAI/inc -I../../SAI/experimental -I../../SAI/meta -I../../meta -I../../lib -fPIC -ansi -pipe -std=c++14 -Wall -Wcast-align -Wcast-qual -Wconversion -Wdisabled-optimization -Werror -Wextra -Wfloat-equal -Wformat=2 -Wformat-nonliteral -Wformat-security -Wformat-y2k -Wimport -Winit-self -Wno-inline -Winvalid-pch -Wmissing-field-initializers -Wmissing-format-attribute -Wmissing-include-dirs -Wno-aggregate-return -Wno-padded -Wno-switch-enum -Wno-unused-parameter -Wno-unused-variable -Wpacked -Wpointer-arith -Wredundant-decls -Wshadow -Wstack-protector -Wstrict-aliasing=3 -Wswitch -Wswitch-default -Wunreachable-code -Wunused -Wvariadic-macros -Wwrite-strings -Wno-switch-default -Wconversion -Wno-psabi -Wcast-align=strict -g -O0  -fno-omit-frame-pointer -fno-inline -c -o ../../lib/tests-SwitchConfigContainer.o `test -f '../../lib/SwitchConfigContainer.cpp' || echo './'`../../lib/SwitchConfigContainer.cpp
g++ -DHAVE_CONFIG_H -I. -I../..   -Wdate-time -D_FORTIFY_SOURCE=2 -g -DNDEBUG -I../../SAI/inc -I../../SAI/experimental -I../../SAI/meta -I../../meta -I../../lib -fPIC -ansi -pipe -std=c++14 -Wall -Wcast-align -Wcast-qual -Wconversion -Wdisabled-optimization -Werror -Wextra -Wfloat-equal -Wformat=2 -Wformat-nonliteral -Wformat-security -Wformat-y2k -Wimport -Winit-self -Wno-inline -Winvalid-pch -Wmissing-field-initializers -Wmissing-format-attribute -Wmissing-include-dirs -Wno-aggregate-return -Wno-padded -Wno-switch-enum -Wno-unused-parameter -Wno-unused-variable -Wpacked -Wpointer-arith -Wredundant-decls -Wshadow -Wstack-protector -Wstrict-aliasing=3 -Wswitch -Wswitch-default -Wunreachable-code -Wunused -Wvariadic-macros -Wwrite-strings -Wno-switch-default -Wconversion -Wno-psabi -Wcast-align=strict -g -O0  -fno-omit-frame-pointer -fno-inline -c -o ../../lib/tests-ZeroMQChannel.o `test -f '../../lib/ZeroMQChannel.cpp' || echo './'`../../lib/ZeroMQChannel.cpp
g++ -DHAVE_CONFIG_H -I. -I../..   -Wdate-time -D_FORTIFY_SOURCE=2 -g -DNDEBUG -I../../SAI/inc -I../../SAI/experimental -I../../SAI/meta -I../../meta -I../../lib -fPIC -ansi -pipe -std=c++14 -Wall -Wcast-align -Wcast-qual -Wconversion -Wdisabled-optimization -Werror -Wextra -Wfloat-equal -Wformat=2 -Wformat-nonliteral -Wformat-security -Wformat-y2k -Wimport -Winit-self -Wno-inline -Winvalid-pch -Wmissing-field-initializers -Wmissing-format-attribute -Wmissing-include-dirs -Wno-aggregate-return -Wno-padded -Wno-switch-enum -Wno-unused-parameter -Wno-unused-variable -Wpacked -Wpointer-arith -Wredundant-decls -Wshadow -Wstack-protector -Wstrict-aliasing=3 -Wswitch -Wswitch-default -Wunreachable-code -Wunused -Wvariadic-macros -Wwrite-strings -Wno-switch-default -Wconversion -Wno-psabi -Wcast-align=strict -g -O0  -fno-omit-frame-pointer -fno-inline -c -o ../../lib/tests-Channel.o `test -f '../../lib/Channel.cpp' || echo './'`../../lib/Channel.cpp
g++ -DHAVE_CONFIG_H -I. -I../..   -Wdate-time -D_FORTIFY_SOURCE=2 -g -DNDEBUG -I../../SAI/inc -I../../SAI/experimental -I../../SAI/meta -I../../meta -I../../lib -fPIC -ansi -pipe -std=c++14 -Wall -Wcast-align -Wcast-qual -Wconversion -Wdisabled-optimization -Werror -Wextra -Wfloat-equal -Wformat=2 -Wformat-nonliteral -Wformat-security -Wformat-y2k -Wimport -Winit-self -Wno-inline -Winvalid-pch -Wmissing-field-initializers -Wmissing-format-attribute -Wmissing-include-dirs -Wno-aggregate-return -Wno-padded -Wno-switch-enum -Wno-unused-parameter -Wno-unused-variable -Wpacked -Wpointer-arith -Wredundant-decls -Wshadow -Wstack-protector -Wstrict-aliasing=3 -Wswitch -Wswitch-default -Wunreachable-code -Wunused -Wvariadic-macros -Wwrite-strings -Wno-switch-default -Wconversion -Wno-psabi -Wcast-align=strict -g -O0  -fno-omit-frame-pointer -fno-inline -c -o tests-MockMeta.o `test -f 'MockMeta.cpp' || echo './'`MockMeta.cpp
g++ -DHAVE_CONFIG_H -I. -I../..   -Wdate-time -D_FORTIFY_SOURCE=2 -g -DNDEBUG -I../../SAI/inc -I../../SAI/experimental -I../../SAI/meta -I../../meta -I../../lib -fPIC -ansi -pipe -std=c++14 -Wall -Wcast-align -Wcast-qual -Wconversion -Wdisabled-optimization -Werror -Wextra -Wfloat-equal -Wformat=2 -Wformat-nonliteral -Wformat-security -Wformat-y2k -Wimport -Winit-self -Wno-inline -Winvalid-pch -Wmissing-field-initializers -Wmissing-format-attribute -Wmissing-include-dirs -Wno-aggregate-return -Wno-padded -Wno-switch-enum -Wno-unused-parameter -Wno-unused-variable -Wpacked -Wpointer-arith -Wredundant-decls -Wshadow -Wstack-protector -Wstrict-aliasing=3 -Wswitch -Wswitch-default -Wunreachable-code -Wunused -Wvariadic-macros -Wwrite-strings -Wno-switch-default -Wconversion -Wno-psabi -Wcast-align=strict -g -O0  -fno-omit-frame-pointer -fno-inline -c -o tests-TestAttrKeyMap.o `test -f 'TestAttrKeyMap.cpp' || echo './'`TestAttrKeyMap.cpp
g++ -DHAVE_CONFIG_H -I. -I../..   -Wdate-time -D_FORTIFY_SOURCE=2 -g -DNDEBUG -I../../SAI/inc -I../../SAI/experimental -I../../SAI/meta -I../../meta -I../../lib -fPIC -ansi -pipe -std=c++14 -Wall -Wcast-align -Wcast-qual -Wconversion -Wdisabled-optimization -Werror -Wextra -Wfloat-equal -Wformat=2 -Wformat-nonliteral -Wformat-security -Wformat-y2k -Wimport -Winit-self -Wno-inline -Winvalid-pch -Wmissing-field-initializers -Wmissing-format-attribute -Wmissing-include-dirs -Wno-aggregate-return -Wno-padded -Wno-switch-enum -Wno-unused-parameter -Wno-unused-variable -Wpacked -Wpointer-arith -Wredundant-decls -Wshadow -Wstack-protector -Wstrict-aliasing=3 -Wswitch -Wswitch-default -Wunreachable-code -Wunused -Wvariadic-macros -Wwrite-strings -Wno-switch-default -Wconversion -Wno-psabi -Wcast-align=strict -g -O0  -fno-omit-frame-pointer -fno-inline -c -o tests-TestDummySaiInterface.o `test -f 'TestDummySaiInterface.cpp' || echo './'`TestDummySaiInterface.cpp
g++ -DHAVE_CONFIG_H -I. -I../..   -Wdate-time -D_FORTIFY_SOURCE=2 -g -DNDEBUG -I../../SAI/inc -I../../SAI/experimental -I../../SAI/meta -I../../meta -I../../lib -fPIC -ansi -pipe -std=c++14 -Wall -Wcast-align -Wcast-qual -Wconversion -Wdisabled-optimization -Werror -Wextra -Wfloat-equal -Wformat=2 -Wformat-nonliteral -Wformat-security -Wformat-y2k -Wimport -Winit-self -Wno-inline -Winvalid-pch -Wmissing-field-initializers -Wmissing-format-attribute -Wmissing-include-dirs -Wno-aggregate-return -Wno-padded -Wno-switch-enum -Wno-unused-parameter -Wno-unused-variable -Wpacked -Wpointer-arith -Wredundant-decls -Wshadow -Wstack-protector -Wstrict-aliasing=3 -Wswitch -Wswitch-default -Wunreachable-code -Wunused -Wvariadic-macros -Wwrite-strings -Wno-switch-default -Wconversion -Wno-psabi -Wcast-align=strict -g -O0  -fno-omit-frame-pointer -fno-inline -c -o tests-TestGlobals.o `test -f 'TestGlobals.cpp' || echo './'`TestGlobals.cpp
g++ -DHAVE_CONFIG_H -I. -I../..   -Wdate-time -D_FORTIFY_SOURCE=2 -g -DNDEBUG -I../../SAI/inc -I../../SAI/experimental -I../../SAI/meta -I../../meta -I../../lib -fPIC -ansi -pipe -std=c++14 -Wall -Wcast-align -Wcast-qual -Wconversion -Wdisabled-optimization -Werror -Wextra -Wfloat-equal -Wformat=2 -Wformat-nonliteral -Wformat-security -Wformat-y2k -Wimport -Winit-self -Wno-inline -Winvalid-pch -Wmissing-field-initializers -Wmissing-format-attribute -Wmissing-include-dirs -Wno-aggregate-return -Wno-padded -Wno-switch-enum -Wno-unused-parameter -Wno-unused-variable -Wpacked -Wpointer-arith -Wredundant-decls -Wshadow -Wstack-protector -Wstrict-aliasing=3 -Wswitch -Wswitch-default -Wunreachable-code -Wunused -Wvariadic-macros -Wwrite-strings -Wno-switch-default -Wconversion -Wno-psabi -Wcast-align=strict -g -O0  -fno-omit-frame-pointer -fno-inline -c -o tests-TestMetaKeyHasher.o `test -f 'TestMetaKeyHasher.cpp' || echo './'`TestMetaKeyHasher.cpp
g++ -DHAVE_CONFIG_H -I. -I../..   -Wdate-time -D_FORTIFY_SOURCE=2 -g -DNDEBUG -I../../SAI/inc -I../../SAI/experimental -I../../SAI/meta -I../../meta -I../../lib -fPIC -ansi -pipe -std=c++14 -Wall -Wcast-align -Wcast-qual -Wconversion -Wdisabled-optimization -Werror -Wextra -Wfloat-equal -Wformat=2 -Wformat-nonliteral -Wformat-security -Wformat-y2k -Wimport -Winit-self -Wno-inline -Winvalid-pch -Wmissing-field-initializers -Wmissing-format-attribute -Wmissing-include-dirs -Wno-aggregate-return -Wno-padded -Wno-switch-enum -Wno-unused-parameter -Wno-unused-variable -Wpacked -Wpointer-arith -Wredundant-decls -Wshadow -Wstack-protector -Wstrict-aliasing=3 -Wswitch -Wswitch-default -Wunreachable-code -Wunused -Wvariadic-macros -Wwrite-strings -Wno-switch-default -Wconversion -Wno-psabi -Wcast-align=strict -g -O0  -fno-omit-frame-pointer -fno-inline -c -o tests-TestNotificationFactory.o `test -f 'TestNotificationFactory.cpp' || echo './'`TestNotificationFactory.cpp
g++ -DHAVE_CONFIG_H -I. -I../..   -Wdate-time -D_FORTIFY_SOURCE=2 -g -DNDEBUG -I../../SAI/inc -I../../SAI/experimental -I../../SAI/meta -I../../meta -I../../lib -fPIC -ansi -pipe -std=c++14 -Wall -Wcast-align -Wcast-qual -Wconversion -Wdisabled-optimization -Werror -Wextra -Wfloat-equal -Wformat=2 -Wformat-nonliteral -Wformat-security -Wformat-y2k -Wimport -Winit-self -Wno-inline -Winvalid-pch -Wmissing-field-initializers -Wmissing-format-attribute -Wmissing-include-dirs -Wno-aggregate-return -Wno-padded -Wno-switch-enum -Wno-unused-parameter -Wno-unused-variable -Wpacked -Wpointer-arith -Wredundant-decls -Wshadow -Wstack-protector -Wstrict-aliasing=3 -Wswitch -Wswitch-default -Wunreachable-code -Wunused -Wvariadic-macros -Wwrite-strings -Wno-switch-default -Wconversion -Wno-psabi -Wcast-align=strict -g -O0  -fno-omit-frame-pointer -fno-inline -c -o tests-TestNotificationFdbEvent.o `test -f 'TestNotificationFdbEvent.cpp' || echo './'`TestNotificationFdbEvent.cpp
g++ -DHAVE_CONFIG_H -I. -I../..   -Wdate-time -D_FORTIFY_SOURCE=2 -g -DNDEBUG -I../../SAI/inc -I../../SAI/experimental -I../../SAI/meta -I../../meta -I../../lib -fPIC -ansi -pipe -std=c++14 -Wall -Wcast-align -Wcast-qual -Wconversion -Wdisabled-optimization -Werror -Wextra -Wfloat-equal -Wformat=2 -Wformat-nonliteral -Wformat-security -Wformat-y2k -Wimport -Winit-self -Wno-inline -Winvalid-pch -Wmissing-field-initializers -Wmissing-format-attribute -Wmissing-include-dirs -Wno-aggregate-return -Wno-padded -Wno-switch-enum -Wno-unused-parameter -Wno-unused-variable -Wpacked -Wpointer-arith -Wredundant-decls -Wshadow -Wstack-protector -Wstrict-aliasing=3 -Wswitch -Wswitch-default -Wunreachable-code -Wunused -Wvariadic-macros -Wwrite-strings -Wno-switch-default -Wconversion -Wno-psabi -Wcast-align=strict -g -O0  -fno-omit-frame-pointer -fno-inline -c -o tests-TestNotificationNatEvent.o `test -f 'TestNotificationNatEvent.cpp' || echo './'`TestNotificationNatEvent.cpp
g++ -DHAVE_CONFIG_H -I. -I../..   -Wdate-time -D_FORTIFY_SOURCE=2 -g -DNDEBUG -I../../SAI/inc -I../../SAI/experimental -I../../SAI/meta -I../../meta -I../../lib -fPIC -ansi -pipe -std=c++14 -Wall -Wcast-align -Wcast-qual -Wconversion -Wdisabled-optimization -Werror -Wextra -Wfloat-equal -Wformat=2 -Wformat-nonliteral -Wformat-security -Wformat-y2k -Wimport -Winit-self -Wno-inline -Winvalid-pch -Wmissing-field-initializers -Wmissing-format-attribute -Wmissing-include-dirs -Wno-aggregate-return -Wno-padded -Wno-switch-enum -Wno-unused-parameter -Wno-unused-variable -Wpacked -Wpointer-arith -Wredundant-decls -Wshadow -Wstack-protector -Wstrict-aliasing=3 -Wswitch -Wswitch-default -Wunreachable-code -Wunused -Wvariadic-macros -Wwrite-strings -Wno-switch-default -Wconversion -Wno-psabi -Wcast-align=strict -g -O0  -fno-omit-frame-pointer -fno-inline -c -o tests-TestNotificationPortStateChange.o `test -f 'TestNotificationPortStateChange.cpp' || echo './'`TestNotificationPortStateChange.cpp
g++ -DHAVE_CONFIG_H -I. -I../..   -Wdate-time -D_FORTIFY_SOURCE=2 -g -DNDEBUG -I../../SAI/inc -I../../SAI/experimental -I../../SAI/meta -I../../meta -I../../lib -fPIC -ansi -pipe -std=c++14 -Wall -Wcast-align -Wcast-qual -Wconversion -Wdisabled-optimization -Werror -Wextra -Wfloat-equal -Wformat=2 -Wformat-nonliteral -Wformat-security -Wformat-y2k -Wimport -Winit-self -Wno-inline -Winvalid-pch -Wmissing-field-initializers -Wmissing-format-attribute -Wmissing-include-dirs -Wno-aggregate-return -Wno-padded -Wno-switch-enum -Wno-unused-parameter -Wno-unused-variable -Wpacked -Wpointer-arith -Wredundant-decls -Wshadow -Wstack-protector -Wstrict-aliasing=3 -Wswitch -Wswitch-default -Wunreachable-code -Wunused -Wvariadic-macros -Wwrite-strings -Wno-switch-default -Wconversion -Wno-psabi -Wcast-align=strict -g -O0  -fno-omit-frame-pointer -fno-inline -c -o tests-TestNotificationQueuePfcDeadlock.o `test -f 'TestNotificationQueuePfcDeadlock.cpp' || echo './'`TestNotificationQueuePfcDeadlock.cpp
g++ -DHAVE_CONFIG_H -I. -I../..   -Wdate-time -D_FORTIFY_SOURCE=2 -g -DNDEBUG -I../../SAI/inc -I../../SAI/experimental -I../../SAI/meta -I../../meta -I../../lib -fPIC -ansi -pipe -std=c++14 -Wall -Wcast-align -Wcast-qual -Wconversion -Wdisabled-optimization -Werror -Wextra -Wfloat-equal -Wformat=2 -Wformat-nonliteral -Wformat-security -Wformat-y2k -Wimport -Winit-self -Wno-inline -Winvalid-pch -Wmissing-field-initializers -Wmissing-format-attribute -Wmissing-include-dirs -Wno-aggregate-return -Wno-padded -Wno-switch-enum -Wno-unused-parameter -Wno-unused-variable -Wpacked -Wpointer-arith -Wredundant-decls -Wshadow -Wstack-protector -Wstrict-aliasing=3 -Wswitch -Wswitch-default -Wunreachable-code -Wunused -Wvariadic-macros -Wwrite-strings -Wno-switch-default -Wconversion -Wno-psabi -Wcast-align=strict -g -O0  -fno-omit-frame-pointer -fno-inline -c -o tests-TestNotificationSwitchShutdownRequest.o `test -f 'TestNotificationSwitchShutdownRequest.cpp' || echo './'`TestNotificationSwitchShutdownRequest.cpp
g++ -DHAVE_CONFIG_H -I. -I../..   -Wdate-time -D_FORTIFY_SOURCE=2 -g -DNDEBUG -I../../SAI/inc -I../../SAI/experimental -I../../SAI/meta -I../../meta -I../../lib -fPIC -ansi -pipe -std=c++14 -Wall -Wcast-align -Wcast-qual -Wconversion -Wdisabled-optimization -Werror -Wextra -Wfloat-equal -Wformat=2 -Wformat-nonliteral -Wformat-security -Wformat-y2k -Wimport -Winit-self -Wno-inline -Winvalid-pch -Wmissing-field-initializers -Wmissing-format-attribute -Wmissing-include-dirs -Wno-aggregate-return -Wno-padded -Wno-switch-enum -Wno-unused-parameter -Wno-unused-variable -Wpacked -Wpointer-arith -Wredundant-decls -Wshadow -Wstack-protector -Wstrict-aliasing=3 -Wswitch -Wswitch-default -Wunreachable-code -Wunused -Wvariadic-macros -Wwrite-strings -Wno-switch-default -Wconversion -Wno-psabi -Wcast-align=strict -g -O0  -fno-omit-frame-pointer -fno-inline -c -o tests-TestNotificationSwitchAsicSdkHealthEvent.o `test -f 'TestNotificationSwitchAsicSdkHealthEvent.cpp' || echo './'`TestNotificationSwitchAsicSdkHealthEvent.cpp
g++ -DHAVE_CONFIG_H -I. -I../..   -Wdate-time -D_FORTIFY_SOURCE=2 -g -DNDEBUG -I../../SAI/inc -I../../SAI/experimental -I../../SAI/meta -I../../meta -I../../lib -fPIC -ansi -pipe -std=c++14 -Wall -Wcast-align -Wcast-qual -Wconversion -Wdisabled-optimization -Werror -Wextra -Wfloat-equal -Wformat=2 -Wformat-nonliteral -Wformat-security -Wformat-y2k -Wimport -Winit-self -Wno-inline -Winvalid-pch -Wmissing-field-initializers -Wmissing-format-attribute -Wmissing-include-dirs -Wno-aggregate-return -Wno-padded -Wno-switch-enum -Wno-unused-parameter -Wno-unused-variable -Wpacked -Wpointer-arith -Wredundant-decls -Wshadow -Wstack-protector -Wstrict-aliasing=3 -Wswitch -Wswitch-default -Wunreachable-code -Wunused -Wvariadic-macros -Wwrite-strings -Wno-switch-default -Wconversion -Wno-psabi -Wcast-align=strict -g -O0  -fno-omit-frame-pointer -fno-inline -c -o tests-TestNotificationSwitchStateChange.o `test -f 'TestNotificationSwitchStateChange.cpp' || echo './'`TestNotificationSwitchStateChange.cpp
g++ -DHAVE_CONFIG_H -I. -I../..   -Wdate-time -D_FORTIFY_SOURCE=2 -g -DNDEBUG -I../../SAI/inc -I../../SAI/experimental -I../../SAI/meta -I../../meta -I../../lib -fPIC -ansi -pipe -std=c++14 -Wall -Wcast-align -Wcast-qual -Wconversion -Wdisabled-optimization -Werror -Wextra -Wfloat-equal -Wformat=2 -Wformat-nonliteral -Wformat-security -Wformat-y2k -Wimport -Winit-self -Wno-inline -Winvalid-pch -Wmissing-field-initializers -Wmissing-format-attribute -Wmissing-include-dirs -Wno-aggregate-return -Wno-padded -Wno-switch-enum -Wno-unused-parameter -Wno-unused-variable -Wpacked -Wpointer-arith -Wredundant-decls -Wshadow -Wstack-protector -Wstrict-aliasing=3 -Wswitch -Wswitch-default -Wunreachable-code -Wunused -Wvariadic-macros -Wwrite-strings -Wno-switch-default -Wconversion -Wno-psabi -Wcast-align=strict -g -O0  -fno-omit-frame-pointer -fno-inline -c -o tests-TestNotificationBfdSessionStateChange.o `test -f 'TestNotificationBfdSessionStateChange.cpp' || echo './'`TestNotificationBfdSessionStateChange.cpp
g++ -DHAVE_CONFIG_H -I. -I../..   -Wdate-time -D_FORTIFY_SOURCE=2 -g -DNDEBUG -I../../SAI/inc -I../../SAI/experimental -I../../SAI/meta -I../../meta -I../../lib -fPIC -ansi -pipe -std=c++14 -Wall -Wcast-align -Wcast-qual -Wconversion -Wdisabled-optimization -Werror -Wextra -Wfloat-equal -Wformat=2 -Wformat-nonliteral -Wformat-security -Wformat-y2k -Wimport -Winit-self -Wno-inline -Winvalid-pch -Wmissing-field-initializers -Wmissing-format-attribute -Wmissing-include-dirs -Wno-aggregate-return -Wno-padded -Wno-switch-enum -Wno-unused-parameter -Wno-unused-variable -Wpacked -Wpointer-arith -Wredundant-decls -Wshadow -Wstack-protector -Wstrict-aliasing=3 -Wswitch -Wswitch-default -Wunreachable-code -Wunused -Wvariadic-macros -Wwrite-strings -Wno-switch-default -Wconversion -Wno-psabi -Wcast-align=strict -g -O0  -fno-omit-frame-pointer -fno-inline -c -o tests-TestNotificationIcmpEchoSessionStateChange.o `test -f 'TestNotificationIcmpEchoSessionStateChange.cpp' || echo './'`TestNotificationIcmpEchoSessionStateChange.cpp
g++ -DHAVE_CONFIG_H -I. -I../..   -Wdate-time -D_FORTIFY_SOURCE=2 -g -DNDEBUG -I../../SAI/inc -I../../SAI/experimental -I../../SAI/meta -I../../meta -I../../lib -fPIC -ansi -pipe -std=c++14 -Wall -Wcast-align -Wcast-qual -Wconversion -Wdisabled-optimization -Werror -Wextra -Wfloat-equal -Wformat=2 -Wformat-nonliteral -Wformat-security -Wformat-y2k -Wimport -Winit-self -Wno-inline -Winvalid-pch -Wmissing-field-initializers -Wmissing-format-attribute -Wmissing-include-dirs -Wno-aggregate-return -Wno-padded -Wno-switch-enum -Wno-unused-parameter -Wno-unused-variable -Wpacked -Wpointer-arith -Wredundant-decls -Wshadow -Wstack-protector -Wstrict-aliasing=3 -Wswitch -Wswitch-default -Wunreachable-code -Wunused -Wvariadic-macros -Wwrite-strings -Wno-switch-default -Wconversion -Wno-psabi -Wcast-align=strict -g -O0  -fno-omit-frame-pointer -fno-inline -c -o tests-TestNotificationHaScopeEvent.o `test -f 'TestNotificationHaScopeEvent.cpp' || echo './'`TestNotificationHaScopeEvent.cpp
g++ -DHAVE_CONFIG_H -I. -I../..   -Wdate-time -D_FORTIFY_SOURCE=2 -g -DNDEBUG -I../../SAI/inc -I../../SAI/experimental -I../../SAI/meta -I../../meta -I../../lib -fPIC -ansi -pipe -std=c++14 -Wall -Wcast-align -Wcast-qual -Wconversion -Wdisabled-optimization -Werror -Wextra -Wfloat-equal -Wformat=2 -Wformat-nonliteral -Wformat-security -Wformat-y2k -Wimport -Winit-self -Wno-inline -Winvalid-pch -Wmissing-field-initializers -Wmissing-format-attribute -Wmissing-include-dirs -Wno-aggregate-return -Wno-padded -Wno-switch-enum -Wno-unused-parameter -Wno-unused-variable -Wpacked -Wpointer-arith -Wredundant-decls -Wshadow -Wstack-protector -Wstrict-aliasing=3 -Wswitch -Wswitch-default -Wunreachable-code -Wunused -Wvariadic-macros -Wwrite-strings -Wno-switch-default -Wconversion -Wno-psabi -Wcast-align=strict -g -O0  -fno-omit-frame-pointer -fno-inline -c -o tests-TestNotificationHaSetEvent.o `test -f 'TestNotificationHaSetEvent.cpp' || echo './'`TestNotificationHaSetEvent.cpp
g++ -DHAVE_CONFIG_H -I. -I../..   -Wdate-time -D_FORTIFY_SOURCE=2 -g -DNDEBUG -I../../SAI/inc -I../../SAI/experimental -I../../SAI/meta -I../../meta -I../../lib -fPIC -ansi -pipe -std=c++14 -Wall -Wcast-align -Wcast-qual -Wconversion -Wdisabled-optimization -Werror -Wextra -Wfloat-equal -Wformat=2 -Wformat-nonliteral -Wformat-security -Wformat-y2k -Wimport -Winit-self -Wno-inline -Winvalid-pch -Wmissing-field-initializers -Wmissing-format-attribute -Wmissing-include-dirs -Wno-aggregate-return -Wno-padded -Wno-switch-enum -Wno-unused-parameter -Wno-unused-variable -Wpacked -Wpointer-arith -Wredundant-decls -Wshadow -Wstack-protector -Wstrict-aliasing=3 -Wswitch -Wswitch-default -Wunreachable-code -Wunused -Wvariadic-macros -Wwrite-strings -Wno-switch-default -Wconversion -Wno-psabi -Wcast-align=strict -g -O0  -fno-omit-frame-pointer -fno-inline -c -o tests-TestNotificationTam.o `test -f 'TestNotificationTam.cpp' || echo './'`TestNotificationTam.cpp
g++ -DHAVE_CONFIG_H -I. -I../..   -Wdate-time -D_FORTIFY_SOURCE=2 -g -DNDEBUG -I../../SAI/inc -I../../SAI/experimental -I../../SAI/meta -I../../meta -I../../lib -fPIC -ansi -pipe -std=c++14 -Wall -Wcast-align -Wcast-qual -Wconversion -Wdisabled-optimization -Werror -Wextra -Wfloat-equal -Wformat=2 -Wformat-nonliteral -Wformat-security -Wformat-y2k -Wimport -Winit-self -Wno-inline -Winvalid-pch -Wmissing-field-initializers -Wmissing-format-attribute -Wmissing-include-dirs -Wno-aggregate-return -Wno-padded -Wno-switch-enum -Wno-unused-parameter -Wno-unused-variable -Wpacked -Wpointer-arith -Wredundant-decls -Wshadow -Wstack-protector -Wstrict-aliasing=3 -Wswitch -Wswitch-default -Wunreachable-code -Wunused -Wvariadic-macros -Wwrite-strings -Wno-switch-default -Wconversion -Wno-psabi -Wcast-align=strict -g -O0  -fno-omit-frame-pointer -fno-inline -c -o tests-TestOidRefCounter.o `test -f 'TestOidRefCounter.cpp' || echo './'`TestOidRefCounter.cpp
g++ -DHAVE_CONFIG_H -I. -I../..   -Wdate-time -D_FORTIFY_SOURCE=2 -g -DNDEBUG -I../../SAI/inc -I../../SAI/experimental -I../../SAI/meta -I../../meta -I../../lib -fPIC -ansi -pipe -std=c++14 -Wall -Wcast-align -Wcast-qual -Wconversion -Wdisabled-optimization -Werror -Wextra -Wfloat-equal -Wformat=2 -Wformat-nonliteral -Wformat-security -Wformat-y2k -Wimport -Winit-self -Wno-inline -Winvalid-pch -Wmissing-field-initializers -Wmissing-format-attribute -Wmissing-include-dirs -Wno-aggregate-return -Wno-padded -Wno-switch-enum -Wno-unused-parameter -Wno-unused-variable -Wpacked -Wpointer-arith -Wredundant-decls -Wshadow -Wstack-protector -Wstrict-aliasing=3 -Wswitch -Wswitch-default -Wunreachable-code -Wunused -Wvariadic-macros -Wwrite-strings -Wno-switch-default -Wconversion -Wno-psabi -Wcast-align=strict -g -O0  -fno-omit-frame-pointer -fno-inline -c -o tests-TestPerformanceIntervalTimer.o `test -f 'TestPerformanceIntervalTimer.cpp' || echo './'`TestPerformanceIntervalTimer.cpp
g++ -DHAVE_CONFIG_H -I. -I../..   -Wdate-time -D_FORTIFY_SOURCE=2 -g -DNDEBUG -I../../SAI/inc -I../../SAI/experimental -I../../SAI/meta -I../../meta -I../../lib -fPIC -ansi -pipe -std=c++14 -Wall -Wcast-align -Wcast-qual -Wconversion -Wdisabled-optimization -Werror -Wextra -Wfloat-equal -Wformat=2 -Wformat-nonliteral -Wformat-security -Wformat-y2k -Wimport -Winit-self -Wno-inline -Winvalid-pch -Wmissing-field-initializers -Wmissing-format-attribute -Wmissing-include-dirs -Wno-aggregate-return -Wno-padded -Wno-switch-enum -Wno-unused-parameter -Wno-unused-variable -Wpacked -Wpointer-arith -Wredundant-decls -Wshadow -Wstack-protector -Wstrict-aliasing=3 -Wswitch -Wswitch-default -Wunreachable-code -Wunused -Wvariadic-macros -Wwrite-strings -Wno-switch-default -Wconversion -Wno-psabi -Wcast-align=strict -g -O0  -fno-omit-frame-pointer -fno-inline -c -o tests-TestPortRelatedSet.o `test -f 'TestPortRelatedSet.cpp' || echo './'`TestPortRelatedSet.cpp
g++ -DHAVE_CONFIG_H -I. -I../..   -Wdate-time -D_FORTIFY_SOURCE=2 -g -DNDEBUG -I../../SAI/inc -I../../SAI/experimental -I../../SAI/meta -I../../meta -I../../lib -fPIC -ansi -pipe -std=c++14 -Wall -Wcast-align -Wcast-qual -Wconversion -Wdisabled-optimization -Werror -Wextra -Wfloat-equal -Wformat=2 -Wformat-nonliteral -Wformat-security -Wformat-y2k -Wimport -Winit-self -Wno-inline -Winvalid-pch -Wmissing-field-initializers -Wmissing-format-attribute -Wmissing-include-dirs -Wno-aggregate-return -Wno-padded -Wno-switch-enum -Wno-unused-parameter -Wno-unused-variable -Wpacked -Wpointer-arith -Wredundant-decls -Wshadow -Wstack-protector -Wstrict-aliasing=3 -Wswitch -Wswitch-default -Wunreachable-code -Wunused -Wvariadic-macros -Wwrite-strings -Wno-switch-default -Wconversion -Wno-psabi -Wcast-align=strict -g -O0  -fno-omit-frame-pointer -fno-inline -c -o tests-TestSaiAttrWrapper.o `test -f 'TestSaiAttrWrapper.cpp' || echo './'`TestSaiAttrWrapper.cpp
g++ -DHAVE_CONFIG_H -I. -I../..   -Wdate-time -D_FORTIFY_SOURCE=2 -g -DNDEBUG -I../../SAI/inc -I../../SAI/experimental -I../../SAI/meta -I../../meta -I../../lib -fPIC -ansi -pipe -std=c++14 -Wall -Wcast-align -Wcast-qual -Wconversion -Wdisabled-optimization -Werror -Wextra -Wfloat-equal -Wformat=2 -Wformat-nonliteral -Wformat-security -Wformat-y2k -Wimport -Winit-self -Wno-inline -Winvalid-pch -Wmissing-field-initializers -Wmissing-format-attribute -Wmissing-include-dirs -Wno-aggregate-return -Wno-padded -Wno-switch-enum -Wno-unused-parameter -Wno-unused-variable -Wpacked -Wpointer-arith -Wredundant-decls -Wshadow -Wstack-protector -Wstrict-aliasing=3 -Wswitch -Wswitch-default -Wunreachable-code -Wunused -Wvariadic-macros -Wwrite-strings -Wno-switch-default -Wconversion -Wno-psabi -Wcast-align=strict -g -O0  -fno-omit-frame-pointer -fno-inline -c -o tests-TestSaiAttributeList.o `test -f 'TestSaiAttributeList.cpp' || echo './'`TestSaiAttributeList.cpp
g++ -DHAVE_CONFIG_H -I. -I../..   -Wdate-time -D_FORTIFY_SOURCE=2 -g -DNDEBUG -I../../SAI/inc -I../../SAI/experimental -I../../SAI/meta -I../../meta -I../../lib -fPIC -ansi -pipe -std=c++14 -Wall -Wcast-align -Wcast-qual -Wconversion -Wdisabled-optimization -Werror -Wextra -Wfloat-equal -Wformat=2 -Wformat-nonliteral -Wformat-security -Wformat-y2k -Wimport -Winit-self -Wno-inline -Winvalid-pch -Wmissing-field-initializers -Wmissing-format-attribute -Wmissing-include-dirs -Wno-aggregate-return -Wno-padded -Wno-switch-enum -Wno-unused-parameter -Wno-unused-variable -Wpacked -Wpointer-arith -Wredundant-decls -Wshadow -Wstack-protector -Wstrict-aliasing=3 -Wswitch -Wswitch-default -Wunreachable-code -Wunused -Wvariadic-macros -Wwrite-strings -Wno-switch-default -Wconversion -Wno-psabi -Wcast-align=strict -g -O0  -fno-omit-frame-pointer -fno-inline -c -o tests-TestSaiObject.o `test -f 'TestSaiObject.cpp' || echo './'`TestSaiObject.cpp
g++ -DHAVE_CONFIG_H -I. -I../..   -Wdate-time -D_FORTIFY_SOURCE=2 -g -DNDEBUG -I../../SAI/inc -I../../SAI/experimental -I../../SAI/meta -I../../meta -I../../lib -fPIC -ansi -pipe -std=c++14 -Wall -Wcast-align -Wcast-qual -Wconversion -Wdisabled-optimization -Werror -Wextra -Wfloat-equal -Wformat=2 -Wformat-nonliteral -Wformat-security -Wformat-y2k -Wimport -Winit-self -Wno-inline -Winvalid-pch -Wmissing-field-initializers -Wmissing-format-attribute -Wmissing-include-dirs -Wno-aggregate-return -Wno-padded -Wno-switch-enum -Wno-unused-parameter -Wno-unused-variable -Wpacked -Wpointer-arith -Wredundant-decls -Wshadow -Wstack-protector -Wstrict-aliasing=3 -Wswitch -Wswitch-default -Wunreachable-code -Wunused -Wvariadic-macros -Wwrite-strings -Wno-switch-default -Wconversion -Wno-psabi -Wcast-align=strict -g -O0  -fno-omit-frame-pointer -fno-inline -c -o tests-TestSaiObjectCollection.o `test -f 'TestSaiObjectCollection.cpp' || echo './'`TestSaiObjectCollection.cpp
g++ -DHAVE_CONFIG_H -I. -I../..   -Wdate-time -D_FORTIFY_SOURCE=2 -g -DNDEBUG -I../../SAI/inc -I../../SAI/experimental -I../../SAI/meta -I../../meta -I../../lib -fPIC -ansi -pipe -std=c++14 -Wall -Wcast-align -Wcast-qual -Wconversion -Wdisabled-optimization -Werror -Wextra -Wfloat-equal -Wformat=2 -Wformat-nonliteral -Wformat-security -Wformat-y2k -Wimport -Winit-self -Wno-inline -Winvalid-pch -Wmissing-field-initializers -Wmissing-format-attribute -Wmissing-include-dirs -Wno-aggregate-return -Wno-padded -Wno-switch-enum -Wno-unused-parameter -Wno-unused-variable -Wpacked -Wpointer-arith -Wredundant-decls -Wshadow -Wstack-protector -Wstrict-aliasing=3 -Wswitch -Wswitch-default -Wunreachable-code -Wunused -Wvariadic-macros -Wwrite-strings -Wno-switch-default -Wconversion -Wno-psabi -Wcast-align=strict -g -O0  -fno-omit-frame-pointer -fno-inline -c -o tests-TestSaiInterface.o `test -f 'TestSaiInterface.cpp' || echo './'`TestSaiInterface.cpp
g++ -DHAVE_CONFIG_H -I. -I../..   -Wdate-time -D_FORTIFY_SOURCE=2 -g -DNDEBUG -I../../SAI/inc -I../../SAI/experimental -I../../SAI/meta -I../../meta -I../../lib -fPIC -ansi -pipe -std=c++14 -Wall -Wcast-align -Wcast-qual -Wconversion -Wdisabled-optimization -Werror -Wextra -Wfloat-equal -Wformat=2 -Wformat-nonliteral -Wformat-security -Wformat-y2k -Wimport -Winit-self -Wno-inline -Winvalid-pch -Wmissing-field-initializers -Wmissing-format-attribute -Wmissing-include-dirs -Wno-aggregate-return -Wno-padded -Wno-switch-enum -Wno-unused-parameter -Wno-unused-variable -Wpacked -Wpointer-arith -Wredundant-decls -Wshadow -Wstack-protector -Wstrict-aliasing=3 -Wswitch -Wswitch-default -Wunreachable-code -Wunused -Wvariadic-macros -Wwrite-strings -Wno-switch-default -Wconversion -Wno-psabi -Wcast-align=strict -g -O0  -fno-omit-frame-pointer -fno-inline -c -o tests-TestSaiSerialize.o `test -f 'TestSaiSerialize.cpp' || echo './'`TestSaiSerialize.cpp
g++ -DHAVE_CONFIG_H -I. -I../..   -Wdate-time -D_FORTIFY_SOURCE=2 -g -DNDEBUG -I../../SAI/inc -I../../SAI/experimental -I../../SAI/meta -I../../meta -I../../lib -fPIC -ansi -pipe -std=c++14 -Wall -Wcast-align -Wcast-qual -Wconversion -Wdisabled-optimization -Werror -Wextra -Wfloat-equal -Wformat=2 -Wformat-nonliteral -Wformat-security -Wformat-y2k -Wimport -Winit-self -Wno-inline -Winvalid-pch -Wmissing-field-initializers -Wmissing-format-attribute -Wmissing-include-dirs -Wno-aggregate-return -Wno-padded -Wno-switch-enum -Wno-unused-parameter -Wno-unused-variable -Wpacked -Wpointer-arith -Wredundant-decls -Wshadow -Wstack-protector -Wstrict-aliasing=3 -Wswitch -Wswitch-default -Wunreachable-code -Wunused -Wvariadic-macros -Wwrite-strings -Wno-switch-default -Wconversion -Wno-psabi -Wcast-align=strict -g -O0  -fno-omit-frame-pointer -fno-inline -c -o tests-TestLegacy.o `test -f 'TestLegacy.cpp' || echo './'`TestLegacy.cpp
g++ -DHAVE_CONFIG_H -I. -I../..   -Wdate-time -D_FORTIFY_SOURCE=2 -g -DNDEBUG -I../../SAI/inc -I../../SAI/experimental -I../../SAI/meta -I../../meta -I../../lib -fPIC -ansi -pipe -std=c++14 -Wall -Wcast-align -Wcast-qual -Wconversion -Wdisabled-optimization -Werror -Wextra -Wfloat-equal -Wformat=2 -Wformat-nonliteral -Wformat-security -Wformat-y2k -Wimport -Winit-self -Wno-inline -Winvalid-pch -Wmissing-field-initializers -Wmissing-format-attribute -Wmissing-include-dirs -Wno-aggregate-return -Wno-padded -Wno-switch-enum -Wno-unused-parameter -Wno-unused-variable -Wpacked -Wpointer-arith -Wredundant-decls -Wshadow -Wstack-protector -Wstrict-aliasing=3 -Wswitch -Wswitch-default -Wunreachable-code -Wunused -Wvariadic-macros -Wwrite-strings -Wno-switch-default -Wconversion -Wno-psabi -Wcast-align=strict -g -O0  -fno-omit-frame-pointer -fno-inline -c -o tests-TestLegacyFdbEntry.o `test -f 'TestLegacyFdbEntry.cpp' || echo './'`TestLegacyFdbEntry.cpp
g++ -DHAVE_CONFIG_H -I. -I../..   -Wdate-time -D_FORTIFY_SOURCE=2 -g -DNDEBUG -I../../SAI/inc -I../../SAI/experimental -I../../SAI/meta -I../../meta -I../../lib -fPIC -ansi -pipe -std=c++14 -Wall -Wcast-align -Wcast-qual -Wconversion -Wdisabled-optimization -Werror -Wextra -Wfloat-equal -Wformat=2 -Wformat-nonliteral -Wformat-security -Wformat-y2k -Wimport -Winit-self -Wno-inline -Winvalid-pch -Wmissing-field-initializers -Wmissing-format-attribute -Wmissing-include-dirs -Wno-aggregate-return -Wno-padded -Wno-switch-enum -Wno-unused-parameter -Wno-unused-variable -Wpacked -Wpointer-arith -Wredundant-decls -Wshadow -Wstack-protector -Wstrict-aliasing=3 -Wswitch -Wswitch-default -Wunreachable-code -Wunused -Wvariadic-macros -Wwrite-strings -Wno-switch-default -Wconversion -Wno-psabi -Wcast-align=strict -g -O0  -fno-omit-frame-pointer -fno-inline -c -o tests-TestLegacyNeighborEntry.o `test -f 'TestLegacyNeighborEntry.cpp' || echo './'`TestLegacyNeighborEntry.cpp
g++ -DHAVE_CONFIG_H -I. -I../..   -Wdate-time -D_FORTIFY_SOURCE=2 -g -DNDEBUG -I../../SAI/inc -I../../SAI/experimental -I../../SAI/meta -I../../meta -I../../lib -fPIC -ansi -pipe -std=c++14 -Wall -Wcast-align -Wcast-qual -Wconversion -Wdisabled-optimization -Werror -Wextra -Wfloat-equal -Wformat=2 -Wformat-nonliteral -Wformat-security -Wformat-y2k -Wimport -Winit-self -Wno-inline -Winvalid-pch -Wmissing-field-initializers -Wmissing-format-attribute -Wmissing-include-dirs -Wno-aggregate-return -Wno-padded -Wno-switch-enum -Wno-unused-parameter -Wno-unused-variable -Wpacked -Wpointer-arith -Wredundant-decls -Wshadow -Wstack-protector -Wstrict-aliasing=3 -Wswitch -Wswitch-default -Wunreachable-code -Wunused -Wvariadic-macros -Wwrite-strings -Wno-switch-default -Wconversion -Wno-psabi -Wcast-align=strict -g -O0  -fno-omit-frame-pointer -fno-inline -c -o tests-TestLegacyVlan.o `test -f 'TestLegacyVlan.cpp' || echo './'`TestLegacyVlan.cpp
g++ -DHAVE_CONFIG_H -I. -I../..   -Wdate-time -D_FORTIFY_SOURCE=2 -g -DNDEBUG -I../../SAI/inc -I../../SAI/experimental -I../../SAI/meta -I../../meta -I../../lib -fPIC -ansi -pipe -std=c++14 -Wall -Wcast-align -Wcast-qual -Wconversion -Wdisabled-optimization -Werror -Wextra -Wfloat-equal -Wformat=2 -Wformat-nonliteral -Wformat-security -Wformat-y2k -Wimport -Winit-self -Wno-inline -Winvalid-pch -Wmissing-field-initializers -Wmissing-format-attribute -Wmissing-include-dirs -Wno-aggregate-return -Wno-padded -Wno-switch-enum -Wno-unused-parameter -Wno-unused-variable -Wpacked -Wpointer-arith -Wredundant-decls -Wshadow -Wstack-protector -Wstrict-aliasing=3 -Wswitch -Wswitch-default -Wunreachable-code -Wunused -Wvariadic-macros -Wwrite-strings -Wno-switch-default -Wconversion -Wno-psabi -Wcast-align=strict -g -O0  -fno-omit-frame-pointer -fno-inline -c -o tests-TestLegacyRouteEntry.o `test -f 'TestLegacyRouteEntry.cpp' || echo './'`TestLegacyRouteEntry.cpp
g++ -DHAVE_CONFIG_H -I. -I../..   -Wdate-time -D_FORTIFY_SOURCE=2 -g -DNDEBUG -I../../SAI/inc -I../../SAI/experimental -I../../SAI/meta -I../../meta -I../../lib -fPIC -ansi -pipe -std=c++14 -Wall -Wcast-align -Wcast-qual -Wconversion -Wdisabled-optimization -Werror -Wextra -Wfloat-equal -Wformat=2 -Wformat-nonliteral -Wformat-security -Wformat-y2k -Wimport -Winit-self -Wno-inline -Winvalid-pch -Wmissing-field-initializers -Wmissing-format-attribute -Wmissing-include-dirs -Wno-aggregate-return -Wno-padded -Wno-switch-enum -Wno-unused-parameter -Wno-unused-variable -Wpacked -Wpointer-arith -Wredundant-decls -Wshadow -Wstack-protector -Wstrict-aliasing=3 -Wswitch -Wswitch-default -Wunreachable-code -Wunused -Wvariadic-macros -Wwrite-strings -Wno-switch-default -Wconversion -Wno-psabi -Wcast-align=strict -g -O0  -fno-omit-frame-pointer -fno-inline -c -o tests-TestLegacyOther.o `test -f 'TestLegacyOther.cpp' || echo './'`TestLegacyOther.cpp
g++ -DHAVE_CONFIG_H -I. -I../..   -Wdate-time -D_FORTIFY_SOURCE=2 -g -DNDEBUG -I../../SAI/inc -I../../SAI/experimental -I../../SAI/meta -I../../meta -I../../lib -fPIC -ansi -pipe -std=c++14 -Wall -Wcast-align -Wcast-qual -Wconversion -Wdisabled-optimization -Werror -Wextra -Wfloat-equal -Wformat=2 -Wformat-nonliteral -Wformat-security -Wformat-y2k -Wimport -Winit-self -Wno-inline -Winvalid-pch -Wmissing-field-initializers -Wmissing-format-attribute -Wmissing-include-dirs -Wno-aggregate-return -Wno-padded -Wno-switch-enum -Wno-unused-parameter -Wno-unused-variable -Wpacked -Wpointer-arith -Wredundant-decls -Wshadow -Wstack-protector -Wstrict-aliasing=3 -Wswitch -Wswitch-default -Wunreachable-code -Wunused -Wvariadic-macros -Wwrite-strings -Wno-switch-default -Wconversion -Wno-psabi -Wcast-align=strict -g -O0  -fno-omit-frame-pointer -fno-inline -c -o tests-TestZeroMQSelectableChannel.o `test -f 'TestZeroMQSelectableChannel.cpp' || echo './'`TestZeroMQSelectableChannel.cpp
g++ -DHAVE_CONFIG_H -I. -I../..   -Wdate-time -D_FORTIFY_SOURCE=2 -g -DNDEBUG -I../../SAI/inc -I../../SAI/experimental -I../../SAI/meta -I../../meta -I../../lib -fPIC -ansi -pipe -std=c++14 -Wall -Wcast-align -Wcast-qual -Wconversion -Wdisabled-optimization -Werror -Wextra -Wfloat-equal -Wformat=2 -Wformat-nonliteral -Wformat-security -Wformat-y2k -Wimport -Winit-self -Wno-inline -Winvalid-pch -Wmissing-field-initializers -Wmissing-format-attribute -Wmissing-include-dirs -Wno-aggregate-return -Wno-padded -Wno-switch-enum -Wno-unused-parameter -Wno-unused-variable -Wpacked -Wpointer-arith -Wredundant-decls -Wshadow -Wstack-protector -Wstrict-aliasing=3 -Wswitch -Wswitch-default -Wunreachable-code -Wunused -Wvariadic-macros -Wwrite-strings -Wno-switch-default -Wconversion -Wno-psabi -Wcast-align=strict -g -O0  -fno-omit-frame-pointer -fno-inline -c -o tests-TestMeta.o `test -f 'TestMeta.cpp' || echo './'`TestMeta.cpp
g++ -DHAVE_CONFIG_H -I. -I../..   -Wdate-time -D_FORTIFY_SOURCE=2 -g -DNDEBUG -I../../SAI/inc -I../../SAI/experimental -I../../SAI/meta -I../../meta -I../../lib -fPIC -ansi -pipe -std=c++14 -Wall -Wcast-align -Wcast-qual -Wconversion -Wdisabled-optimization -Werror -Wextra -Wfloat-equal -Wformat=2 -Wformat-nonliteral -Wformat-security -Wformat-y2k -Wimport -Winit-self -Wno-inline -Winvalid-pch -Wmissing-field-initializers -Wmissing-format-attribute -Wmissing-include-dirs -Wno-aggregate-return -Wno-padded -Wno-switch-enum -Wno-unused-parameter -Wno-unused-variable -Wpacked -Wpointer-arith -Wredundant-decls -Wshadow -Wstack-protector -Wstrict-aliasing=3 -Wswitch -Wswitch-default -Wunreachable-code -Wunused -Wvariadic-macros -Wwrite-strings -Wno-switch-default -Wconversion -Wno-psabi -Wcast-align=strict -g -O0  -fno-omit-frame-pointer -fno-inline -c -o tests-TestMetaDash.o `test -f 'TestMetaDash.cpp' || echo './'`TestMetaDash.cpp
/bin/bash ../../libtool  --tag=CXX   --mode=link g++ -g -DNDEBUG -I../../SAI/inc -I../../SAI/experimental -I../../SAI/meta -I../../meta -I../../lib -fPIC -ansi -pipe -std=c++14 -Wall -Wcast-align -Wcast-qual -Wconversion -Wdisabled-optimization -Werror -Wextra -Wfloat-equal -Wformat=2 -Wformat-nonliteral -Wformat-security -Wformat-y2k -Wimport -Winit-self -Wno-inline -Winvalid-pch -Wmissing-field-initializers -Wmissing-format-attribute -Wmissing-include-dirs -Wno-aggregate-return -Wno-padded -Wno-switch-enum -Wno-unused-parameter -Wno-unused-variable -Wpacked -Wpointer-arith -Wredundant-decls -Wshadow -Wstack-protector -Wstrict-aliasing=3 -Wswitch -Wswitch-default -Wunreachable-code -Wunused -Wvariadic-macros -Wwrite-strings -Wno-switch-default -Wconversion -Wno-psabi -Wcast-align=strict -g -O0  -fno-omit-frame-pointer -fno-inline  -Wl,-z,relro -Wl,-z,now -o tests tests-main.o ../../meta/tests-MetaTestSaiInterface.o ../../lib/tests-VirtualObjectIdManager.o ../../lib/tests-SwitchConfig.o ../../lib/tests-SwitchConfigContainer.o ../../lib/tests-ZeroMQChannel.o ../../lib/tests-Channel.o tests-MockMeta.o tests-TestAttrKeyMap.o tests-TestDummySaiInterface.o tests-TestGlobals.o tests-TestMetaKeyHasher.o tests-TestNotificationFactory.o tests-TestNotificationFdbEvent.o tests-TestNotificationNatEvent.o tests-TestNotificationPortStateChange.o tests-TestNotificationQueuePfcDeadlock.o tests-TestNotificationSwitchShutdownRequest.o tests-TestNotificationSwitchAsicSdkHealthEvent.o tests-TestNotificationSwitchStateChange.o tests-TestNotificationBfdSessionStateChange.o tests-TestNotificationIcmpEchoSessionStateChange.o tests-TestNotificationHaScopeEvent.o tests-TestNotificationHaSetEvent.o tests-TestNotificationTam.o tests-TestOidRefCounter.o tests-TestPerformanceIntervalTimer.o tests-TestPortRelatedSet.o tests-TestSaiAttrWrapper.o tests-TestSaiAttributeList.o tests-TestSaiObject.o tests-TestSaiObjectCollection.o tests-TestSaiInterface.o tests-TestSaiSerialize.o tests-TestLegacy.o tests-TestLegacyFdbEntry.o tests-TestLegacyNeighborEntry.o tests-TestLegacyVlan.o tests-TestLegacyRouteEntry.o tests-TestLegacyOther.o tests-TestZeroMQSelectableChannel.o tests-TestMeta.o tests-TestMetaDash.o -L/usr/src/gtest -lgtest -lgtest_main -lhiredis -lswsscommon -lpthread -L../../meta/.libs -lsaimetadata -lsaimeta -lzmq  
libtool: link: g++ -g -DNDEBUG -I../../SAI/inc -I../../SAI/experimental -I../../SAI/meta -I../../meta -I../../lib -fPIC -ansi -pipe -std=c++14 -Wall -Wcast-align -Wcast-qual -Wconversion -Wdisabled-optimization -Werror -Wextra -Wfloat-equal -Wformat=2 -Wformat-nonliteral -Wformat-security -Wformat-y2k -Wimport -Winit-self -Wno-inline -Winvalid-pch -Wmissing-field-initializers -Wmissing-format-attribute -Wmissing-include-dirs -Wno-aggregate-return -Wno-padded -Wno-switch-enum -Wno-unused-parameter -Wno-unused-variable -Wpacked -Wpointer-arith -Wredundant-decls -Wshadow -Wstack-protector -Wstrict-aliasing=3 -Wswitch -Wswitch-default -Wunreachable-code -Wunused -Wvariadic-macros -Wwrite-strings -Wno-switch-default -Wconversion -Wno-psabi -Wcast-align=strict -g -O0 -fno-omit-frame-pointer -fno-inline -Wl,-z -Wl,relro -Wl,-z -Wl,now -o .libs/tests tests-main.o ../../meta/tests-MetaTestSaiInterface.o ../../lib/tests-VirtualObjectIdManager.o ../../lib/tests-SwitchConfig.o ../../lib/tests-SwitchConfigContainer.o ../../lib/tests-ZeroMQChannel.o ../../lib/tests-Channel.o tests-MockMeta.o tests-TestAttrKeyMap.o tests-TestDummySaiInterface.o tests-TestGlobals.o tests-TestMetaKeyHasher.o tests-TestNotificationFactory.o tests-TestNotificationFdbEvent.o tests-TestNotificationNatEvent.o tests-TestNotificationPortStateChange.o tests-TestNotificationQueuePfcDeadlock.o tests-TestNotificationSwitchShutdownRequest.o tests-TestNotificationSwitchAsicSdkHealthEvent.o tests-TestNotificationSwitchStateChange.o tests-TestNotificationBfdSessionStateChange.o tests-TestNotificationIcmpEchoSessionStateChange.o tests-TestNotificationHaScopeEvent.o tests-TestNotificationHaSetEvent.o tests-TestNotificationTam.o tests-TestOidRefCounter.o tests-TestPerformanceIntervalTimer.o tests-TestPortRelatedSet.o tests-TestSaiAttrWrapper.o tests-TestSaiAttributeList.o tests-TestSaiObject.o tests-TestSaiObjectCollection.o tests-TestSaiInterface.o tests-TestSaiSerialize.o tests-TestLegacy.o tests-TestLegacyFdbEntry.o tests-TestLegacyNeighborEntry.o tests-TestLegacyVlan.o tests-TestLegacyRouteEntry.o tests-TestLegacyOther.o tests-TestZeroMQSelectableChannel.o tests-TestMeta.o tests-TestMetaDash.o  -L/usr/src/gtest -lgtest -lgtest_main -lhiredis -lswsscommon -lpthread -L../../meta/.libs /sonic/src/sonic-sairedis/meta/.libs/libsaimetadata.so /sonic/src/sonic-sairedis/meta/.libs/libsaimeta.so -lzmq
make[3]: Leaving directory '/sonic/src/sonic-sairedis/unittest/meta'
Making all in lib
make[3]: Entering directory '/sonic/src/sonic-sairedis/unittest/lib'
g++ -DHAVE_CONFIG_H -I. -I../..   -Wdate-time -D_FORTIFY_SOURCE=2 -g -DNDEBUG -I../../SAI/inc -I../../SAI/experimental -I../../SAI/meta -I../../meta -I../../lib -fPIC -ansi -pipe -std=c++14 -Wall -Wcast-align -Wcast-qual -Wconversion -Wdisabled-optimization -Werror -Wextra -Wfloat-equal -Wformat=2 -Wformat-nonliteral -Wformat-security -Wformat-y2k -Wimport -Winit-self -Wno-inline -Winvalid-pch -Wmissing-field-initializers -Wmissing-format-attribute -Wmissing-include-dirs -Wno-aggregate-return -Wno-padded -Wno-switch-enum -Wno-unused-parameter -Wno-unused-variable -Wpacked -Wpointer-arith -Wredundant-decls -Wshadow -Wstack-protector -Wstrict-aliasing=3 -Wswitch -Wswitch-default -Wunreachable-code -Wunused -Wvariadic-macros -Wwrite-strings -Wno-switch-default -Wconversion -Wno-psabi -Wcast-align=strict -fno-access-control -g -O0  -fno-omit-frame-pointer -fno-inline -c -o tests-main.o `test -f 'main.cpp' || echo './'`main.cpp
g++ -DHAVE_CONFIG_H -I. -I../..   -Wdate-time -D_FORTIFY_SOURCE=2 -g -DNDEBUG -I../../SAI/inc -I../../SAI/experimental -I../../SAI/meta -I../../meta -I../../lib -fPIC -ansi -pipe -std=c++14 -Wall -Wcast-align -Wcast-qual -Wconversion -Wdisabled-optimization -Werror -Wextra -Wfloat-equal -Wformat=2 -Wformat-nonliteral -Wformat-security -Wformat-y2k -Wimport -Winit-self -Wno-inline -Winvalid-pch -Wmissing-field-initializers -Wmissing-format-attribute -Wmissing-include-dirs -Wno-aggregate-return -Wno-padded -Wno-switch-enum -Wno-unused-parameter -Wno-unused-variable -Wpacked -Wpointer-arith -Wredundant-decls -Wshadow -Wstack-protector -Wstrict-aliasing=3 -Wswitch -Wswitch-default -Wunreachable-code -Wunused -Wvariadic-macros -Wwrite-strings -Wno-switch-default -Wconversion -Wno-psabi -Wcast-align=strict -fno-access-control -g -O0  -fno-omit-frame-pointer -fno-inline -c -o ../../meta/tests-NumberOidIndexGenerator.o `test -f '../../meta/NumberOidIndexGenerator.cpp' || echo './'`../../meta/NumberOidIndexGenerator.cpp
g++ -DHAVE_CONFIG_H -I. -I../..   -Wdate-time -D_FORTIFY_SOURCE=2 -g -DNDEBUG -I../../SAI/inc -I../../SAI/experimental -I../../SAI/meta -I../../meta -I../../lib -fPIC -ansi -pipe -std=c++14 -Wall -Wcast-align -Wcast-qual -Wconversion -Wdisabled-optimization -Werror -Wextra -Wfloat-equal -Wformat=2 -Wformat-nonliteral -Wformat-security -Wformat-y2k -Wimport -Winit-self -Wno-inline -Winvalid-pch -Wmissing-field-initializers -Wmissing-format-attribute -Wmissing-include-dirs -Wno-aggregate-return -Wno-padded -Wno-switch-enum -Wno-unused-parameter -Wno-unused-variable -Wpacked -Wpointer-arith -Wredundant-decls -Wshadow -Wstack-protector -Wstrict-aliasing=3 -Wswitch -Wswitch-default -Wunreachable-code -Wunused -Wvariadic-macros -Wwrite-strings -Wno-switch-default -Wconversion -Wno-psabi -Wcast-align=strict -fno-access-control -g -O0  -fno-omit-frame-pointer -fno-inline -c -o tests-TestSwitch.o `test -f 'TestSwitch.cpp' || echo './'`TestSwitch.cpp
g++ -DHAVE_CONFIG_H -I. -I../..   -Wdate-time -D_FORTIFY_SOURCE=2 -g -DNDEBUG -I../../SAI/inc -I../../SAI/experimental -I../../SAI/meta -I../../meta -I../../lib -fPIC -ansi -pipe -std=c++14 -Wall -Wcast-align -Wcast-qual -Wconversion -Wdisabled-optimization -Werror -Wextra -Wfloat-equal -Wformat=2 -Wformat-nonliteral -Wformat-security -Wformat-y2k -Wimport -Winit-self -Wno-inline -Winvalid-pch -Wmissing-field-initializers -Wmissing-format-attribute -Wmissing-include-dirs -Wno-aggregate-return -Wno-padded -Wno-switch-enum -Wno-unused-parameter -Wno-unused-variable -Wpacked -Wpointer-arith -Wredundant-decls -Wshadow -Wstack-protector -Wstrict-aliasing=3 -Wswitch -Wswitch-default -Wunreachable-code -Wunused -Wvariadic-macros -Wwrite-strings -Wno-switch-default -Wconversion -Wno-psabi -Wcast-align=strict -fno-access-control -g -O0  -fno-omit-frame-pointer -fno-inline -c -o tests-TestClientConfig.o `test -f 'TestClientConfig.cpp' || echo './'`TestClientConfig.cpp
g++ -DHAVE_CONFIG_H -I. -I../..   -Wdate-time -D_FORTIFY_SOURCE=2 -g -DNDEBUG -I../../SAI/inc -I../../SAI/experimental -I../../SAI/meta -I../../meta -I../../lib -fPIC -ansi -pipe -std=c++14 -Wall -Wcast-align -Wcast-qual -Wconversion -Wdisabled-optimization -Werror -Wextra -Wfloat-equal -Wformat=2 -Wformat-nonliteral -Wformat-security -Wformat-y2k -Wimport -Winit-self -Wno-inline -Winvalid-pch -Wmissing-field-initializers -Wmissing-format-attribute -Wmissing-include-dirs -Wno-aggregate-return -Wno-padded -Wno-switch-enum -Wno-unused-parameter -Wno-unused-variable -Wpacked -Wpointer-arith -Wredundant-decls -Wshadow -Wstack-protector -Wstrict-aliasing=3 -Wswitch -Wswitch-default -Wunreachable-code -Wunused -Wvariadic-macros -Wwrite-strings -Wno-switch-default -Wconversion -Wno-psabi -Wcast-align=strict -fno-access-control -g -O0  -fno-omit-frame-pointer -fno-inline -c -o tests-TestClientServerSai.o `test -f 'TestClientServerSai.cpp' || echo './'`TestClientServerSai.cpp
g++ -DHAVE_CONFIG_H -I. -I../..   -Wdate-time -D_FORTIFY_SOURCE=2 -g -DNDEBUG -I../../SAI/inc -I../../SAI/experimental -I../../SAI/meta -I../../meta -I../../lib -fPIC -ansi -pipe -std=c++14 -Wall -Wcast-align -Wcast-qual -Wconversion -Wdisabled-optimization -Werror -Wextra -Wfloat-equal -Wformat=2 -Wformat-nonliteral -Wformat-security -Wformat-y2k -Wimport -Winit-self -Wno-inline -Winvalid-pch -Wmissing-field-initializers -Wmissing-format-attribute -Wmissing-include-dirs -Wno-aggregate-return -Wno-padded -Wno-switch-enum -Wno-unused-parameter -Wno-unused-variable -Wpacked -Wpointer-arith -Wredundant-decls -Wshadow -Wstack-protector -Wstrict-aliasing=3 -Wswitch -Wswitch-default -Wunreachable-code -Wunused -Wvariadic-macros -Wwrite-strings -Wno-switch-default -Wconversion -Wno-psabi -Wcast-align=strict -fno-access-control -g -O0  -fno-omit-frame-pointer -fno-inline -c -o tests-TestContext.o `test -f 'TestContext.cpp' || echo './'`TestContext.cpp
g++ -DHAVE_CONFIG_H -I. -I../..   -Wdate-time -D_FORTIFY_SOURCE=2 -g -DNDEBUG -I../../SAI/inc -I../../SAI/experimental -I../../SAI/meta -I../../meta -I../../lib -fPIC -ansi -pipe -std=c++14 -Wall -Wcast-align -Wcast-qual -Wconversion -Wdisabled-optimization -Werror -Wextra -Wfloat-equal -Wformat=2 -Wformat-nonliteral -Wformat-security -Wformat-y2k -Wimport -Winit-self -Wno-inline -Winvalid-pch -Wmissing-field-initializers -Wmissing-format-attribute -Wmissing-include-dirs -Wno-aggregate-return -Wno-padded -Wno-switch-enum -Wno-unused-parameter -Wno-unused-variable -Wpacked -Wpointer-arith -Wredundant-decls -Wshadow -Wstack-protector -Wstrict-aliasing=3 -Wswitch -Wswitch-default -Wunreachable-code -Wunused -Wvariadic-macros -Wwrite-strings -Wno-switch-default -Wconversion -Wno-psabi -Wcast-align=strict -fno-access-control -g -O0  -fno-omit-frame-pointer -fno-inline -c -o tests-TestContextConfig.o `test -f 'TestContextConfig.cpp' || echo './'`TestContextConfig.cpp
g++ -DHAVE_CONFIG_H -I. -I../..   -Wdate-time -D_FORTIFY_SOURCE=2 -g -DNDEBUG -I../../SAI/inc -I../../SAI/experimental -I../../SAI/meta -I../../meta -I../../lib -fPIC -ansi -pipe -std=c++14 -Wall -Wcast-align -Wcast-qual -Wconversion -Wdisabled-optimization -Werror -Wextra -Wfloat-equal -Wformat=2 -Wformat-nonliteral -Wformat-security -Wformat-y2k -Wimport -Winit-self -Wno-inline -Winvalid-pch -Wmissing-field-initializers -Wmissing-format-attribute -Wmissing-include-dirs -Wno-aggregate-return -Wno-padded -Wno-switch-enum -Wno-unused-parameter -Wno-unused-variable -Wpacked -Wpointer-arith -Wredundant-decls -Wshadow -Wstack-protector -Wstrict-aliasing=3 -Wswitch -Wswitch-default -Wunreachable-code -Wunused -Wvariadic-macros -Wwrite-strings -Wno-switch-default -Wconversion -Wno-psabi -Wcast-align=strict -fno-access-control -g -O0  -fno-omit-frame-pointer -fno-inline -c -o tests-TestContextConfigContainer.o `test -f 'TestContextConfigContainer.cpp' || echo './'`TestContextConfigContainer.cpp
g++ -DHAVE_CONFIG_H -I. -I../..   -Wdate-time -D_FORTIFY_SOURCE=2 -g -DNDEBUG -I../../SAI/inc -I../../SAI/experimental -I../../SAI/meta -I../../meta -I../../lib -fPIC -ansi -pipe -std=c++14 -Wall -Wcast-align -Wcast-qual -Wconversion -Wdisabled-optimization -Werror -Wextra -Wfloat-equal -Wformat=2 -Wformat-nonliteral -Wformat-security -Wformat-y2k -Wimport -Winit-self -Wno-inline -Winvalid-pch -Wmissing-field-initializers -Wmissing-format-attribute -Wmissing-include-dirs -Wno-aggregate-return -Wno-padded -Wno-switch-enum -Wno-unused-parameter -Wno-unused-variable -Wpacked -Wpointer-arith -Wredundant-decls -Wshadow -Wstack-protector -Wstrict-aliasing=3 -Wswitch -Wswitch-default -Wunreachable-code -Wunused -Wvariadic-macros -Wwrite-strings -Wno-switch-default -Wconversion -Wno-psabi -Wcast-align=strict -fno-access-control -g -O0  -fno-omit-frame-pointer -fno-inline -c -o tests-TestUtils.o `test -f 'TestUtils.cpp' || echo './'`TestUtils.cpp
g++ -DHAVE_CONFIG_H -I. -I../..   -Wdate-time -D_FORTIFY_SOURCE=2 -g -DNDEBUG -I../../SAI/inc -I../../SAI/experimental -I../../SAI/meta -I../../meta -I../../lib -fPIC -ansi -pipe -std=c++14 -Wall -Wcast-align -Wcast-qual -Wconversion -Wdisabled-optimization -Werror -Wextra -Wfloat-equal -Wformat=2 -Wformat-nonliteral -Wformat-security -Wformat-y2k -Wimport -Winit-self -Wno-inline -Winvalid-pch -Wmissing-field-initializers -Wmissing-format-attribute -Wmissing-include-dirs -Wno-aggregate-return -Wno-padded -Wno-switch-enum -Wno-unused-parameter -Wno-unused-variable -Wpacked -Wpointer-arith -Wredundant-decls -Wshadow -Wstack-protector -Wstrict-aliasing=3 -Wswitch -Wswitch-default -Wunreachable-code -Wunused -Wvariadic-macros -Wwrite-strings -Wno-switch-default -Wconversion -Wno-psabi -Wcast-align=strict -fno-access-control -g -O0  -fno-omit-frame-pointer -fno-inline -c -o tests-TestVirtualObjectIdManager.o `test -f 'TestVirtualObjectIdManager.cpp' || echo './'`TestVirtualObjectIdManager.cpp
g++ -DHAVE_CONFIG_H -I. -I../..   -Wdate-time -D_FORTIFY_SOURCE=2 -g -DNDEBUG -I../../SAI/inc -I../../SAI/experimental -I../../SAI/meta -I../../meta -I../../lib -fPIC -ansi -pipe -std=c++14 -Wall -Wcast-align -Wcast-qual -Wconversion -Wdisabled-optimization -Werror -Wextra -Wfloat-equal -Wformat=2 -Wformat-nonliteral -Wformat-security -Wformat-y2k -Wimport -Winit-self -Wno-inline -Winvalid-pch -Wmissing-field-initializers -Wmissing-format-attribute -Wmissing-include-dirs -Wno-aggregate-return -Wno-padded -Wno-switch-enum -Wno-unused-parameter -Wno-unused-variable -Wpacked -Wpointer-arith -Wredundant-decls -Wshadow -Wstack-protector -Wstrict-aliasing=3 -Wswitch -Wswitch-default -Wunreachable-code -Wunused -Wvariadic-macros -Wwrite-strings -Wno-switch-default -Wconversion -Wno-psabi -Wcast-align=strict -fno-access-control -g -O0  -fno-omit-frame-pointer -fno-inline -c -o tests-TestZeroMQChannel.o `test -f 'TestZeroMQChannel.cpp' || echo './'`TestZeroMQChannel.cpp
g++ -DHAVE_CONFIG_H -I. -I../..   -Wdate-time -D_FORTIFY_SOURCE=2 -g -DNDEBUG -I../../SAI/inc -I../../SAI/experimental -I../../SAI/meta -I../../meta -I../../lib -fPIC -ansi -pipe -std=c++14 -Wall -Wcast-align -Wcast-qual -Wconversion -Wdisabled-optimization -Werror -Wextra -Wfloat-equal -Wformat=2 -Wformat-nonliteral -Wformat-security -Wformat-y2k -Wimport -Winit-self -Wno-inline -Winvalid-pch -Wmissing-field-initializers -Wmissing-format-attribute -Wmissing-include-dirs -Wno-aggregate-return -Wno-padded -Wno-switch-enum -Wno-unused-parameter -Wno-unused-variable -Wpacked -Wpointer-arith -Wredundant-decls -Wshadow -Wstack-protector -Wstrict-aliasing=3 -Wswitch -Wswitch-default -Wunreachable-code -Wunused -Wvariadic-macros -Wwrite-strings -Wno-switch-default -Wconversion -Wno-psabi -Wcast-align=strict -fno-access-control -g -O0  -fno-omit-frame-pointer -fno-inline -c -o tests-TestSwitchContainer.o `test -f 'TestSwitchContainer.cpp' || echo './'`TestSwitchContainer.cpp
g++ -DHAVE_CONFIG_H -I. -I../..   -Wdate-time -D_FORTIFY_SOURCE=2 -g -DNDEBUG -I../../SAI/inc -I../../SAI/experimental -I../../SAI/meta -I../../meta -I../../lib -fPIC -ansi -pipe -std=c++14 -Wall -Wcast-align -Wcast-qual -Wconversion -Wdisabled-optimization -Werror -Wextra -Wfloat-equal -Wformat=2 -Wformat-nonliteral -Wformat-security -Wformat-y2k -Wimport -Winit-self -Wno-inline -Winvalid-pch -Wmissing-field-initializers -Wmissing-format-attribute -Wmissing-include-dirs -Wno-aggregate-return -Wno-padded -Wno-switch-enum -Wno-unused-parameter -Wno-unused-variable -Wpacked -Wpointer-arith -Wredundant-decls -Wshadow -Wstack-protector -Wstrict-aliasing=3 -Wswitch -Wswitch-default -Wunreachable-code -Wunused -Wvariadic-macros -Wwrite-strings -Wno-switch-default -Wconversion -Wno-psabi -Wcast-align=strict -fno-access-control -g -O0  -fno-omit-frame-pointer -fno-inline -c -o tests-TestSwitchConfigContainer.o `test -f 'TestSwitchConfigContainer.cpp' || echo './'`TestSwitchConfigContainer.cpp
g++ -DHAVE_CONFIG_H -I. -I../..   -Wdate-time -D_FORTIFY_SOURCE=2 -g -DNDEBUG -I../../SAI/inc -I../../SAI/experimental -I../../SAI/meta -I../../meta -I../../lib -fPIC -ansi -pipe -std=c++14 -Wall -Wcast-align -Wcast-qual -Wconversion -Wdisabled-optimization -Werror -Wextra -Wfloat-equal -Wformat=2 -Wformat-nonliteral -Wformat-security -Wformat-y2k -Wimport -Winit-self -Wno-inline -Winvalid-pch -Wmissing-field-initializers -Wmissing-format-attribute -Wmissing-include-dirs -Wno-aggregate-return -Wno-padded -Wno-switch-enum -Wno-unused-parameter -Wno-unused-variable -Wpacked -Wpointer-arith -Wredundant-decls -Wshadow -Wstack-protector -Wstrict-aliasing=3 -Wswitch -Wswitch-default -Wunreachable-code -Wunused -Wvariadic-macros -Wwrite-strings -Wno-switch-default -Wconversion -Wno-psabi -Wcast-align=strict -fno-access-control -g -O0  -fno-omit-frame-pointer -fno-inline -c -o tests-TestSkipRecordAttrContainer.o `test -f 'TestSkipRecordAttrContainer.cpp' || echo './'`TestSkipRecordAttrContainer.cpp
g++ -DHAVE_CONFIG_H -I. -I../..   -Wdate-time -D_FORTIFY_SOURCE=2 -g -DNDEBUG -I../../SAI/inc -I../../SAI/experimental -I../../SAI/meta -I../../meta -I../../lib -fPIC -ansi -pipe -std=c++14 -Wall -Wcast-align -Wcast-qual -Wconversion -Wdisabled-optimization -Werror -Wextra -Wfloat-equal -Wformat=2 -Wformat-nonliteral -Wformat-security -Wformat-y2k -Wimport -Winit-self -Wno-inline -Winvalid-pch -Wmissing-field-initializers -Wmissing-format-attribute -Wmissing-include-dirs -Wno-aggregate-return -Wno-padded -Wno-switch-enum -Wno-unused-parameter -Wno-unused-variable -Wpacked -Wpointer-arith -Wredundant-decls -Wshadow -Wstack-protector -Wstrict-aliasing=3 -Wswitch -Wswitch-default -Wunreachable-code -Wunused -Wvariadic-macros -Wwrite-strings -Wno-switch-default -Wconversion -Wno-psabi -Wcast-align=strict -fno-access-control -g -O0  -fno-omit-frame-pointer -fno-inline -c -o tests-TestServerConfig.o `test -f 'TestServerConfig.cpp' || echo './'`TestServerConfig.cpp
g++ -DHAVE_CONFIG_H -I. -I../..   -Wdate-time -D_FORTIFY_SOURCE=2 -g -DNDEBUG -I../../SAI/inc -I../../SAI/experimental -I../../SAI/meta -I../../meta -I../../lib -fPIC -ansi -pipe -std=c++14 -Wall -Wcast-align -Wcast-qual -Wconversion -Wdisabled-optimization -Werror -Wextra -Wfloat-equal -Wformat=2 -Wformat-nonliteral -Wformat-security -Wformat-y2k -Wimport -Winit-self -Wno-inline -Winvalid-pch -Wmissing-field-initializers -Wmissing-format-attribute -Wmissing-include-dirs -Wno-aggregate-return -Wno-padded -Wno-switch-enum -Wno-unused-parameter -Wno-unused-variable -Wpacked -Wpointer-arith -Wredundant-decls -Wshadow -Wstack-protector -Wstrict-aliasing=3 -Wswitch -Wswitch-default -Wunreachable-code -Wunused -Wvariadic-macros -Wwrite-strings -Wno-switch-default -Wconversion -Wno-psabi -Wcast-align=strict -fno-access-control -g -O0  -fno-omit-frame-pointer -fno-inline -c -o tests-TestRedisVidIndexGenerator.o `test -f 'TestRedisVidIndexGenerator.cpp' || echo './'`TestRedisVidIndexGenerator.cpp
g++ -DHAVE_CONFIG_H -I. -I../..   -Wdate-time -D_FORTIFY_SOURCE=2 -g -DNDEBUG -I../../SAI/inc -I../../SAI/experimental -I../../SAI/meta -I../../meta -I../../lib -fPIC -ansi -pipe -std=c++14 -Wall -Wcast-align -Wcast-qual -Wconversion -Wdisabled-optimization -Werror -Wextra -Wfloat-equal -Wformat=2 -Wformat-nonliteral -Wformat-security -Wformat-y2k -Wimport -Winit-self -Wno-inline -Winvalid-pch -Wmissing-field-initializers -Wmissing-format-attribute -Wmissing-include-dirs -Wno-aggregate-return -Wno-padded -Wno-switch-enum -Wno-unused-parameter -Wno-unused-variable -Wpacked -Wpointer-arith -Wredundant-decls -Wshadow -Wstack-protector -Wstrict-aliasing=3 -Wswitch -Wswitch-default -Wunreachable-code -Wunused -Wvariadic-macros -Wwrite-strings -Wno-switch-default -Wconversion -Wno-psabi -Wcast-align=strict -fno-access-control -g -O0  -fno-omit-frame-pointer -fno-inline -c -o tests-TestRecorder.o `test -f 'TestRecorder.cpp' || echo './'`TestRecorder.cpp
g++ -DHAVE_CONFIG_H -I. -I../..   -Wdate-time -D_FORTIFY_SOURCE=2 -g -DNDEBUG -I../../SAI/inc -I../../SAI/experimental -I../../SAI/meta -I../../meta -I../../lib -fPIC -ansi -pipe -std=c++14 -Wall -Wcast-align -Wcast-qual -Wconversion -Wdisabled-optimization -Werror -Wextra -Wfloat-equal -Wformat=2 -Wformat-nonliteral -Wformat-security -Wformat-y2k -Wimport -Winit-self -Wno-inline -Winvalid-pch -Wmissing-field-initializers -Wmissing-format-attribute -Wmissing-include-dirs -Wno-aggregate-return -Wno-padded -Wno-switch-enum -Wno-unused-parameter -Wno-unused-variable -Wpacked -Wpointer-arith -Wredundant-decls -Wshadow -Wstack-protector -Wstrict-aliasing=3 -Wswitch -Wswitch-default -Wunreachable-code -Wunused -Wvariadic-macros -Wwrite-strings -Wno-switch-default -Wconversion -Wno-psabi -Wcast-align=strict -fno-access-control -g -O0  -fno-omit-frame-pointer -fno-inline -c -o tests-TestRedisChannel.o `test -f 'TestRedisChannel.cpp' || echo './'`TestRedisChannel.cpp
g++ -DHAVE_CONFIG_H -I. -I../..   -Wdate-time -D_FORTIFY_SOURCE=2 -g -DNDEBUG -I../../SAI/inc -I../../SAI/experimental -I../../SAI/meta -I../../meta -I../../lib -fPIC -ansi -pipe -std=c++14 -Wall -Wcast-align -Wcast-qual -Wconversion -Wdisabled-optimization -Werror -Wextra -Wfloat-equal -Wformat=2 -Wformat-nonliteral -Wformat-security -Wformat-y2k -Wimport -Winit-self -Wno-inline -Winvalid-pch -Wmissing-field-initializers -Wmissing-format-attribute -Wmissing-include-dirs -Wno-aggregate-return -Wno-padded -Wno-switch-enum -Wno-unused-parameter -Wno-unused-variable -Wpacked -Wpointer-arith -Wredundant-decls -Wshadow -Wstack-protector -Wstrict-aliasing=3 -Wswitch -Wswitch-default -Wunreachable-code -Wunused -Wvariadic-macros -Wwrite-strings -Wno-switch-default -Wconversion -Wno-psabi -Wcast-align=strict -fno-access-control -g -O0  -fno-omit-frame-pointer -fno-inline -c -o tests-TestClientSai.o `test -f 'TestClientSai.cpp' || echo './'`TestClientSai.cpp
g++ -DHAVE_CONFIG_H -I. -I../..   -Wdate-time -D_FORTIFY_SOURCE=2 -g -DNDEBUG -I../../SAI/inc -I../../SAI/experimental -I../../SAI/meta -I../../meta -I../../lib -fPIC -ansi -pipe -std=c++14 -Wall -Wcast-align -Wcast-qual -Wconversion -Wdisabled-optimization -Werror -Wextra -Wfloat-equal -Wformat=2 -Wformat-nonliteral -Wformat-security -Wformat-y2k -Wimport -Winit-self -Wno-inline -Winvalid-pch -Wmissing-field-initializers -Wmissing-format-attribute -Wmissing-include-dirs -Wno-aggregate-return -Wno-padded -Wno-switch-enum -Wno-unused-parameter -Wno-unused-variable -Wpacked -Wpointer-arith -Wredundant-decls -Wshadow -Wstack-protector -Wstrict-aliasing=3 -Wswitch -Wswitch-default -Wunreachable-code -Wunused -Wvariadic-macros -Wwrite-strings -Wno-switch-default -Wconversion -Wno-psabi -Wcast-align=strict -fno-access-control -g -O0  -fno-omit-frame-pointer -fno-inline -c -o tests-TestRedisRemoteSaiInterface.o `test -f 'TestRedisRemoteSaiInterface.cpp' || echo './'`TestRedisRemoteSaiInterface.cpp
g++ -DHAVE_CONFIG_H -I. -I../..   -Wdate-time -D_FORTIFY_SOURCE=2 -g -DNDEBUG -I../../SAI/inc -I../../SAI/experimental -I../../SAI/meta -I../../meta -I../../lib -fPIC -ansi -pipe -std=c++14 -Wall -Wcast-align -Wcast-qual -Wconversion -Wdisabled-optimization -Werror -Wextra -Wfloat-equal -Wformat=2 -Wformat-nonliteral -Wformat-security -Wformat-y2k -Wimport -Winit-self -Wno-inline -Winvalid-pch -Wmissing-field-initializers -Wmissing-format-attribute -Wmissing-include-dirs -Wno-aggregate-return -Wno-padded -Wno-switch-enum -Wno-unused-parameter -Wno-unused-variable -Wpacked -Wpointer-arith -Wredundant-decls -Wshadow -Wstack-protector -Wstrict-aliasing=3 -Wswitch -Wswitch-default -Wunreachable-code -Wunused -Wvariadic-macros -Wwrite-strings -Wno-switch-default -Wconversion -Wno-psabi -Wcast-align=strict -fno-access-control -g -O0  -fno-omit-frame-pointer -fno-inline -c -o tests-TestServerSai.o `test -f 'TestServerSai.cpp' || echo './'`TestServerSai.cpp
g++ -DHAVE_CONFIG_H -I. -I../..   -Wdate-time -D_FORTIFY_SOURCE=2 -g -DNDEBUG -I../../SAI/inc -I../../SAI/experimental -I../../SAI/meta -I../../meta -I../../lib -fPIC -ansi -pipe -std=c++14 -Wall -Wcast-align -Wcast-qual -Wconversion -Wdisabled-optimization -Werror -Wextra -Wfloat-equal -Wformat=2 -Wformat-nonliteral -Wformat-security -Wformat-y2k -Wimport -Winit-self -Wno-inline -Winvalid-pch -Wmissing-field-initializers -Wmissing-format-attribute -Wmissing-include-dirs -Wno-aggregate-return -Wno-padded -Wno-switch-enum -Wno-unused-parameter -Wno-unused-variable -Wpacked -Wpointer-arith -Wredundant-decls -Wshadow -Wstack-protector -Wstrict-aliasing=3 -Wswitch -Wswitch-default -Wunreachable-code -Wunused -Wvariadic-macros -Wwrite-strings -Wno-switch-default -Wconversion -Wno-psabi -Wcast-align=strict -fno-access-control -g -O0  -fno-omit-frame-pointer -fno-inline -c -o tests-TestSai.o `test -f 'TestSai.cpp' || echo './'`TestSai.cpp
g++ -DHAVE_CONFIG_H -I. -I../..   -Wdate-time -D_FORTIFY_SOURCE=2 -g -DNDEBUG -I../../SAI/inc -I../../SAI/experimental -I../../SAI/meta -I../../meta -I../../lib -fPIC -ansi -pipe -std=c++14 -Wall -Wcast-align -Wcast-qual -Wconversion -Wdisabled-optimization -Werror -Wextra -Wfloat-equal -Wformat=2 -Wformat-nonliteral -Wformat-security -Wformat-y2k -Wimport -Winit-self -Wno-inline -Winvalid-pch -Wmissing-field-initializers -Wmissing-format-attribute -Wmissing-include-dirs -Wno-aggregate-return -Wno-padded -Wno-switch-enum -Wno-unused-parameter -Wno-unused-variable -Wpacked -Wpointer-arith -Wredundant-decls -Wshadow -Wstack-protector -Wstrict-aliasing=3 -Wswitch -Wswitch-default -Wunreachable-code -Wunused -Wvariadic-macros -Wwrite-strings -Wno-switch-default -Wconversion -Wno-psabi -Wcast-align=strict -fno-access-control -g -O0  -fno-omit-frame-pointer -fno-inline -c -o tests-MockSaiInterface.o `test -f 'MockSaiInterface.cpp' || echo './'`MockSaiInterface.cpp
/bin/bash ../../libtool  --tag=CXX   --mode=link g++ -g -DNDEBUG -I../../SAI/inc -I../../SAI/experimental -I../../SAI/meta -I../../meta -I../../lib -fPIC -ansi -pipe -std=c++14 -Wall -Wcast-align -Wcast-qual -Wconversion -Wdisabled-optimization -Werror -Wextra -Wfloat-equal -Wformat=2 -Wformat-nonliteral -Wformat-security -Wformat-y2k -Wimport -Winit-self -Wno-inline -Winvalid-pch -Wmissing-field-initializers -Wmissing-format-attribute -Wmissing-include-dirs -Wno-aggregate-return -Wno-padded -Wno-switch-enum -Wno-unused-parameter -Wno-unused-variable -Wpacked -Wpointer-arith -Wredundant-decls -Wshadow -Wstack-protector -Wstrict-aliasing=3 -Wswitch -Wswitch-default -Wunreachable-code -Wunused -Wvariadic-macros -Wwrite-strings -Wno-switch-default -Wconversion -Wno-psabi -Wcast-align=strict -fno-access-control -g -O0  -fno-omit-frame-pointer -fno-inline  -Wl,-z,relro -Wl,-z,now -o tests tests-main.o ../../meta/tests-NumberOidIndexGenerator.o tests-TestSwitch.o tests-TestClientConfig.o tests-TestClientServerSai.o tests-TestContext.o tests-TestContextConfig.o tests-TestContextConfigContainer.o tests-TestUtils.o tests-TestVirtualObjectIdManager.o tests-TestZeroMQChannel.o tests-TestSwitchContainer.o tests-TestSwitchConfigContainer.o tests-TestSkipRecordAttrContainer.o tests-TestServerConfig.o tests-TestRedisVidIndexGenerator.o tests-TestRecorder.o tests-TestRedisChannel.o tests-TestClientSai.o tests-TestRedisRemoteSaiInterface.o tests-TestServerSai.o tests-TestSai.o tests-MockSaiInterface.o -L/usr/src/gtest -lgtest -lgtest_main -lgmock ../../lib/libSaiRedis.a -lhiredis -lswsscommon -lpthread -L../../meta/.libs -lsaimetadata -lsaimeta -lzmq  
libtool: link: g++ -g -DNDEBUG -I../../SAI/inc -I../../SAI/experimental -I../../SAI/meta -I../../meta -I../../lib -fPIC -ansi -pipe -std=c++14 -Wall -Wcast-align -Wcast-qual -Wconversion -Wdisabled-optimization -Werror -Wextra -Wfloat-equal -Wformat=2 -Wformat-nonliteral -Wformat-security -Wformat-y2k -Wimport -Winit-self -Wno-inline -Winvalid-pch -Wmissing-field-initializers -Wmissing-format-attribute -Wmissing-include-dirs -Wno-aggregate-return -Wno-padded -Wno-switch-enum -Wno-unused-parameter -Wno-unused-variable -Wpacked -Wpointer-arith -Wredundant-decls -Wshadow -Wstack-protector -Wstrict-aliasing=3 -Wswitch -Wswitch-default -Wunreachable-code -Wunused -Wvariadic-macros -Wwrite-strings -Wno-switch-default -Wconversion -Wno-psabi -Wcast-align=strict -fno-access-control -g -O0 -fno-omit-frame-pointer -fno-inline -Wl,-z -Wl,relro -Wl,-z -Wl,now -o .libs/tests tests-main.o ../../meta/tests-NumberOidIndexGenerator.o tests-TestSwitch.o tests-TestClientConfig.o tests-TestClientServerSai.o tests-TestContext.o tests-TestContextConfig.o tests-TestContextConfigContainer.o tests-TestUtils.o tests-TestVirtualObjectIdManager.o tests-TestZeroMQChannel.o tests-TestSwitchContainer.o tests-TestSwitchConfigContainer.o tests-TestSkipRecordAttrContainer.o tests-TestServerConfig.o tests-TestRedisVidIndexGenerator.o tests-TestRecorder.o tests-TestRedisChannel.o tests-TestClientSai.o tests-TestRedisRemoteSaiInterface.o tests-TestServerSai.o tests-TestSai.o tests-MockSaiInterface.o  -L/usr/src/gtest -lgtest -lgtest_main -lgmock ../../lib/libSaiRedis.a -lhiredis -lswsscommon -lpthread -L../../meta/.libs /sonic/src/sonic-sairedis/meta/.libs/libsaimetadata.so /sonic/src/sonic-sairedis/meta/.libs/libsaimeta.so -lzmq
make[3]: Leaving directory '/sonic/src/sonic-sairedis/unittest/lib'
Making all in vslib
make[3]: Entering directory '/sonic/src/sonic-sairedis/unittest/vslib'
g++ -DHAVE_CONFIG_H -I. -I../..   -Wdate-time -D_FORTIFY_SOURCE=2 -g -DNDEBUG -I../../SAI/inc -I../../SAI/experimental -I../../SAI/meta -I../../meta -I../../vslib -I../../lib -I/usr/include/libnl3 -fPIC -ansi -pipe -std=c++14 -Wall -Wcast-align -Wcast-qual -Wconversion -Wdisabled-optimization -Werror -Wextra -Wfloat-equal -Wformat=2 -Wformat-nonliteral -Wformat-security -Wformat-y2k -Wimport -Winit-self -Wno-inline -Winvalid-pch -Wmissing-field-initializers -Wmissing-format-attribute -Wmissing-include-dirs -Wno-aggregate-return -Wno-padded -Wno-switch-enum -Wno-unused-parameter -Wno-unused-variable -Wpacked -Wpointer-arith -Wredundant-decls -Wshadow -Wstack-protector -Wstrict-aliasing=3 -Wswitch -Wswitch-default -Wunreachable-code -Wunused -Wvariadic-macros -Wwrite-strings -Wno-switch-default -Wconversion -Wno-psabi -Wcast-align=strict -fno-access-control -g -O0  -fno-omit-frame-pointer -fno-inline -c -o tests-main.o `test -f 'main.cpp' || echo './'`main.cpp
g++ -DHAVE_CONFIG_H -I. -I../..   -Wdate-time -D_FORTIFY_SOURCE=2 -g -DNDEBUG -I../../SAI/inc -I../../SAI/experimental -I../../SAI/meta -I../../meta -I../../vslib -I../../lib -I/usr/include/libnl3 -fPIC -ansi -pipe -std=c++14 -Wall -Wcast-align -Wcast-qual -Wconversion -Wdisabled-optimization -Werror -Wextra -Wfloat-equal -Wformat=2 -Wformat-nonliteral -Wformat-security -Wformat-y2k -Wimport -Winit-self -Wno-inline -Winvalid-pch -Wmissing-field-initializers -Wmissing-format-attribute -Wmissing-include-dirs -Wno-aggregate-return -Wno-padded -Wno-switch-enum -Wno-unused-parameter -Wno-unused-variable -Wpacked -Wpointer-arith -Wredundant-decls -Wshadow -Wstack-protector -Wstrict-aliasing=3 -Wswitch -Wswitch-default -Wunreachable-code -Wunused -Wvariadic-macros -Wwrite-strings -Wno-switch-default -Wconversion -Wno-psabi -Wcast-align=strict -fno-access-control -g -O0  -fno-omit-frame-pointer -fno-inline -c -o tests-TestBuffer.o `test -f 'TestBuffer.cpp' || echo './'`TestBuffer.cpp
g++ -DHAVE_CONFIG_H -I. -I../..   -Wdate-time -D_FORTIFY_SOURCE=2 -g -DNDEBUG -I../../SAI/inc -I../../SAI/experimental -I../../SAI/meta -I../../meta -I../../vslib -I../../lib -I/usr/include/libnl3 -fPIC -ansi -pipe -std=c++14 -Wall -Wcast-align -Wcast-qual -Wconversion -Wdisabled-optimization -Werror -Wextra -Wfloat-equal -Wformat=2 -Wformat-nonliteral -Wformat-security -Wformat-y2k -Wimport -Winit-self -Wno-inline -Winvalid-pch -Wmissing-field-initializers -Wmissing-format-attribute -Wmissing-include-dirs -Wno-aggregate-return -Wno-padded -Wno-switch-enum -Wno-unused-parameter -Wno-unused-variable -Wpacked -Wpointer-arith -Wredundant-decls -Wshadow -Wstack-protector -Wstrict-aliasing=3 -Wswitch -Wswitch-default -Wunreachable-code -Wunused -Wvariadic-macros -Wwrite-strings -Wno-switch-default -Wconversion -Wno-psabi -Wcast-align=strict -fno-access-control -g -O0  -fno-omit-frame-pointer -fno-inline -c -o tests-TestContextConfigContainer.o `test -f 'TestContextConfigContainer.cpp' || echo './'`TestContextConfigContainer.cpp
g++ -DHAVE_CONFIG_H -I. -I../..   -Wdate-time -D_FORTIFY_SOURCE=2 -g -DNDEBUG -I../../SAI/inc -I../../SAI/experimental -I../../SAI/meta -I../../meta -I../../vslib -I../../lib -I/usr/include/libnl3 -fPIC -ansi -pipe -std=c++14 -Wall -Wcast-align -Wcast-qual -Wconversion -Wdisabled-optimization -Werror -Wextra -Wfloat-equal -Wformat=2 -Wformat-nonliteral -Wformat-security -Wformat-y2k -Wimport -Winit-self -Wno-inline -Winvalid-pch -Wmissing-field-initializers -Wmissing-format-attribute -Wmissing-include-dirs -Wno-aggregate-return -Wno-padded -Wno-switch-enum -Wno-unused-parameter -Wno-unused-variable -Wpacked -Wpointer-arith -Wredundant-decls -Wshadow -Wstack-protector -Wstrict-aliasing=3 -Wswitch -Wswitch-default -Wunreachable-code -Wunused -Wvariadic-macros -Wwrite-strings -Wno-switch-default -Wconversion -Wno-psabi -Wcast-align=strict -fno-access-control -g -O0  -fno-omit-frame-pointer -fno-inline -c -o tests-TestCorePortIndexMap.o `test -f 'TestCorePortIndexMap.cpp' || echo './'`TestCorePortIndexMap.cpp
g++ -DHAVE_CONFIG_H -I. -I../..   -Wdate-time -D_FORTIFY_SOURCE=2 -g -DNDEBUG -I../../SAI/inc -I../../SAI/experimental -I../../SAI/meta -I../../meta -I../../vslib -I../../lib -I/usr/include/libnl3 -fPIC -ansi -pipe -std=c++14 -Wall -Wcast-align -Wcast-qual -Wconversion -Wdisabled-optimization -Werror -Wextra -Wfloat-equal -Wformat=2 -Wformat-nonliteral -Wformat-security -Wformat-y2k -Wimport -Winit-self -Wno-inline -Winvalid-pch -Wmissing-field-initializers -Wmissing-format-attribute -Wmissing-include-dirs -Wno-aggregate-return -Wno-padded -Wno-switch-enum -Wno-unused-parameter -Wno-unused-variable -Wpacked -Wpointer-arith -Wredundant-decls -Wshadow -Wstack-protector -Wstrict-aliasing=3 -Wswitch -Wswitch-default -Wunreachable-code -Wunused -Wvariadic-macros -Wwrite-strings -Wno-switch-default -Wconversion -Wno-psabi -Wcast-align=strict -fno-access-control -g -O0  -fno-omit-frame-pointer -fno-inline -c -o tests-TestCorePortIndexMapContainer.o `test -f 'TestCorePortIndexMapContainer.cpp' || echo './'`TestCorePortIndexMapContainer.cpp
g++ -DHAVE_CONFIG_H -I. -I../..   -Wdate-time -D_FORTIFY_SOURCE=2 -g -DNDEBUG -I../../SAI/inc -I../../SAI/experimental -I../../SAI/meta -I../../meta -I../../vslib -I../../lib -I/usr/include/libnl3 -fPIC -ansi -pipe -std=c++14 -Wall -Wcast-align -Wcast-qual -Wconversion -Wdisabled-optimization -Werror -Wextra -Wfloat-equal -Wformat=2 -Wformat-nonliteral -Wformat-security -Wformat-y2k -Wimport -Winit-self -Wno-inline -Winvalid-pch -Wmissing-field-initializers -Wmissing-format-attribute -Wmissing-include-dirs -Wno-aggregate-return -Wno-padded -Wno-switch-enum -Wno-unused-parameter -Wno-unused-variable -Wpacked -Wpointer-arith -Wredundant-decls -Wshadow -Wstack-protector -Wstrict-aliasing=3 -Wswitch -Wswitch-default -Wunreachable-code -Wunused -Wvariadic-macros -Wwrite-strings -Wno-switch-default -Wconversion -Wno-psabi -Wcast-align=strict -fno-access-control -g -O0  -fno-omit-frame-pointer -fno-inline -c -o tests-TestCorePortIndexMapFileParser.o `test -f 'TestCorePortIndexMapFileParser.cpp' || echo './'`TestCorePortIndexMapFileParser.cpp
g++ -DHAVE_CONFIG_H -I. -I../..   -Wdate-time -D_FORTIFY_SOURCE=2 -g -DNDEBUG -I../../SAI/inc -I../../SAI/experimental -I../../SAI/meta -I../../meta -I../../vslib -I../../lib -I/usr/include/libnl3 -fPIC -ansi -pipe -std=c++14 -Wall -Wcast-align -Wcast-qual -Wconversion -Wdisabled-optimization -Werror -Wextra -Wfloat-equal -Wformat=2 -Wformat-nonliteral -Wformat-security -Wformat-y2k -Wimport -Winit-self -Wno-inline -Winvalid-pch -Wmissing-field-initializers -Wmissing-format-attribute -Wmissing-include-dirs -Wno-aggregate-return -Wno-padded -Wno-switch-enum -Wno-unused-parameter -Wno-unused-variable -Wpacked -Wpointer-arith -Wredundant-decls -Wshadow -Wstack-protector -Wstrict-aliasing=3 -Wswitch -Wswitch-default -Wunreachable-code -Wunused -Wvariadic-macros -Wwrite-strings -Wno-switch-default -Wconversion -Wno-psabi -Wcast-align=strict -fno-access-control -g -O0  -fno-omit-frame-pointer -fno-inline -c -o tests-TestEventPayloadNetLinkMsg.o `test -f 'TestEventPayloadNetLinkMsg.cpp' || echo './'`TestEventPayloadNetLinkMsg.cpp
g++ -DHAVE_CONFIG_H -I. -I../..   -Wdate-time -D_FORTIFY_SOURCE=2 -g -DNDEBUG -I../../SAI/inc -I../../SAI/experimental -I../../SAI/meta -I../../meta -I../../vslib -I../../lib -I/usr/include/libnl3 -fPIC -ansi -pipe -std=c++14 -Wall -Wcast-align -Wcast-qual -Wconversion -Wdisabled-optimization -Werror -Wextra -Wfloat-equal -Wformat=2 -Wformat-nonliteral -Wformat-security -Wformat-y2k -Wimport -Winit-self -Wno-inline -Winvalid-pch -Wmissing-field-initializers -Wmissing-format-attribute -Wmissing-include-dirs -Wno-aggregate-return -Wno-padded -Wno-switch-enum -Wno-unused-parameter -Wno-unused-variable -Wpacked -Wpointer-arith -Wredundant-decls -Wshadow -Wstack-protector -Wstrict-aliasing=3 -Wswitch -Wswitch-default -Wunreachable-code -Wunused -Wvariadic-macros -Wwrite-strings -Wno-switch-default -Wconversion -Wno-psabi -Wcast-align=strict -fno-access-control -g -O0  -fno-omit-frame-pointer -fno-inline -c -o tests-TestEventPayloadPacket.o `test -f 'TestEventPayloadPacket.cpp' || echo './'`TestEventPayloadPacket.cpp
g++ -DHAVE_CONFIG_H -I. -I../..   -Wdate-time -D_FORTIFY_SOURCE=2 -g -DNDEBUG -I../../SAI/inc -I../../SAI/experimental -I../../SAI/meta -I../../meta -I../../vslib -I../../lib -I/usr/include/libnl3 -fPIC -ansi -pipe -std=c++14 -Wall -Wcast-align -Wcast-qual -Wconversion -Wdisabled-optimization -Werror -Wextra -Wfloat-equal -Wformat=2 -Wformat-nonliteral -Wformat-security -Wformat-y2k -Wimport -Winit-self -Wno-inline -Winvalid-pch -Wmissing-field-initializers -Wmissing-format-attribute -Wmissing-include-dirs -Wno-aggregate-return -Wno-padded -Wno-switch-enum -Wno-unused-parameter -Wno-unused-variable -Wpacked -Wpointer-arith -Wredundant-decls -Wshadow -Wstack-protector -Wstrict-aliasing=3 -Wswitch -Wswitch-default -Wunreachable-code -Wunused -Wvariadic-macros -Wwrite-strings -Wno-switch-default -Wconversion -Wno-psabi -Wcast-align=strict -fno-access-control -g -O0  -fno-omit-frame-pointer -fno-inline -c -o tests-TestEventQueue.o `test -f 'TestEventQueue.cpp' || echo './'`TestEventQueue.cpp
g++ -DHAVE_CONFIG_H -I. -I../..   -Wdate-time -D_FORTIFY_SOURCE=2 -g -DNDEBUG -I../../SAI/inc -I../../SAI/experimental -I../../SAI/meta -I../../meta -I../../vslib -I../../lib -I/usr/include/libnl3 -fPIC -ansi -pipe -std=c++14 -Wall -Wcast-align -Wcast-qual -Wconversion -Wdisabled-optimization -Werror -Wextra -Wfloat-equal -Wformat=2 -Wformat-nonliteral -Wformat-security -Wformat-y2k -Wimport -Winit-self -Wno-inline -Winvalid-pch -Wmissing-field-initializers -Wmissing-format-attribute -Wmissing-include-dirs -Wno-aggregate-return -Wno-padded -Wno-switch-enum -Wno-unused-parameter -Wno-unused-variable -Wpacked -Wpointer-arith -Wredundant-decls -Wshadow -Wstack-protector -Wstrict-aliasing=3 -Wswitch -Wswitch-default -Wunreachable-code -Wunused -Wvariadic-macros -Wwrite-strings -Wno-switch-default -Wconversion -Wno-psabi -Wcast-align=strict -fno-access-control -g -O0  -fno-omit-frame-pointer -fno-inline -c -o tests-TestFdbInfo.o `test -f 'TestFdbInfo.cpp' || echo './'`TestFdbInfo.cpp
g++ -DHAVE_CONFIG_H -I. -I../..   -Wdate-time -D_FORTIFY_SOURCE=2 -g -DNDEBUG -I../../SAI/inc -I../../SAI/experimental -I../../SAI/meta -I../../meta -I../../vslib -I../../lib -I/usr/include/libnl3 -fPIC -ansi -pipe -std=c++14 -Wall -Wcast-align -Wcast-qual -Wconversion -Wdisabled-optimization -Werror -Wextra -Wfloat-equal -Wformat=2 -Wformat-nonliteral -Wformat-security -Wformat-y2k -Wimport -Winit-self -Wno-inline -Winvalid-pch -Wmissing-field-initializers -Wmissing-format-attribute -Wmissing-include-dirs -Wno-aggregate-return -Wno-padded -Wno-switch-enum -Wno-unused-parameter -Wno-unused-variable -Wpacked -Wpointer-arith -Wredundant-decls -Wshadow -Wstack-protector -Wstrict-aliasing=3 -Wswitch -Wswitch-default -Wunreachable-code -Wunused -Wvariadic-macros -Wwrite-strings -Wno-switch-default -Wconversion -Wno-psabi -Wcast-align=strict -fno-access-control -g -O0  -fno-omit-frame-pointer -fno-inline -c -o tests-TestSaiAttrWrap.o `test -f 'TestSaiAttrWrap.cpp' || echo './'`TestSaiAttrWrap.cpp
g++ -DHAVE_CONFIG_H -I. -I../..   -Wdate-time -D_FORTIFY_SOURCE=2 -g -DNDEBUG -I../../SAI/inc -I../../SAI/experimental -I../../SAI/meta -I../../meta -I../../vslib -I../../lib -I/usr/include/libnl3 -fPIC -ansi -pipe -std=c++14 -Wall -Wcast-align -Wcast-qual -Wconversion -Wdisabled-optimization -Werror -Wextra -Wfloat-equal -Wformat=2 -Wformat-nonliteral -Wformat-security -Wformat-y2k -Wimport -Winit-self -Wno-inline -Winvalid-pch -Wmissing-field-initializers -Wmissing-format-attribute -Wmissing-include-dirs -Wno-aggregate-return -Wno-padded -Wno-switch-enum -Wno-unused-parameter -Wno-unused-variable -Wpacked -Wpointer-arith -Wredundant-decls -Wshadow -Wstack-protector -Wstrict-aliasing=3 -Wswitch -Wswitch-default -Wunreachable-code -Wunused -Wvariadic-macros -Wwrite-strings -Wno-switch-default -Wconversion -Wno-psabi -Wcast-align=strict -fno-access-control -g -O0  -fno-omit-frame-pointer -fno-inline -c -o tests-TestLaneMap.o `test -f 'TestLaneMap.cpp' || echo './'`TestLaneMap.cpp
g++ -DHAVE_CONFIG_H -I. -I../..   -Wdate-time -D_FORTIFY_SOURCE=2 -g -DNDEBUG -I../../SAI/inc -I../../SAI/experimental -I../../SAI/meta -I../../meta -I../../vslib -I../../lib -I/usr/include/libnl3 -fPIC -ansi -pipe -std=c++14 -Wall -Wcast-align -Wcast-qual -Wconversion -Wdisabled-optimization -Werror -Wextra -Wfloat-equal -Wformat=2 -Wformat-nonliteral -Wformat-security -Wformat-y2k -Wimport -Winit-self -Wno-inline -Winvalid-pch -Wmissing-field-initializers -Wmissing-format-attribute -Wmissing-include-dirs -Wno-aggregate-return -Wno-padded -Wno-switch-enum -Wno-unused-parameter -Wno-unused-variable -Wpacked -Wpointer-arith -Wredundant-decls -Wshadow -Wstack-protector -Wstrict-aliasing=3 -Wswitch -Wswitch-default -Wunreachable-code -Wunused -Wvariadic-macros -Wwrite-strings -Wno-switch-default -Wconversion -Wno-psabi -Wcast-align=strict -fno-access-control -g -O0  -fno-omit-frame-pointer -fno-inline -c -o tests-TestLaneMapContainer.o `test -f 'TestLaneMapContainer.cpp' || echo './'`TestLaneMapContainer.cpp
g++ -DHAVE_CONFIG_H -I. -I../..   -Wdate-time -D_FORTIFY_SOURCE=2 -g -DNDEBUG -I../../SAI/inc -I../../SAI/experimental -I../../SAI/meta -I../../meta -I../../vslib -I../../lib -I/usr/include/libnl3 -fPIC -ansi -pipe -std=c++14 -Wall -Wcast-align -Wcast-qual -Wconversion -Wdisabled-optimization -Werror -Wextra -Wfloat-equal -Wformat=2 -Wformat-nonliteral -Wformat-security -Wformat-y2k -Wimport -Winit-self -Wno-inline -Winvalid-pch -Wmissing-field-initializers -Wmissing-format-attribute -Wmissing-include-dirs -Wno-aggregate-return -Wno-padded -Wno-switch-enum -Wno-unused-parameter -Wno-unused-variable -Wpacked -Wpointer-arith -Wredundant-decls -Wshadow -Wstack-protector -Wstrict-aliasing=3 -Wswitch -Wswitch-default -Wunreachable-code -Wunused -Wvariadic-macros -Wwrite-strings -Wno-switch-default -Wconversion -Wno-psabi -Wcast-align=strict -fno-access-control -g -O0  -fno-omit-frame-pointer -fno-inline -c -o tests-TestLaneMapFileParser.o `test -f 'TestLaneMapFileParser.cpp' || echo './'`TestLaneMapFileParser.cpp
g++ -DHAVE_CONFIG_H -I. -I../..   -Wdate-time -D_FORTIFY_SOURCE=2 -g -DNDEBUG -I../../SAI/inc -I../../SAI/experimental -I../../SAI/meta -I../../meta -I../../vslib -I../../lib -I/usr/include/libnl3 -fPIC -ansi -pipe -std=c++14 -Wall -Wcast-align -Wcast-qual -Wconversion -Wdisabled-optimization -Werror -Wextra -Wfloat-equal -Wformat=2 -Wformat-nonliteral -Wformat-security -Wformat-y2k -Wimport -Winit-self -Wno-inline -Winvalid-pch -Wmissing-field-initializers -Wmissing-format-attribute -Wmissing-include-dirs -Wno-aggregate-return -Wno-padded -Wno-switch-enum -Wno-unused-parameter -Wno-unused-variable -Wpacked -Wpointer-arith -Wredundant-decls -Wshadow -Wstack-protector -Wstrict-aliasing=3 -Wswitch -Wswitch-default -Wunreachable-code -Wunused -Wvariadic-macros -Wwrite-strings -Wno-switch-default -Wconversion -Wno-psabi -Wcast-align=strict -fno-access-control -g -O0  -fno-omit-frame-pointer -fno-inline -c -o tests-TestMACsecAttr.o `test -f 'TestMACsecAttr.cpp' || echo './'`TestMACsecAttr.cpp
g++ -DHAVE_CONFIG_H -I. -I../..   -Wdate-time -D_FORTIFY_SOURCE=2 -g -DNDEBUG -I../../SAI/inc -I../../SAI/experimental -I../../SAI/meta -I../../meta -I../../vslib -I../../lib -I/usr/include/libnl3 -fPIC -ansi -pipe -std=c++14 -Wall -Wcast-align -Wcast-qual -Wconversion -Wdisabled-optimization -Werror -Wextra -Wfloat-equal -Wformat=2 -Wformat-nonliteral -Wformat-security -Wformat-y2k -Wimport -Winit-self -Wno-inline -Winvalid-pch -Wmissing-field-initializers -Wmissing-format-attribute -Wmissing-include-dirs -Wno-aggregate-return -Wno-padded -Wno-switch-enum -Wno-unused-parameter -Wno-unused-variable -Wpacked -Wpointer-arith -Wredundant-decls -Wshadow -Wstack-protector -Wstrict-aliasing=3 -Wswitch -Wswitch-default -Wunreachable-code -Wunused -Wvariadic-macros -Wwrite-strings -Wno-switch-default -Wconversion -Wno-psabi -Wcast-align=strict -fno-access-control -g -O0  -fno-omit-frame-pointer -fno-inline -c -o tests-TestMACsecEgressFilter.o `test -f 'TestMACsecEgressFilter.cpp' || echo './'`TestMACsecEgressFilter.cpp
g++ -DHAVE_CONFIG_H -I. -I../..   -Wdate-time -D_FORTIFY_SOURCE=2 -g -DNDEBUG -I../../SAI/inc -I../../SAI/experimental -I../../SAI/meta -I../../meta -I../../vslib -I../../lib -I/usr/include/libnl3 -fPIC -ansi -pipe -std=c++14 -Wall -Wcast-align -Wcast-qual -Wconversion -Wdisabled-optimization -Werror -Wextra -Wfloat-equal -Wformat=2 -Wformat-nonliteral -Wformat-security -Wformat-y2k -Wimport -Winit-self -Wno-inline -Winvalid-pch -Wmissing-field-initializers -Wmissing-format-attribute -Wmissing-include-dirs -Wno-aggregate-return -Wno-padded -Wno-switch-enum -Wno-unused-parameter -Wno-unused-variable -Wpacked -Wpointer-arith -Wredundant-decls -Wshadow -Wstack-protector -Wstrict-aliasing=3 -Wswitch -Wswitch-default -Wunreachable-code -Wunused -Wvariadic-macros -Wwrite-strings -Wno-switch-default -Wconversion -Wno-psabi -Wcast-align=strict -fno-access-control -g -O0  -fno-omit-frame-pointer -fno-inline -c -o tests-TestMACsecForwarder.o `test -f 'TestMACsecForwarder.cpp' || echo './'`TestMACsecForwarder.cpp
g++ -DHAVE_CONFIG_H -I. -I../..   -Wdate-time -D_FORTIFY_SOURCE=2 -g -DNDEBUG -I../../SAI/inc -I../../SAI/experimental -I../../SAI/meta -I../../meta -I../../vslib -I../../lib -I/usr/include/libnl3 -fPIC -ansi -pipe -std=c++14 -Wall -Wcast-align -Wcast-qual -Wconversion -Wdisabled-optimization -Werror -Wextra -Wfloat-equal -Wformat=2 -Wformat-nonliteral -Wformat-security -Wformat-y2k -Wimport -Winit-self -Wno-inline -Winvalid-pch -Wmissing-field-initializers -Wmissing-format-attribute -Wmissing-include-dirs -Wno-aggregate-return -Wno-padded -Wno-switch-enum -Wno-unused-parameter -Wno-unused-variable -Wpacked -Wpointer-arith -Wredundant-decls -Wshadow -Wstack-protector -Wstrict-aliasing=3 -Wswitch -Wswitch-default -Wunreachable-code -Wunused -Wvariadic-macros -Wwrite-strings -Wno-switch-default -Wconversion -Wno-psabi -Wcast-align=strict -fno-access-control -g -O0  -fno-omit-frame-pointer -fno-inline -c -o tests-TestMACsecIngressFilter.o `test -f 'TestMACsecIngressFilter.cpp' || echo './'`TestMACsecIngressFilter.cpp
g++ -DHAVE_CONFIG_H -I. -I../..   -Wdate-time -D_FORTIFY_SOURCE=2 -g -DNDEBUG -I../../SAI/inc -I../../SAI/experimental -I../../SAI/meta -I../../meta -I../../vslib -I../../lib -I/usr/include/libnl3 -fPIC -ansi -pipe -std=c++14 -Wall -Wcast-align -Wcast-qual -Wconversion -Wdisabled-optimization -Werror -Wextra -Wfloat-equal -Wformat=2 -Wformat-nonliteral -Wformat-security -Wformat-y2k -Wimport -Winit-self -Wno-inline -Winvalid-pch -Wmissing-field-initializers -Wmissing-format-attribute -Wmissing-include-dirs -Wno-aggregate-return -Wno-padded -Wno-switch-enum -Wno-unused-parameter -Wno-unused-variable -Wpacked -Wpointer-arith -Wredundant-decls -Wshadow -Wstack-protector -Wstrict-aliasing=3 -Wswitch -Wswitch-default -Wunreachable-code -Wunused -Wvariadic-macros -Wwrite-strings -Wno-switch-default -Wconversion -Wno-psabi -Wcast-align=strict -fno-access-control -g -O0  -fno-omit-frame-pointer -fno-inline -c -o tests-TestMACsecFilterStateGuard.o `test -f 'TestMACsecFilterStateGuard.cpp' || echo './'`TestMACsecFilterStateGuard.cpp
g++ -DHAVE_CONFIG_H -I. -I../..   -Wdate-time -D_FORTIFY_SOURCE=2 -g -DNDEBUG -I../../SAI/inc -I../../SAI/experimental -I../../SAI/meta -I../../meta -I../../vslib -I../../lib -I/usr/include/libnl3 -fPIC -ansi -pipe -std=c++14 -Wall -Wcast-align -Wcast-qual -Wconversion -Wdisabled-optimization -Werror -Wextra -Wfloat-equal -Wformat=2 -Wformat-nonliteral -Wformat-security -Wformat-y2k -Wimport -Winit-self -Wno-inline -Winvalid-pch -Wmissing-field-initializers -Wmissing-format-attribute -Wmissing-include-dirs -Wno-aggregate-return -Wno-padded -Wno-switch-enum -Wno-unused-parameter -Wno-unused-variable -Wpacked -Wpointer-arith -Wredundant-decls -Wshadow -Wstack-protector -Wstrict-aliasing=3 -Wswitch -Wswitch-default -Wunreachable-code -Wunused -Wvariadic-macros -Wwrite-strings -Wno-switch-default -Wconversion -Wno-psabi -Wcast-align=strict -fno-access-control -g -O0  -fno-omit-frame-pointer -fno-inline -c -o tests-TestNetMsgRegistrar.o `test -f 'TestNetMsgRegistrar.cpp' || echo './'`TestNetMsgRegistrar.cpp
g++ -DHAVE_CONFIG_H -I. -I../..   -Wdate-time -D_FORTIFY_SOURCE=2 -g -DNDEBUG -I../../SAI/inc -I../../SAI/experimental -I../../SAI/meta -I../../meta -I../../vslib -I../../lib -I/usr/include/libnl3 -fPIC -ansi -pipe -std=c++14 -Wall -Wcast-align -Wcast-qual -Wconversion -Wdisabled-optimization -Werror -Wextra -Wfloat-equal -Wformat=2 -Wformat-nonliteral -Wformat-security -Wformat-y2k -Wimport -Winit-self -Wno-inline -Winvalid-pch -Wmissing-field-initializers -Wmissing-format-attribute -Wmissing-include-dirs -Wno-aggregate-return -Wno-padded -Wno-switch-enum -Wno-unused-parameter -Wno-unused-variable -Wpacked -Wpointer-arith -Wredundant-decls -Wshadow -Wstack-protector -Wstrict-aliasing=3 -Wswitch -Wswitch-default -Wunreachable-code -Wunused -Wvariadic-macros -Wwrite-strings -Wno-switch-default -Wconversion -Wno-psabi -Wcast-align=strict -fno-access-control -g -O0  -fno-omit-frame-pointer -fno-inline -c -o tests-TestRealObjectIdManager.o `test -f 'TestRealObjectIdManager.cpp' || echo './'`TestRealObjectIdManager.cpp
g++ -DHAVE_CONFIG_H -I. -I../..   -Wdate-time -D_FORTIFY_SOURCE=2 -g -DNDEBUG -I../../SAI/inc -I../../SAI/experimental -I../../SAI/meta -I../../meta -I../../vslib -I../../lib -I/usr/include/libnl3 -fPIC -ansi -pipe -std=c++14 -Wall -Wcast-align -Wcast-qual -Wconversion -Wdisabled-optimization -Werror -Wextra -Wfloat-equal -Wformat=2 -Wformat-nonliteral -Wformat-security -Wformat-y2k -Wimport -Winit-self -Wno-inline -Winvalid-pch -Wmissing-field-initializers -Wmissing-format-attribute -Wmissing-include-dirs -Wno-aggregate-return -Wno-padded -Wno-switch-enum -Wno-unused-parameter -Wno-unused-variable -Wpacked -Wpointer-arith -Wredundant-decls -Wshadow -Wstack-protector -Wstrict-aliasing=3 -Wswitch -Wswitch-default -Wunreachable-code -Wunused -Wvariadic-macros -Wwrite-strings -Wno-switch-default -Wconversion -Wno-psabi -Wcast-align=strict -fno-access-control -g -O0  -fno-omit-frame-pointer -fno-inline -c -o tests-TestResourceLimiter.o `test -f 'TestResourceLimiter.cpp' || echo './'`TestResourceLimiter.cpp
g++ -DHAVE_CONFIG_H -I. -I../..   -Wdate-time -D_FORTIFY_SOURCE=2 -g -DNDEBUG -I../../SAI/inc -I../../SAI/experimental -I../../SAI/meta -I../../meta -I../../vslib -I../../lib -I/usr/include/libnl3 -fPIC -ansi -pipe -std=c++14 -Wall -Wcast-align -Wcast-qual -Wconversion -Wdisabled-optimization -Werror -Wextra -Wfloat-equal -Wformat=2 -Wformat-nonliteral -Wformat-security -Wformat-y2k -Wimport -Winit-self -Wno-inline -Winvalid-pch -Wmissing-field-initializers -Wmissing-format-attribute -Wmissing-include-dirs -Wno-aggregate-return -Wno-padded -Wno-switch-enum -Wno-unused-parameter -Wno-unused-variable -Wpacked -Wpointer-arith -Wredundant-decls -Wshadow -Wstack-protector -Wstrict-aliasing=3 -Wswitch -Wswitch-default -Wunreachable-code -Wunused -Wvariadic-macros -Wwrite-strings -Wno-switch-default -Wconversion -Wno-psabi -Wcast-align=strict -fno-access-control -g -O0  -fno-omit-frame-pointer -fno-inline -c -o tests-TestResourceLimiterContainer.o `test -f 'TestResourceLimiterContainer.cpp' || echo './'`TestResourceLimiterContainer.cpp
g++ -DHAVE_CONFIG_H -I. -I../..   -Wdate-time -D_FORTIFY_SOURCE=2 -g -DNDEBUG -I../../SAI/inc -I../../SAI/experimental -I../../SAI/meta -I../../meta -I../../vslib -I../../lib -I/usr/include/libnl3 -fPIC -ansi -pipe -std=c++14 -Wall -Wcast-align -Wcast-qual -Wconversion -Wdisabled-optimization -Werror -Wextra -Wfloat-equal -Wformat=2 -Wformat-nonliteral -Wformat-security -Wformat-y2k -Wimport -Winit-self -Wno-inline -Winvalid-pch -Wmissing-field-initializers -Wmissing-format-attribute -Wmissing-include-dirs -Wno-aggregate-return -Wno-padded -Wno-switch-enum -Wno-unused-parameter -Wno-unused-variable -Wpacked -Wpointer-arith -Wredundant-decls -Wshadow -Wstack-protector -Wstrict-aliasing=3 -Wswitch -Wswitch-default -Wunreachable-code -Wunused -Wvariadic-macros -Wwrite-strings -Wno-switch-default -Wconversion -Wno-psabi -Wcast-align=strict -fno-access-control -g -O0  -fno-omit-frame-pointer -fno-inline -c -o tests-TestResourceLimiterParser.o `test -f 'TestResourceLimiterParser.cpp' || echo './'`TestResourceLimiterParser.cpp
g++ -DHAVE_CONFIG_H -I. -I../..   -Wdate-time -D_FORTIFY_SOURCE=2 -g -DNDEBUG -I../../SAI/inc -I../../SAI/experimental -I../../SAI/meta -I../../meta -I../../vslib -I../../lib -I/usr/include/libnl3 -fPIC -ansi -pipe -std=c++14 -Wall -Wcast-align -Wcast-qual -Wconversion -Wdisabled-optimization -Werror -Wextra -Wfloat-equal -Wformat=2 -Wformat-nonliteral -Wformat-security -Wformat-y2k -Wimport -Winit-self -Wno-inline -Winvalid-pch -Wmissing-field-initializers -Wmissing-format-attribute -Wmissing-include-dirs -Wno-aggregate-return -Wno-padded -Wno-switch-enum -Wno-unused-parameter -Wno-unused-variable -Wpacked -Wpointer-arith -Wredundant-decls -Wshadow -Wstack-protector -Wstrict-aliasing=3 -Wswitch -Wswitch-default -Wunreachable-code -Wunused -Wvariadic-macros -Wwrite-strings -Wno-switch-default -Wconversion -Wno-psabi -Wcast-align=strict -fno-access-control -g -O0  -fno-omit-frame-pointer -fno-inline -c -o tests-TestSaiUnittests.o `test -f 'TestSaiUnittests.cpp' || echo './'`TestSaiUnittests.cpp
g++ -DHAVE_CONFIG_H -I. -I../..   -Wdate-time -D_FORTIFY_SOURCE=2 -g -DNDEBUG -I../../SAI/inc -I../../SAI/experimental -I../../SAI/meta -I../../meta -I../../vslib -I../../lib -I/usr/include/libnl3 -fPIC -ansi -pipe -std=c++14 -Wall -Wcast-align -Wcast-qual -Wconversion -Wdisabled-optimization -Werror -Wextra -Wfloat-equal -Wformat=2 -Wformat-nonliteral -Wformat-security -Wformat-y2k -Wimport -Winit-self -Wno-inline -Winvalid-pch -Wmissing-field-initializers -Wmissing-format-attribute -Wmissing-include-dirs -Wno-aggregate-return -Wno-padded -Wno-switch-enum -Wno-unused-parameter -Wno-unused-variable -Wpacked -Wpointer-arith -Wredundant-decls -Wshadow -Wstack-protector -Wstrict-aliasing=3 -Wswitch -Wswitch-default -Wunreachable-code -Wunused -Wvariadic-macros -Wwrite-strings -Wno-switch-default -Wconversion -Wno-psabi -Wcast-align=strict -fno-access-control -g -O0  -fno-omit-frame-pointer -fno-inline -c -o tests-TestSelectableFd.o `test -f 'TestSelectableFd.cpp' || echo './'`TestSelectableFd.cpp
g++ -DHAVE_CONFIG_H -I. -I../..   -Wdate-time -D_FORTIFY_SOURCE=2 -g -DNDEBUG -I../../SAI/inc -I../../SAI/experimental -I../../SAI/meta -I../../meta -I../../vslib -I../../lib -I/usr/include/libnl3 -fPIC -ansi -pipe -std=c++14 -Wall -Wcast-align -Wcast-qual -Wconversion -Wdisabled-optimization -Werror -Wextra -Wfloat-equal -Wformat=2 -Wformat-nonliteral -Wformat-security -Wformat-y2k -Wimport -Winit-self -Wno-inline -Winvalid-pch -Wmissing-field-initializers -Wmissing-format-attribute -Wmissing-include-dirs -Wno-aggregate-return -Wno-padded -Wno-switch-enum -Wno-unused-parameter -Wno-unused-variable -Wpacked -Wpointer-arith -Wredundant-decls -Wshadow -Wstack-protector -Wstrict-aliasing=3 -Wswitch -Wswitch-default -Wunreachable-code -Wunused -Wvariadic-macros -Wwrite-strings -Wno-switch-default -Wconversion -Wno-psabi -Wcast-align=strict -fno-access-control -g -O0  -fno-omit-frame-pointer -fno-inline -c -o tests-TestSignal.o `test -f 'TestSignal.cpp' || echo './'`TestSignal.cpp
g++ -DHAVE_CONFIG_H -I. -I../..   -Wdate-time -D_FORTIFY_SOURCE=2 -g -DNDEBUG -I../../SAI/inc -I../../SAI/experimental -I../../SAI/meta -I../../meta -I../../vslib -I../../lib -I/usr/include/libnl3 -fPIC -ansi -pipe -std=c++14 -Wall -Wcast-align -Wcast-qual -Wconversion -Wdisabled-optimization -Werror -Wextra -Wfloat-equal -Wformat=2 -Wformat-nonliteral -Wformat-security -Wformat-y2k -Wimport -Winit-self -Wno-inline -Winvalid-pch -Wmissing-field-initializers -Wmissing-format-attribute -Wmissing-include-dirs -Wno-aggregate-return -Wno-padded -Wno-switch-enum -Wno-unused-parameter -Wno-unused-variable -Wpacked -Wpointer-arith -Wredundant-decls -Wshadow -Wstack-protector -Wstrict-aliasing=3 -Wswitch -Wswitch-default -Wunreachable-code -Wunused -Wvariadic-macros -Wwrite-strings -Wno-switch-default -Wconversion -Wno-psabi -Wcast-align=strict -fno-access-control -g -O0  -fno-omit-frame-pointer -fno-inline -c -o tests-TestSwitchConfigContainer.o `test -f 'TestSwitchConfigContainer.cpp' || echo './'`TestSwitchConfigContainer.cpp
g++ -DHAVE_CONFIG_H -I. -I../..   -Wdate-time -D_FORTIFY_SOURCE=2 -g -DNDEBUG -I../../SAI/inc -I../../SAI/experimental -I../../SAI/meta -I../../meta -I../../vslib -I../../lib -I/usr/include/libnl3 -fPIC -ansi -pipe -std=c++14 -Wall -Wcast-align -Wcast-qual -Wconversion -Wdisabled-optimization -Werror -Wextra -Wfloat-equal -Wformat=2 -Wformat-nonliteral -Wformat-security -Wformat-y2k -Wimport -Winit-self -Wno-inline -Winvalid-pch -Wmissing-field-initializers -Wmissing-format-attribute -Wmissing-include-dirs -Wno-aggregate-return -Wno-padded -Wno-switch-enum -Wno-unused-parameter -Wno-unused-variable -Wpacked -Wpointer-arith -Wredundant-decls -Wshadow -Wstack-protector -Wstrict-aliasing=3 -Wswitch -Wswitch-default -Wunreachable-code -Wunused -Wvariadic-macros -Wwrite-strings -Wno-switch-default -Wconversion -Wno-psabi -Wcast-align=strict -fno-access-control -g -O0  -fno-omit-frame-pointer -fno-inline -c -o tests-TestTrafficForwarder.o `test -f 'TestTrafficForwarder.cpp' || echo './'`TestTrafficForwarder.cpp
g++ -DHAVE_CONFIG_H -I. -I../..   -Wdate-time -D_FORTIFY_SOURCE=2 -g -DNDEBUG -I../../SAI/inc -I../../SAI/experimental -I../../SAI/meta -I../../meta -I../../vslib -I../../lib -I/usr/include/libnl3 -fPIC -ansi -pipe -std=c++14 -Wall -Wcast-align -Wcast-qual -Wconversion -Wdisabled-optimization -Werror -Wextra -Wfloat-equal -Wformat=2 -Wformat-nonliteral -Wformat-security -Wformat-y2k -Wimport -Winit-self -Wno-inline -Winvalid-pch -Wmissing-field-initializers -Wmissing-format-attribute -Wmissing-include-dirs -Wno-aggregate-return -Wno-padded -Wno-switch-enum -Wno-unused-parameter -Wno-unused-variable -Wpacked -Wpointer-arith -Wredundant-decls -Wshadow -Wstack-protector -Wstrict-aliasing=3 -Wswitch -Wswitch-default -Wunreachable-code -Wunused -Wvariadic-macros -Wwrite-strings -Wno-switch-default -Wconversion -Wno-psabi -Wcast-align=strict -fno-access-control -g -O0  -fno-omit-frame-pointer -fno-inline -c -o tests-TestHostInterfaceInfo.o `test -f 'TestHostInterfaceInfo.cpp' || echo './'`TestHostInterfaceInfo.cpp
g++ -DHAVE_CONFIG_H -I. -I../..   -Wdate-time -D_FORTIFY_SOURCE=2 -g -DNDEBUG -I../../SAI/inc -I../../SAI/experimental -I../../SAI/meta -I../../meta -I../../vslib -I../../lib -I/usr/include/libnl3 -fPIC -ansi -pipe -std=c++14 -Wall -Wcast-align -Wcast-qual -Wconversion -Wdisabled-optimization -Werror -Wextra -Wfloat-equal -Wformat=2 -Wformat-nonliteral -Wformat-security -Wformat-y2k -Wimport -Winit-self -Wno-inline -Winvalid-pch -Wmissing-field-initializers -Wmissing-format-attribute -Wmissing-include-dirs -Wno-aggregate-return -Wno-padded -Wno-switch-enum -Wno-unused-parameter -Wno-unused-variable -Wpacked -Wpointer-arith -Wredundant-decls -Wshadow -Wstack-protector -Wstrict-aliasing=3 -Wswitch -Wswitch-default -Wunreachable-code -Wunused -Wvariadic-macros -Wwrite-strings -Wno-switch-default -Wconversion -Wno-psabi -Wcast-align=strict -fno-access-control -g -O0  -fno-omit-frame-pointer -fno-inline -c -o tests-TestTrafficFilterPipes.o `test -f 'TestTrafficFilterPipes.cpp' || echo './'`TestTrafficFilterPipes.cpp
g++ -DHAVE_CONFIG_H -I. -I../..   -Wdate-time -D_FORTIFY_SOURCE=2 -g -DNDEBUG -I../../SAI/inc -I../../SAI/experimental -I../../SAI/meta -I../../meta -I../../vslib -I../../lib -I/usr/include/libnl3 -fPIC -ansi -pipe -std=c++14 -Wall -Wcast-align -Wcast-qual -Wconversion -Wdisabled-optimization -Werror -Wextra -Wfloat-equal -Wformat=2 -Wformat-nonliteral -Wformat-security -Wformat-y2k -Wimport -Winit-self -Wno-inline -Winvalid-pch -Wmissing-field-initializers -Wmissing-format-attribute -Wmissing-include-dirs -Wno-aggregate-return -Wno-padded -Wno-switch-enum -Wno-unused-parameter -Wno-unused-variable -Wpacked -Wpointer-arith -Wredundant-decls -Wshadow -Wstack-protector -Wstrict-aliasing=3 -Wswitch -Wswitch-default -Wunreachable-code -Wunused -Wvariadic-macros -Wwrite-strings -Wno-switch-default -Wconversion -Wno-psabi -Wcast-align=strict -fno-access-control -g -O0  -fno-omit-frame-pointer -fno-inline -c -o tests-TestSwitchConfig.o `test -f 'TestSwitchConfig.cpp' || echo './'`TestSwitchConfig.cpp
g++ -DHAVE_CONFIG_H -I. -I../..   -Wdate-time -D_FORTIFY_SOURCE=2 -g -DNDEBUG -I../../SAI/inc -I../../SAI/experimental -I../../SAI/meta -I../../meta -I../../vslib -I../../lib -I/usr/include/libnl3 -fPIC -ansi -pipe -std=c++14 -Wall -Wcast-align -Wcast-qual -Wconversion -Wdisabled-optimization -Werror -Wextra -Wfloat-equal -Wformat=2 -Wformat-nonliteral -Wformat-security -Wformat-y2k -Wimport -Winit-self -Wno-inline -Winvalid-pch -Wmissing-field-initializers -Wmissing-format-attribute -Wmissing-include-dirs -Wno-aggregate-return -Wno-padded -Wno-switch-enum -Wno-unused-parameter -Wno-unused-variable -Wpacked -Wpointer-arith -Wredundant-decls -Wshadow -Wstack-protector -Wstrict-aliasing=3 -Wswitch -Wswitch-default -Wunreachable-code -Wunused -Wvariadic-macros -Wwrite-strings -Wno-switch-default -Wconversion -Wno-psabi -Wcast-align=strict -fno-access-control -g -O0  -fno-omit-frame-pointer -fno-inline -c -o tests-TestSwitchContainer.o `test -f 'TestSwitchContainer.cpp' || echo './'`TestSwitchContainer.cpp
g++ -DHAVE_CONFIG_H -I. -I../..   -Wdate-time -D_FORTIFY_SOURCE=2 -g -DNDEBUG -I../../SAI/inc -I../../SAI/experimental -I../../SAI/meta -I../../meta -I../../vslib -I../../lib -I/usr/include/libnl3 -fPIC -ansi -pipe -std=c++14 -Wall -Wcast-align -Wcast-qual -Wconversion -Wdisabled-optimization -Werror -Wextra -Wfloat-equal -Wformat=2 -Wformat-nonliteral -Wformat-security -Wformat-y2k -Wimport -Winit-self -Wno-inline -Winvalid-pch -Wmissing-field-initializers -Wmissing-format-attribute -Wmissing-include-dirs -Wno-aggregate-return -Wno-padded -Wno-switch-enum -Wno-unused-parameter -Wno-unused-variable -Wpacked -Wpointer-arith -Wredundant-decls -Wshadow -Wstack-protector -Wstrict-aliasing=3 -Wswitch -Wswitch-default -Wunreachable-code -Wunused -Wvariadic-macros -Wwrite-strings -Wno-switch-default -Wconversion -Wno-psabi -Wcast-align=strict -fno-access-control -g -O0  -fno-omit-frame-pointer -fno-inline -c -o tests-TestSwitch.o `test -f 'TestSwitch.cpp' || echo './'`TestSwitch.cpp
g++ -DHAVE_CONFIG_H -I. -I../..   -Wdate-time -D_FORTIFY_SOURCE=2 -g -DNDEBUG -I../../SAI/inc -I../../SAI/experimental -I../../SAI/meta -I../../meta -I../../vslib -I../../lib -I/usr/include/libnl3 -fPIC -ansi -pipe -std=c++14 -Wall -Wcast-align -Wcast-qual -Wconversion -Wdisabled-optimization -Werror -Wextra -Wfloat-equal -Wformat=2 -Wformat-nonliteral -Wformat-security -Wformat-y2k -Wimport -Winit-self -Wno-inline -Winvalid-pch -Wmissing-field-initializers -Wmissing-format-attribute -Wmissing-include-dirs -Wno-aggregate-return -Wno-padded -Wno-switch-enum -Wno-unused-parameter -Wno-unused-variable -Wpacked -Wpointer-arith -Wredundant-decls -Wshadow -Wstack-protector -Wstrict-aliasing=3 -Wswitch -Wswitch-default -Wunreachable-code -Wunused -Wvariadic-macros -Wwrite-strings -Wno-switch-default -Wconversion -Wno-psabi -Wcast-align=strict -fno-access-control -g -O0  -fno-omit-frame-pointer -fno-inline -c -o tests-TestSwitchMLNX2700.o `test -f 'TestSwitchMLNX2700.cpp' || echo './'`TestSwitchMLNX2700.cpp
g++ -DHAVE_CONFIG_H -I. -I../..   -Wdate-time -D_FORTIFY_SOURCE=2 -g -DNDEBUG -I../../SAI/inc -I../../SAI/experimental -I../../SAI/meta -I../../meta -I../../vslib -I../../lib -I/usr/include/libnl3 -fPIC -ansi -pipe -std=c++14 -Wall -Wcast-align -Wcast-qual -Wconversion -Wdisabled-optimization -Werror -Wextra -Wfloat-equal -Wformat=2 -Wformat-nonliteral -Wformat-security -Wformat-y2k -Wimport -Winit-self -Wno-inline -Winvalid-pch -Wmissing-field-initializers -Wmissing-format-attribute -Wmissing-include-dirs -Wno-aggregate-return -Wno-padded -Wno-switch-enum -Wno-unused-parameter -Wno-unused-variable -Wpacked -Wpointer-arith -Wredundant-decls -Wshadow -Wstack-protector -Wstrict-aliasing=3 -Wswitch -Wswitch-default -Wunreachable-code -Wunused -Wvariadic-macros -Wwrite-strings -Wno-switch-default -Wconversion -Wno-psabi -Wcast-align=strict -fno-access-control -g -O0  -fno-omit-frame-pointer -fno-inline -c -o tests-TestSwitchNvdaMBF2H536C.o `test -f 'TestSwitchNvdaMBF2H536C.cpp' || echo './'`TestSwitchNvdaMBF2H536C.cpp
g++ -DHAVE_CONFIG_H -I. -I../..   -Wdate-time -D_FORTIFY_SOURCE=2 -g -DNDEBUG -I../../SAI/inc -I../../SAI/experimental -I../../SAI/meta -I../../meta -I../../vslib -I../../lib -I/usr/include/libnl3 -fPIC -ansi -pipe -std=c++14 -Wall -Wcast-align -Wcast-qual -Wconversion -Wdisabled-optimization -Werror -Wextra -Wfloat-equal -Wformat=2 -Wformat-nonliteral -Wformat-security -Wformat-y2k -Wimport -Winit-self -Wno-inline -Winvalid-pch -Wmissing-field-initializers -Wmissing-format-attribute -Wmissing-include-dirs -Wno-aggregate-return -Wno-padded -Wno-switch-enum -Wno-unused-parameter -Wno-unused-variable -Wpacked -Wpointer-arith -Wredundant-decls -Wshadow -Wstack-protector -Wstrict-aliasing=3 -Wswitch -Wswitch-default -Wunreachable-code -Wunused -Wvariadic-macros -Wwrite-strings -Wno-switch-default -Wconversion -Wno-psabi -Wcast-align=strict -fno-access-control -g -O0  -fno-omit-frame-pointer -fno-inline -c -o tests-TestSwitchBCM56971B0.o `test -f 'TestSwitchBCM56971B0.cpp' || echo './'`TestSwitchBCM56971B0.cpp
g++ -DHAVE_CONFIG_H -I. -I../..   -Wdate-time -D_FORTIFY_SOURCE=2 -g -DNDEBUG -I../../SAI/inc -I../../SAI/experimental -I../../SAI/meta -I../../meta -I../../vslib -I../../lib -I/usr/include/libnl3 -fPIC -ansi -pipe -std=c++14 -Wall -Wcast-align -Wcast-qual -Wconversion -Wdisabled-optimization -Werror -Wextra -Wfloat-equal -Wformat=2 -Wformat-nonliteral -Wformat-security -Wformat-y2k -Wimport -Winit-self -Wno-inline -Winvalid-pch -Wmissing-field-initializers -Wmissing-format-attribute -Wmissing-include-dirs -Wno-aggregate-return -Wno-padded -Wno-switch-enum -Wno-unused-parameter -Wno-unused-variable -Wpacked -Wpointer-arith -Wredundant-decls -Wshadow -Wstack-protector -Wstrict-aliasing=3 -Wswitch -Wswitch-default -Wunreachable-code -Wunused -Wvariadic-macros -Wwrite-strings -Wno-switch-default -Wconversion -Wno-psabi -Wcast-align=strict -fno-access-control -g -O0  -fno-omit-frame-pointer -fno-inline -c -o tests-TestSwitchBCM56850.o `test -f 'TestSwitchBCM56850.cpp' || echo './'`TestSwitchBCM56850.cpp
g++ -DHAVE_CONFIG_H -I. -I../..   -Wdate-time -D_FORTIFY_SOURCE=2 -g -DNDEBUG -I../../SAI/inc -I../../SAI/experimental -I../../SAI/meta -I../../meta -I../../vslib -I../../lib -I/usr/include/libnl3 -fPIC -ansi -pipe -std=c++14 -Wall -Wcast-align -Wcast-qual -Wconversion -Wdisabled-optimization -Werror -Wextra -Wfloat-equal -Wformat=2 -Wformat-nonliteral -Wformat-security -Wformat-y2k -Wimport -Winit-self -Wno-inline -Winvalid-pch -Wmissing-field-initializers -Wmissing-format-attribute -Wmissing-include-dirs -Wno-aggregate-return -Wno-padded -Wno-switch-enum -Wno-unused-parameter -Wno-unused-variable -Wpacked -Wpointer-arith -Wredundant-decls -Wshadow -Wstack-protector -Wstrict-aliasing=3 -Wswitch -Wswitch-default -Wunreachable-code -Wunused -Wvariadic-macros -Wwrite-strings -Wno-switch-default -Wconversion -Wno-psabi -Wcast-align=strict -fno-access-control -g -O0  -fno-omit-frame-pointer -fno-inline -c -o tests-TestSwitchBCM81724.o `test -f 'TestSwitchBCM81724.cpp' || echo './'`TestSwitchBCM81724.cpp
g++ -DHAVE_CONFIG_H -I. -I../..   -Wdate-time -D_FORTIFY_SOURCE=2 -g -DNDEBUG -I../../SAI/inc -I../../SAI/experimental -I../../SAI/meta -I../../meta -I../../vslib -I../../lib -I/usr/include/libnl3 -fPIC -ansi -pipe -std=c++14 -Wall -Wcast-align -Wcast-qual -Wconversion -Wdisabled-optimization -Werror -Wextra -Wfloat-equal -Wformat=2 -Wformat-nonliteral -Wformat-security -Wformat-y2k -Wimport -Winit-self -Wno-inline -Winvalid-pch -Wmissing-field-initializers -Wmissing-format-attribute -Wmissing-include-dirs -Wno-aggregate-return -Wno-padded -Wno-switch-enum -Wno-unused-parameter -Wno-unused-variable -Wpacked -Wpointer-arith -Wredundant-decls -Wshadow -Wstack-protector -Wstrict-aliasing=3 -Wswitch -Wswitch-default -Wunreachable-code -Wunused -Wvariadic-macros -Wwrite-strings -Wno-switch-default -Wconversion -Wno-psabi -Wcast-align=strict -fno-access-control -g -O0  -fno-omit-frame-pointer -fno-inline -c -o tests-TestSwitchStateBaseMACsec.o `test -f 'TestSwitchStateBaseMACsec.cpp' || echo './'`TestSwitchStateBaseMACsec.cpp
g++ -DHAVE_CONFIG_H -I. -I../..   -Wdate-time -D_FORTIFY_SOURCE=2 -g -DNDEBUG -I../../SAI/inc -I../../SAI/experimental -I../../SAI/meta -I../../meta -I../../vslib -I../../lib -I/usr/include/libnl3 -fPIC -ansi -pipe -std=c++14 -Wall -Wcast-align -Wcast-qual -Wconversion -Wdisabled-optimization -Werror -Wextra -Wfloat-equal -Wformat=2 -Wformat-nonliteral -Wformat-security -Wformat-y2k -Wimport -Winit-self -Wno-inline -Winvalid-pch -Wmissing-field-initializers -Wmissing-format-attribute -Wmissing-include-dirs -Wno-aggregate-return -Wno-padded -Wno-switch-enum -Wno-unused-parameter -Wno-unused-variable -Wpacked -Wpointer-arith -Wredundant-decls -Wshadow -Wstack-protector -Wstrict-aliasing=3 -Wswitch -Wswitch-default -Wunreachable-code -Wunused -Wvariadic-macros -Wwrite-strings -Wno-switch-default -Wconversion -Wno-psabi -Wcast-align=strict -fno-access-control -g -O0  -fno-omit-frame-pointer -fno-inline -c -o tests-TestMACsecManager.o `test -f 'TestMACsecManager.cpp' || echo './'`TestMACsecManager.cpp
g++ -DHAVE_CONFIG_H -I. -I../..   -Wdate-time -D_FORTIFY_SOURCE=2 -g -DNDEBUG -I../../SAI/inc -I../../SAI/experimental -I../../SAI/meta -I../../meta -I../../vslib -I../../lib -I/usr/include/libnl3 -fPIC -ansi -pipe -std=c++14 -Wall -Wcast-align -Wcast-qual -Wconversion -Wdisabled-optimization -Werror -Wextra -Wfloat-equal -Wformat=2 -Wformat-nonliteral -Wformat-security -Wformat-y2k -Wimport -Winit-self -Wno-inline -Winvalid-pch -Wmissing-field-initializers -Wmissing-format-attribute -Wmissing-include-dirs -Wno-aggregate-return -Wno-padded -Wno-switch-enum -Wno-unused-parameter -Wno-unused-variable -Wpacked -Wpointer-arith -Wredundant-decls -Wshadow -Wstack-protector -Wstrict-aliasing=3 -Wswitch -Wswitch-default -Wunreachable-code -Wunused -Wvariadic-macros -Wwrite-strings -Wno-switch-default -Wconversion -Wno-psabi -Wcast-align=strict -fno-access-control -g -O0  -fno-omit-frame-pointer -fno-inline -c -o tests-TestSwitchStateBase.o `test -f 'TestSwitchStateBase.cpp' || echo './'`TestSwitchStateBase.cpp
g++ -DHAVE_CONFIG_H -I. -I../..   -Wdate-time -D_FORTIFY_SOURCE=2 -g -DNDEBUG -I../../SAI/inc -I../../SAI/experimental -I../../SAI/meta -I../../meta -I../../vslib -I../../lib -I/usr/include/libnl3 -fPIC -ansi -pipe -std=c++14 -Wall -Wcast-align -Wcast-qual -Wconversion -Wdisabled-optimization -Werror -Wextra -Wfloat-equal -Wformat=2 -Wformat-nonliteral -Wformat-security -Wformat-y2k -Wimport -Winit-self -Wno-inline -Winvalid-pch -Wmissing-field-initializers -Wmissing-format-attribute -Wmissing-include-dirs -Wno-aggregate-return -Wno-padded -Wno-switch-enum -Wno-unused-parameter -Wno-unused-variable -Wpacked -Wpointer-arith -Wredundant-decls -Wshadow -Wstack-protector -Wstrict-aliasing=3 -Wswitch -Wswitch-default -Wunreachable-code -Wunused -Wvariadic-macros -Wwrite-strings -Wno-switch-default -Wconversion -Wno-psabi -Wcast-align=strict -fno-access-control -g -O0  -fno-omit-frame-pointer -fno-inline -c -o tests-TestSai.o `test -f 'TestSai.cpp' || echo './'`TestSai.cpp
g++ -DHAVE_CONFIG_H -I. -I../..   -Wdate-time -D_FORTIFY_SOURCE=2 -g -DNDEBUG -I../../SAI/inc -I../../SAI/experimental -I../../SAI/meta -I../../meta -I../../vslib -I../../lib -I/usr/include/libnl3 -fPIC -ansi -pipe -std=c++14 -Wall -Wcast-align -Wcast-qual -Wconversion -Wdisabled-optimization -Werror -Wextra -Wfloat-equal -Wformat=2 -Wformat-nonliteral -Wformat-security -Wformat-y2k -Wimport -Winit-self -Wno-inline -Winvalid-pch -Wmissing-field-initializers -Wmissing-format-attribute -Wmissing-include-dirs -Wno-aggregate-return -Wno-padded -Wno-switch-enum -Wno-unused-parameter -Wno-unused-variable -Wpacked -Wpointer-arith -Wredundant-decls -Wshadow -Wstack-protector -Wstrict-aliasing=3 -Wswitch -Wswitch-default -Wunreachable-code -Wunused -Wvariadic-macros -Wwrite-strings -Wno-switch-default -Wconversion -Wno-psabi -Wcast-align=strict -fno-access-control -g -O0  -fno-omit-frame-pointer -fno-inline -c -o tests-TestVirtualSwitchSaiInterface.o `test -f 'TestVirtualSwitchSaiInterface.cpp' || echo './'`TestVirtualSwitchSaiInterface.cpp
g++ -DHAVE_CONFIG_H -I. -I../..   -Wdate-time -D_FORTIFY_SOURCE=2 -g -DNDEBUG -I../../SAI/inc -I../../SAI/experimental -I../../SAI/meta -I../../meta -I../../vslib -I../../lib -I/usr/include/libnl3 -fPIC -ansi -pipe -std=c++14 -Wall -Wcast-align -Wcast-qual -Wconversion -Wdisabled-optimization -Werror -Wextra -Wfloat-equal -Wformat=2 -Wformat-nonliteral -Wformat-security -Wformat-y2k -Wimport -Winit-self -Wno-inline -Winvalid-pch -Wmissing-field-initializers -Wmissing-format-attribute -Wmissing-include-dirs -Wno-aggregate-return -Wno-padded -Wno-switch-enum -Wno-unused-parameter -Wno-unused-variable -Wpacked -Wpointer-arith -Wredundant-decls -Wshadow -Wstack-protector -Wstrict-aliasing=3 -Wswitch -Wswitch-default -Wunreachable-code -Wunused -Wvariadic-macros -Wwrite-strings -Wno-switch-default -Wconversion -Wno-psabi -Wcast-align=strict -fno-access-control -g -O0  -fno-omit-frame-pointer -fno-inline -c -o tests-TestTAM.o `test -f 'TestTAM.cpp' || echo './'`TestTAM.cpp
/bin/bash ../../libtool  --tag=CXX   --mode=link g++ -g -DNDEBUG -I../../SAI/inc -I../../SAI/experimental -I../../SAI/meta -I../../meta -I../../vslib -I../../lib -I/usr/include/libnl3 -fPIC -ansi -pipe -std=c++14 -Wall -Wcast-align -Wcast-qual -Wconversion -Wdisabled-optimization -Werror -Wextra -Wfloat-equal -Wformat=2 -Wformat-nonliteral -Wformat-security -Wformat-y2k -Wimport -Winit-self -Wno-inline -Winvalid-pch -Wmissing-field-initializers -Wmissing-format-attribute -Wmissing-include-dirs -Wno-aggregate-return -Wno-padded -Wno-switch-enum -Wno-unused-parameter -Wno-unused-variable -Wpacked -Wpointer-arith -Wredundant-decls -Wshadow -Wstack-protector -Wstrict-aliasing=3 -Wswitch -Wswitch-default -Wunreachable-code -Wunused -Wvariadic-macros -Wwrite-strings -Wno-switch-default -Wconversion -Wno-psabi -Wcast-align=strict -fno-access-control -g -O0  -fno-omit-frame-pointer -fno-inline  -Wl,-z,relro -Wl,-z,now -o tests tests-main.o tests-TestBuffer.o tests-TestContextConfigContainer.o tests-TestCorePortIndexMap.o tests-TestCorePortIndexMapContainer.o tests-TestCorePortIndexMapFileParser.o tests-TestEventPayloadNetLinkMsg.o tests-TestEventPayloadPacket.o tests-TestEventQueue.o tests-TestFdbInfo.o tests-TestSaiAttrWrap.o tests-TestLaneMap.o tests-TestLaneMapContainer.o tests-TestLaneMapFileParser.o tests-TestMACsecAttr.o tests-TestMACsecEgressFilter.o tests-TestMACsecForwarder.o tests-TestMACsecIngressFilter.o tests-TestMACsecFilterStateGuard.o tests-TestNetMsgRegistrar.o tests-TestRealObjectIdManager.o tests-TestResourceLimiter.o tests-TestResourceLimiterContainer.o tests-TestResourceLimiterParser.o tests-TestSaiUnittests.o tests-TestSelectableFd.o tests-TestSignal.o tests-TestSwitchConfigContainer.o tests-TestTrafficForwarder.o tests-TestHostInterfaceInfo.o tests-TestTrafficFilterPipes.o tests-TestSwitchConfig.o tests-TestSwitchContainer.o tests-TestSwitch.o tests-TestSwitchMLNX2700.o tests-TestSwitchNvdaMBF2H536C.o tests-TestSwitchBCM56971B0.o tests-TestSwitchBCM56850.o tests-TestSwitchBCM81724.o tests-TestSwitchStateBaseMACsec.o tests-TestMACsecManager.o tests-TestSwitchStateBase.o tests-TestSai.o tests-TestVirtualSwitchSaiInterface.o tests-TestTAM.o -L/usr/src/gtest -lgtest -lgtest_main ../../vslib/libSaiVS.a -lhiredis -lswsscommon -lnl-genl-3 -lnl-nf-3 -lnl-route-3 -lnl-3 -lpthread -L../../meta/.libs -lsaimetadata -lsaimeta -lzmq   
libtool: link: g++ -g -DNDEBUG -I../../SAI/inc -I../../SAI/experimental -I../../SAI/meta -I../../meta -I../../vslib -I../../lib -I/usr/include/libnl3 -fPIC -ansi -pipe -std=c++14 -Wall -Wcast-align -Wcast-qual -Wconversion -Wdisabled-optimization -Werror -Wextra -Wfloat-equal -Wformat=2 -Wformat-nonliteral -Wformat-security -Wformat-y2k -Wimport -Winit-self -Wno-inline -Winvalid-pch -Wmissing-field-initializers -Wmissing-format-attribute -Wmissing-include-dirs -Wno-aggregate-return -Wno-padded -Wno-switch-enum -Wno-unused-parameter -Wno-unused-variable -Wpacked -Wpointer-arith -Wredundant-decls -Wshadow -Wstack-protector -Wstrict-aliasing=3 -Wswitch -Wswitch-default -Wunreachable-code -Wunused -Wvariadic-macros -Wwrite-strings -Wno-switch-default -Wconversion -Wno-psabi -Wcast-align=strict -fno-access-control -g -O0 -fno-omit-frame-pointer -fno-inline -Wl,-z -Wl,relro -Wl,-z -Wl,now -o .libs/tests tests-main.o tests-TestBuffer.o tests-TestContextConfigContainer.o tests-TestCorePortIndexMap.o tests-TestCorePortIndexMapContainer.o tests-TestCorePortIndexMapFileParser.o tests-TestEventPayloadNetLinkMsg.o tests-TestEventPayloadPacket.o tests-TestEventQueue.o tests-TestFdbInfo.o tests-TestSaiAttrWrap.o tests-TestLaneMap.o tests-TestLaneMapContainer.o tests-TestLaneMapFileParser.o tests-TestMACsecAttr.o tests-TestMACsecEgressFilter.o tests-TestMACsecForwarder.o tests-TestMACsecIngressFilter.o tests-TestMACsecFilterStateGuard.o tests-TestNetMsgRegistrar.o tests-TestRealObjectIdManager.o tests-TestResourceLimiter.o tests-TestResourceLimiterContainer.o tests-TestResourceLimiterParser.o tests-TestSaiUnittests.o tests-TestSelectableFd.o tests-TestSignal.o tests-TestSwitchConfigContainer.o tests-TestTrafficForwarder.o tests-TestHostInterfaceInfo.o tests-TestTrafficFilterPipes.o tests-TestSwitchConfig.o tests-TestSwitchContainer.o tests-TestSwitch.o tests-TestSwitchMLNX2700.o tests-TestSwitchNvdaMBF2H536C.o tests-TestSwitchBCM56971B0.o tests-TestSwitchBCM56850.o tests-TestSwitchBCM81724.o tests-TestSwitchStateBaseMACsec.o tests-TestMACsecManager.o tests-TestSwitchStateBase.o tests-TestSai.o tests-TestVirtualSwitchSaiInterface.o tests-TestTAM.o  -L/usr/src/gtest -lgtest -lgtest_main ../../vslib/libSaiVS.a -lhiredis -lswsscommon -lnl-genl-3 -lnl-nf-3 -lnl-route-3 -lnl-3 -lpthread -L../../meta/.libs /sonic/src/sonic-sairedis/meta/.libs/libsaimetadata.so /sonic/src/sonic-sairedis/meta/.libs/libsaimeta.so -lzmq
make[3]: Leaving directory '/sonic/src/sonic-sairedis/unittest/vslib'
Making all in syncd
make[3]: Entering directory '/sonic/src/sonic-sairedis/unittest/syncd'
g++ -DHAVE_CONFIG_H -I. -I../..   -Wdate-time -D_FORTIFY_SOURCE=2 -g -DNDEBUG -I../../SAI/inc -I../../SAI/experimental -I../../SAI/meta -I../../syncd -I../../lib -I../../vslib -I../../meta -fPIC -ansi -pipe -std=c++14 -Wall -Wcast-align -Wcast-qual -Wconversion -Wdisabled-optimization -Werror -Wextra -Wfloat-equal -Wformat=2 -Wformat-nonliteral -Wformat-security -Wformat-y2k -Wimport -Winit-self -Wno-inline -Winvalid-pch -Wmissing-field-initializers -Wmissing-format-attribute -Wmissing-include-dirs -Wno-aggregate-return -Wno-padded -Wno-switch-enum -Wno-unused-parameter -Wno-unused-variable -Wpacked -Wpointer-arith -Wredundant-decls -Wshadow -Wstack-protector -Wstrict-aliasing=3 -Wswitch -Wswitch-default -Wunreachable-code -Wunused -Wvariadic-macros -Wwrite-strings -Wno-switch-default -Wconversion -Wno-psabi -Wcast-align=strict -g -O0  -fno-omit-frame-pointer -fno-inline -c -o tests-main.o `test -f 'main.cpp' || echo './'`main.cpp
g++ -DHAVE_CONFIG_H -I. -I../..   -Wdate-time -D_FORTIFY_SOURCE=2 -g -DNDEBUG -I../../SAI/inc -I../../SAI/experimental -I../../SAI/meta -I../../syncd -I../../lib -I../../vslib -I../../meta -fPIC -ansi -pipe -std=c++14 -Wall -Wcast-align -Wcast-qual -Wconversion -Wdisabled-optimization -Werror -Wextra -Wfloat-equal -Wformat=2 -Wformat-nonliteral -Wformat-security -Wformat-y2k -Wimport -Winit-self -Wno-inline -Winvalid-pch -Wmissing-field-initializers -Wmissing-format-attribute -Wmissing-include-dirs -Wno-aggregate-return -Wno-padded -Wno-switch-enum -Wno-unused-parameter -Wno-unused-variable -Wpacked -Wpointer-arith -Wredundant-decls -Wshadow -Wstack-protector -Wstrict-aliasing=3 -Wswitch -Wswitch-default -Wunreachable-code -Wunused -Wvariadic-macros -Wwrite-strings -Wno-switch-default -Wconversion -Wno-psabi -Wcast-align=strict -g -O0  -fno-omit-frame-pointer -fno-inline -c -o tests-MockableSaiInterface.o `test -f 'MockableSaiInterface.cpp' || echo './'`MockableSaiInterface.cpp
g++ -DHAVE_CONFIG_H -I. -I../..   -Wdate-time -D_FORTIFY_SOURCE=2 -g -DNDEBUG -I../../SAI/inc -I../../SAI/experimental -I../../SAI/meta -I../../syncd -I../../lib -I../../vslib -I../../meta -fPIC -ansi -pipe -std=c++14 -Wall -Wcast-align -Wcast-qual -Wconversion -Wdisabled-optimization -Werror -Wextra -Wfloat-equal -Wformat=2 -Wformat-nonliteral -Wformat-security -Wformat-y2k -Wimport -Winit-self -Wno-inline -Winvalid-pch -Wmissing-field-initializers -Wmissing-format-attribute -Wmissing-include-dirs -Wno-aggregate-return -Wno-padded -Wno-switch-enum -Wno-unused-parameter -Wno-unused-variable -Wpacked -Wpointer-arith -Wredundant-decls -Wshadow -Wstack-protector -Wstrict-aliasing=3 -Wswitch -Wswitch-default -Wunreachable-code -Wunused -Wvariadic-macros -Wwrite-strings -Wno-switch-default -Wconversion -Wno-psabi -Wcast-align=strict -g -O0  -fno-omit-frame-pointer -fno-inline -c -o tests-MockHelper.o `test -f 'MockHelper.cpp' || echo './'`MockHelper.cpp
g++ -DHAVE_CONFIG_H -I. -I../..   -Wdate-time -D_FORTIFY_SOURCE=2 -g -DNDEBUG -I../../SAI/inc -I../../SAI/experimental -I../../SAI/meta -I../../syncd -I../../lib -I../../vslib -I../../meta -fPIC -ansi -pipe -std=c++14 -Wall -Wcast-align -Wcast-qual -Wconversion -Wdisabled-optimization -Werror -Wextra -Wfloat-equal -Wformat=2 -Wformat-nonliteral -Wformat-security -Wformat-y2k -Wimport -Winit-self -Wno-inline -Winvalid-pch -Wmissing-field-initializers -Wmissing-format-attribute -Wmissing-include-dirs -Wno-aggregate-return -Wno-padded -Wno-switch-enum -Wno-unused-parameter -Wno-unused-variable -Wpacked -Wpointer-arith -Wredundant-decls -Wshadow -Wstack-protector -Wstrict-aliasing=3 -Wswitch -Wswitch-default -Wunreachable-code -Wunused -Wvariadic-macros -Wwrite-strings -Wno-switch-default -Wconversion -Wno-psabi -Wcast-align=strict -g -O0  -fno-omit-frame-pointer -fno-inline -c -o tests-MockableSaiSwitchInterface.o `test -f 'MockableSaiSwitchInterface.cpp' || echo './'`MockableSaiSwitchInterface.cpp
g++ -DHAVE_CONFIG_H -I. -I../..   -Wdate-time -D_FORTIFY_SOURCE=2 -g -DNDEBUG -I../../SAI/inc -I../../SAI/experimental -I../../SAI/meta -I../../syncd -I../../lib -I../../vslib -I../../meta -fPIC -ansi -pipe -std=c++14 -Wall -Wcast-align -Wcast-qual -Wconversion -Wdisabled-optimization -Werror -Wextra -Wfloat-equal -Wformat=2 -Wformat-nonliteral -Wformat-security -Wformat-y2k -Wimport -Winit-self -Wno-inline -Winvalid-pch -Wmissing-field-initializers -Wmissing-format-attribute -Wmissing-include-dirs -Wno-aggregate-return -Wno-padded -Wno-switch-enum -Wno-unused-parameter -Wno-unused-variable -Wpacked -Wpointer-arith -Wredundant-decls -Wshadow -Wstack-protector -Wstrict-aliasing=3 -Wswitch -Wswitch-default -Wunreachable-code -Wunused -Wvariadic-macros -Wwrite-strings -Wno-switch-default -Wconversion -Wno-psabi -Wcast-align=strict -g -O0  -fno-omit-frame-pointer -fno-inline -c -o tests-TestBestCandidateFinder.o `test -f 'TestBestCandidateFinder.cpp' || echo './'`TestBestCandidateFinder.cpp
g++ -DHAVE_CONFIG_H -I. -I../..   -Wdate-time -D_FORTIFY_SOURCE=2 -g -DNDEBUG -I../../SAI/inc -I../../SAI/experimental -I../../SAI/meta -I../../syncd -I../../lib -I../../vslib -I../../meta -fPIC -ansi -pipe -std=c++14 -Wall -Wcast-align -Wcast-qual -Wconversion -Wdisabled-optimization -Werror -Wextra -Wfloat-equal -Wformat=2 -Wformat-nonliteral -Wformat-security -Wformat-y2k -Wimport -Winit-self -Wno-inline -Winvalid-pch -Wmissing-field-initializers -Wmissing-format-attribute -Wmissing-include-dirs -Wno-aggregate-return -Wno-padded -Wno-switch-enum -Wno-unused-parameter -Wno-unused-variable -Wpacked -Wpointer-arith -Wredundant-decls -Wshadow -Wstack-protector -Wstrict-aliasing=3 -Wswitch -Wswitch-default -Wunreachable-code -Wunused -Wvariadic-macros -Wwrite-strings -Wno-switch-default -Wconversion -Wno-psabi -Wcast-align=strict -g -O0  -fno-omit-frame-pointer -fno-inline -c -o tests-TestAttrVersionChecker.o `test -f 'TestAttrVersionChecker.cpp' || echo './'`TestAttrVersionChecker.cpp
g++ -DHAVE_CONFIG_H -I. -I../..   -Wdate-time -D_FORTIFY_SOURCE=2 -g -DNDEBUG -I../../SAI/inc -I../../SAI/experimental -I../../SAI/meta -I../../syncd -I../../lib -I../../vslib -I../../meta -fPIC -ansi -pipe -std=c++14 -Wall -Wcast-align -Wcast-qual -Wconversion -Wdisabled-optimization -Werror -Wextra -Wfloat-equal -Wformat=2 -Wformat-nonliteral -Wformat-security -Wformat-y2k -Wimport -Winit-self -Wno-inline -Winvalid-pch -Wmissing-field-initializers -Wmissing-format-attribute -Wmissing-include-dirs -Wno-aggregate-return -Wno-padded -Wno-switch-enum -Wno-unused-parameter -Wno-unused-variable -Wpacked -Wpointer-arith -Wredundant-decls -Wshadow -Wstack-protector -Wstrict-aliasing=3 -Wswitch -Wswitch-default -Wunreachable-code -Wunused -Wvariadic-macros -Wwrite-strings -Wno-switch-default -Wconversion -Wno-psabi -Wcast-align=strict -g -O0  -fno-omit-frame-pointer -fno-inline -c -o tests-TestCommandLineOptions.o `test -f 'TestCommandLineOptions.cpp' || echo './'`TestCommandLineOptions.cpp
g++ -DHAVE_CONFIG_H -I. -I../..   -Wdate-time -D_FORTIFY_SOURCE=2 -g -DNDEBUG -I../../SAI/inc -I../../SAI/experimental -I../../SAI/meta -I../../syncd -I../../lib -I../../vslib -I../../meta -fPIC -ansi -pipe -std=c++14 -Wall -Wcast-align -Wcast-qual -Wconversion -Wdisabled-optimization -Werror -Wextra -Wfloat-equal -Wformat=2 -Wformat-nonliteral -Wformat-security -Wformat-y2k -Wimport -Winit-self -Wno-inline -Winvalid-pch -Wmissing-field-initializers -Wmissing-format-attribute -Wmissing-include-dirs -Wno-aggregate-return -Wno-padded -Wno-switch-enum -Wno-unused-parameter -Wno-unused-variable -Wpacked -Wpointer-arith -Wredundant-decls -Wshadow -Wstack-protector -Wstrict-aliasing=3 -Wswitch -Wswitch-default -Wunreachable-code -Wunused -Wvariadic-macros -Wwrite-strings -Wno-switch-default -Wconversion -Wno-psabi -Wcast-align=strict -g -O0  -fno-omit-frame-pointer -fno-inline -c -o tests-TestConcurrentQueue.o `test -f 'TestConcurrentQueue.cpp' || echo './'`TestConcurrentQueue.cpp
g++ -DHAVE_CONFIG_H -I. -I../..   -Wdate-time -D_FORTIFY_SOURCE=2 -g -DNDEBUG -I../../SAI/inc -I../../SAI/experimental -I../../SAI/meta -I../../syncd -I../../lib -I../../vslib -I../../meta -fPIC -ansi -pipe -std=c++14 -Wall -Wcast-align -Wcast-qual -Wconversion -Wdisabled-optimization -Werror -Wextra -Wfloat-equal -Wformat=2 -Wformat-nonliteral -Wformat-security -Wformat-y2k -Wimport -Winit-self -Wno-inline -Winvalid-pch -Wmissing-field-initializers -Wmissing-format-attribute -Wmissing-include-dirs -Wno-aggregate-return -Wno-padded -Wno-switch-enum -Wno-unused-parameter -Wno-unused-variable -Wpacked -Wpointer-arith -Wredundant-decls -Wshadow -Wstack-protector -Wstrict-aliasing=3 -Wswitch -Wswitch-default -Wunreachable-code -Wunused -Wvariadic-macros -Wwrite-strings -Wno-switch-default -Wconversion -Wno-psabi -Wcast-align=strict -g -O0  -fno-omit-frame-pointer -fno-inline -c -o tests-TestFlexCounter.o `test -f 'TestFlexCounter.cpp' || echo './'`TestFlexCounter.cpp
g++ -DHAVE_CONFIG_H -I. -I../..   -Wdate-time -D_FORTIFY_SOURCE=2 -g -DNDEBUG -I../../SAI/inc -I../../SAI/experimental -I../../SAI/meta -I../../syncd -I../../lib -I../../vslib -I../../meta -fPIC -ansi -pipe -std=c++14 -Wall -Wcast-align -Wcast-qual -Wconversion -Wdisabled-optimization -Werror -Wextra -Wfloat-equal -Wformat=2 -Wformat-nonliteral -Wformat-security -Wformat-y2k -Wimport -Winit-self -Wno-inline -Winvalid-pch -Wmissing-field-initializers -Wmissing-format-attribute -Wmissing-include-dirs -Wno-aggregate-return -Wno-padded -Wno-switch-enum -Wno-unused-parameter -Wno-unused-variable -Wpacked -Wpointer-arith -Wredundant-decls -Wshadow -Wstack-protector -Wstrict-aliasing=3 -Wswitch -Wswitch-default -Wunreachable-code -Wunused -Wvariadic-macros -Wwrite-strings -Wno-switch-default -Wconversion -Wno-psabi -Wcast-align=strict -g -O0  -fno-omit-frame-pointer -fno-inline -c -o tests-TestVirtualOidTranslator.o `test -f 'TestVirtualOidTranslator.cpp' || echo './'`TestVirtualOidTranslator.cpp
g++ -DHAVE_CONFIG_H -I. -I../..   -Wdate-time -D_FORTIFY_SOURCE=2 -g -DNDEBUG -I../../SAI/inc -I../../SAI/experimental -I../../SAI/meta -I../../syncd -I../../lib -I../../vslib -I../../meta -fPIC -ansi -pipe -std=c++14 -Wall -Wcast-align -Wcast-qual -Wconversion -Wdisabled-optimization -Werror -Wextra -Wfloat-equal -Wformat=2 -Wformat-nonliteral -Wformat-security -Wformat-y2k -Wimport -Winit-self -Wno-inline -Winvalid-pch -Wmissing-field-initializers -Wmissing-format-attribute -Wmissing-include-dirs -Wno-aggregate-return -Wno-padded -Wno-switch-enum -Wno-unused-parameter -Wno-unused-variable -Wpacked -Wpointer-arith -Wredundant-decls -Wshadow -Wstack-protector -Wstrict-aliasing=3 -Wswitch -Wswitch-default -Wunreachable-code -Wunused -Wvariadic-macros -Wwrite-strings -Wno-switch-default -Wconversion -Wno-psabi -Wcast-align=strict -g -O0  -fno-omit-frame-pointer -fno-inline -c -o tests-TestNotificationQueue.o `test -f 'TestNotificationQueue.cpp' || echo './'`TestNotificationQueue.cpp
g++ -DHAVE_CONFIG_H -I. -I../..   -Wdate-time -D_FORTIFY_SOURCE=2 -g -DNDEBUG -I../../SAI/inc -I../../SAI/experimental -I../../SAI/meta -I../../syncd -I../../lib -I../../vslib -I../../meta -fPIC -ansi -pipe -std=c++14 -Wall -Wcast-align -Wcast-qual -Wconversion -Wdisabled-optimization -Werror -Wextra -Wfloat-equal -Wformat=2 -Wformat-nonliteral -Wformat-security -Wformat-y2k -Wimport -Winit-self -Wno-inline -Winvalid-pch -Wmissing-field-initializers -Wmissing-format-attribute -Wmissing-include-dirs -Wno-aggregate-return -Wno-padded -Wno-switch-enum -Wno-unused-parameter -Wno-unused-variable -Wpacked -Wpointer-arith -Wredundant-decls -Wshadow -Wstack-protector -Wstrict-aliasing=3 -Wswitch -Wswitch-default -Wunreachable-code -Wunused -Wvariadic-macros -Wwrite-strings -Wno-switch-default -Wconversion -Wno-psabi -Wcast-align=strict -g -O0  -fno-omit-frame-pointer -fno-inline -c -o tests-TestNotificationProcessor.o `test -f 'TestNotificationProcessor.cpp' || echo './'`TestNotificationProcessor.cpp
g++ -DHAVE_CONFIG_H -I. -I../..   -Wdate-time -D_FORTIFY_SOURCE=2 -g -DNDEBUG -I../../SAI/inc -I../../SAI/experimental -I../../SAI/meta -I../../syncd -I../../lib -I../../vslib -I../../meta -fPIC -ansi -pipe -std=c++14 -Wall -Wcast-align -Wcast-qual -Wconversion -Wdisabled-optimization -Werror -Wextra -Wfloat-equal -Wformat=2 -Wformat-nonliteral -Wformat-security -Wformat-y2k -Wimport -Winit-self -Wno-inline -Winvalid-pch -Wmissing-field-initializers -Wmissing-format-attribute -Wmissing-include-dirs -Wno-aggregate-return -Wno-padded -Wno-switch-enum -Wno-unused-parameter -Wno-unused-variable -Wpacked -Wpointer-arith -Wredundant-decls -Wshadow -Wstack-protector -Wstrict-aliasing=3 -Wswitch -Wswitch-default -Wunreachable-code -Wunused -Wvariadic-macros -Wwrite-strings -Wno-switch-default -Wconversion -Wno-psabi -Wcast-align=strict -g -O0  -fno-omit-frame-pointer -fno-inline -c -o tests-TestNotificationHandler.o `test -f 'TestNotificationHandler.cpp' || echo './'`TestNotificationHandler.cpp
g++ -DHAVE_CONFIG_H -I. -I../..   -Wdate-time -D_FORTIFY_SOURCE=2 -g -DNDEBUG -I../../SAI/inc -I../../SAI/experimental -I../../SAI/meta -I../../syncd -I../../lib -I../../vslib -I../../meta -fPIC -ansi -pipe -std=c++14 -Wall -Wcast-align -Wcast-qual -Wconversion -Wdisabled-optimization -Werror -Wextra -Wfloat-equal -Wformat=2 -Wformat-nonliteral -Wformat-security -Wformat-y2k -Wimport -Winit-self -Wno-inline -Winvalid-pch -Wmissing-field-initializers -Wmissing-format-attribute -Wmissing-include-dirs -Wno-aggregate-return -Wno-padded -Wno-switch-enum -Wno-unused-parameter -Wno-unused-variable -Wpacked -Wpointer-arith -Wredundant-decls -Wshadow -Wstack-protector -Wstrict-aliasing=3 -Wswitch -Wswitch-default -Wunreachable-code -Wunused -Wvariadic-macros -Wwrite-strings -Wno-switch-default -Wconversion -Wno-psabi -Wcast-align=strict -g -O0  -fno-omit-frame-pointer -fno-inline -c -o tests-TestMdioIpcServer.o `test -f 'TestMdioIpcServer.cpp' || echo './'`TestMdioIpcServer.cpp
g++ -DHAVE_CONFIG_H -I. -I../..   -Wdate-time -D_FORTIFY_SOURCE=2 -g -DNDEBUG -I../../SAI/inc -I../../SAI/experimental -I../../SAI/meta -I../../syncd -I../../lib -I../../vslib -I../../meta -fPIC -ansi -pipe -std=c++14 -Wall -Wcast-align -Wcast-qual -Wconversion -Wdisabled-optimization -Werror -Wextra -Wfloat-equal -Wformat=2 -Wformat-nonliteral -Wformat-security -Wformat-y2k -Wimport -Winit-self -Wno-inline -Winvalid-pch -Wmissing-field-initializers -Wmissing-format-attribute -Wmissing-include-dirs -Wno-aggregate-return -Wno-padded -Wno-switch-enum -Wno-unused-parameter -Wno-unused-variable -Wpacked -Wpointer-arith -Wredundant-decls -Wshadow -Wstack-protector -Wstrict-aliasing=3 -Wswitch -Wswitch-default -Wunreachable-code -Wunused -Wvariadic-macros -Wwrite-strings -Wno-switch-default -Wconversion -Wno-psabi -Wcast-align=strict -g -O0  -fno-omit-frame-pointer -fno-inline -c -o tests-TestPortStateChangeHandler.o `test -f 'TestPortStateChangeHandler.cpp' || echo './'`TestPortStateChangeHandler.cpp
g++ -DHAVE_CONFIG_H -I. -I../..   -Wdate-time -D_FORTIFY_SOURCE=2 -g -DNDEBUG -I../../SAI/inc -I../../SAI/experimental -I../../SAI/meta -I../../syncd -I../../lib -I../../vslib -I../../meta -fPIC -ansi -pipe -std=c++14 -Wall -Wcast-align -Wcast-qual -Wconversion -Wdisabled-optimization -Werror -Wextra -Wfloat-equal -Wformat=2 -Wformat-nonliteral -Wformat-security -Wformat-y2k -Wimport -Winit-self -Wno-inline -Winvalid-pch -Wmissing-field-initializers -Wmissing-format-attribute -Wmissing-include-dirs -Wno-aggregate-return -Wno-padded -Wno-switch-enum -Wno-unused-parameter -Wno-unused-variable -Wpacked -Wpointer-arith -Wredundant-decls -Wshadow -Wstack-protector -Wstrict-aliasing=3 -Wswitch -Wswitch-default -Wunreachable-code -Wunused -Wvariadic-macros -Wwrite-strings -Wno-switch-default -Wconversion -Wno-psabi -Wcast-align=strict -g -O0  -fno-omit-frame-pointer -fno-inline -c -o tests-TestWorkaround.o `test -f 'TestWorkaround.cpp' || echo './'`TestWorkaround.cpp
g++ -DHAVE_CONFIG_H -I. -I../..   -Wdate-time -D_FORTIFY_SOURCE=2 -g -DNDEBUG -I../../SAI/inc -I../../SAI/experimental -I../../SAI/meta -I../../syncd -I../../lib -I../../vslib -I../../meta -fPIC -ansi -pipe -std=c++14 -Wall -Wcast-align -Wcast-qual -Wconversion -Wdisabled-optimization -Werror -Wextra -Wfloat-equal -Wformat=2 -Wformat-nonliteral -Wformat-security -Wformat-y2k -Wimport -Winit-self -Wno-inline -Winvalid-pch -Wmissing-field-initializers -Wmissing-format-attribute -Wmissing-include-dirs -Wno-aggregate-return -Wno-padded -Wno-switch-enum -Wno-unused-parameter -Wno-unused-variable -Wpacked -Wpointer-arith -Wredundant-decls -Wshadow -Wstack-protector -Wstrict-aliasing=3 -Wswitch -Wswitch-default -Wunreachable-code -Wunused -Wvariadic-macros -Wwrite-strings -Wno-switch-default -Wconversion -Wno-psabi -Wcast-align=strict -g -O0  -fno-omit-frame-pointer -fno-inline -c -o tests-TestSyncd.o `test -f 'TestSyncd.cpp' || echo './'`TestSyncd.cpp
g++ -DHAVE_CONFIG_H -I. -I../..   -Wdate-time -D_FORTIFY_SOURCE=2 -g -DNDEBUG -I../../SAI/inc -I../../SAI/experimental -I../../SAI/meta -I../../syncd -I../../lib -I../../vslib -I../../meta -fPIC -ansi -pipe -std=c++14 -Wall -Wcast-align -Wcast-qual -Wconversion -Wdisabled-optimization -Werror -Wextra -Wfloat-equal -Wformat=2 -Wformat-nonliteral -Wformat-security -Wformat-y2k -Wimport -Winit-self -Wno-inline -Winvalid-pch -Wmissing-field-initializers -Wmissing-format-attribute -Wmissing-include-dirs -Wno-aggregate-return -Wno-padded -Wno-switch-enum -Wno-unused-parameter -Wno-unused-variable -Wpacked -Wpointer-arith -Wredundant-decls -Wshadow -Wstack-protector -Wstrict-aliasing=3 -Wswitch -Wswitch-default -Wunreachable-code -Wunused -Wvariadic-macros -Wwrite-strings -Wno-switch-default -Wconversion -Wno-psabi -Wcast-align=strict -g -O0  -fno-omit-frame-pointer -fno-inline -c -o tests-TestVendorSai.o `test -f 'TestVendorSai.cpp' || echo './'`TestVendorSai.cpp
/bin/bash ../../libtool  --tag=CXX   --mode=link g++ -g -DNDEBUG -I../../SAI/inc -I../../SAI/experimental -I../../SAI/meta -I../../syncd -I../../lib -I../../vslib -I../../meta -fPIC -ansi -pipe -std=c++14 -Wall -Wcast-align -Wcast-qual -Wconversion -Wdisabled-optimization -Werror -Wextra -Wfloat-equal -Wformat=2 -Wformat-nonliteral -Wformat-security -Wformat-y2k -Wimport -Winit-self -Wno-inline -Winvalid-pch -Wmissing-field-initializers -Wmissing-format-attribute -Wmissing-include-dirs -Wno-aggregate-return -Wno-padded -Wno-switch-enum -Wno-unused-parameter -Wno-unused-variable -Wpacked -Wpointer-arith -Wredundant-decls -Wshadow -Wstack-protector -Wstrict-aliasing=3 -Wswitch -Wswitch-default -Wunreachable-code -Wunused -Wvariadic-macros -Wwrite-strings -Wno-switch-default -Wconversion -Wno-psabi -Wcast-align=strict -g -O0  -fno-omit-frame-pointer -fno-inline -Wl,-rpath,../../lib/.libs -Wl,-rpath,../../meta/.libs -Wl,-z,relro -Wl,-z,now -o tests tests-main.o tests-MockableSaiInterface.o tests-MockHelper.o tests-MockableSaiSwitchInterface.o tests-TestBestCandidateFinder.o tests-TestAttrVersionChecker.o tests-TestCommandLineOptions.o tests-TestConcurrentQueue.o tests-TestFlexCounter.o tests-TestVirtualOidTranslator.o tests-TestNotificationQueue.o tests-TestNotificationProcessor.o tests-TestNotificationHandler.o tests-TestMdioIpcServer.o tests-TestPortStateChangeHandler.o tests-TestWorkaround.o tests-TestSyncd.o tests-TestVendorSai.o -L/usr/src/gtest -lgtest -lgtest_main -lgmock ../../syncd/libSyncdRequestShutdown.a ../../syncd/libSyncd.a ../../vslib/libSaiVS.a ../../syncd/libMdioIpcClient.a -lhiredis -lswsscommon -lnl-genl-3 -lnl-nf-3 -lnl-route-3 -lnl-3 -lpthread -L../../lib/.libs -lsairedis -L../../meta/.libs -lsaimetadata -lsaimeta -lzmq   
libtool: link: g++ -g -DNDEBUG -I../../SAI/inc -I../../SAI/experimental -I../../SAI/meta -I../../syncd -I../../lib -I../../vslib -I../../meta -fPIC -ansi -pipe -std=c++14 -Wall -Wcast-align -Wcast-qual -Wconversion -Wdisabled-optimization -Werror -Wextra -Wfloat-equal -Wformat=2 -Wformat-nonliteral -Wformat-security -Wformat-y2k -Wimport -Winit-self -Wno-inline -Winvalid-pch -Wmissing-field-initializers -Wmissing-format-attribute -Wmissing-include-dirs -Wno-aggregate-return -Wno-padded -Wno-switch-enum -Wno-unused-parameter -Wno-unused-variable -Wpacked -Wpointer-arith -Wredundant-decls -Wshadow -Wstack-protector -Wstrict-aliasing=3 -Wswitch -Wswitch-default -Wunreachable-code -Wunused -Wvariadic-macros -Wwrite-strings -Wno-switch-default -Wconversion -Wno-psabi -Wcast-align=strict -g -O0 -fno-omit-frame-pointer -fno-inline -Wl,-rpath -Wl,../../lib/.libs -Wl,-rpath -Wl,../../meta/.libs -Wl,-z -Wl,relro -Wl,-z -Wl,now -o .libs/tests tests-main.o tests-MockableSaiInterface.o tests-MockHelper.o tests-MockableSaiSwitchInterface.o tests-TestBestCandidateFinder.o tests-TestAttrVersionChecker.o tests-TestCommandLineOptions.o tests-TestConcurrentQueue.o tests-TestFlexCounter.o tests-TestVirtualOidTranslator.o tests-TestNotificationQueue.o tests-TestNotificationProcessor.o tests-TestNotificationHandler.o tests-TestMdioIpcServer.o tests-TestPortStateChangeHandler.o tests-TestWorkaround.o tests-TestSyncd.o tests-TestVendorSai.o  -L/usr/src/gtest -lgtest -lgtest_main -lgmock ../../syncd/libSyncdRequestShutdown.a ../../syncd/libSyncd.a ../../vslib/libSaiVS.a ../../syncd/libMdioIpcClient.a -lhiredis -lswsscommon -lnl-genl-3 -lnl-nf-3 -lnl-route-3 -lnl-3 -lpthread -L../../lib/.libs /sonic/src/sonic-sairedis/lib/.libs/libsairedis.so -L../../meta/.libs /sonic/src/sonic-sairedis/meta/.libs/libsaimetadata.so /sonic/src/sonic-sairedis/meta/.libs/libsaimeta.so -lzmq
make[3]: Leaving directory '/sonic/src/sonic-sairedis/unittest/syncd'
Making all in proxylib
make[3]: Entering directory '/sonic/src/sonic-sairedis/unittest/proxylib'
g++ -DHAVE_CONFIG_H -I. -I../..   -Wdate-time -D_FORTIFY_SOURCE=2 -g -DNDEBUG -I../../SAI/inc -I../../SAI/experimental -I../../SAI/meta -I../../meta -I../../proxylib -I../../lib -fPIC -ansi -pipe -std=c++14 -Wall -Wcast-align -Wcast-qual -Wconversion -Wdisabled-optimization -Werror -Wextra -Wfloat-equal -Wformat=2 -Wformat-nonliteral -Wformat-security -Wformat-y2k -Wimport -Winit-self -Wno-inline -Winvalid-pch -Wmissing-field-initializers -Wmissing-format-attribute -Wmissing-include-dirs -Wno-aggregate-return -Wno-padded -Wno-switch-enum -Wno-unused-parameter -Wno-unused-variable -Wpacked -Wpointer-arith -Wredundant-decls -Wshadow -Wstack-protector -Wstrict-aliasing=3 -Wswitch -Wswitch-default -Wunreachable-code -Wunused -Wvariadic-macros -Wwrite-strings -Wno-switch-default -Wconversion -Wno-psabi -Wcast-align=strict -g -O0  -fno-omit-frame-pointer -fno-inline -c -o tests-main.o `test -f 'main.cpp' || echo './'`main.cpp
g++ -DHAVE_CONFIG_H -I. -I../..   -Wdate-time -D_FORTIFY_SOURCE=2 -g -DNDEBUG -I../../SAI/inc -I../../SAI/experimental -I../../SAI/meta -I../../meta -I../../proxylib -I../../lib -fPIC -ansi -pipe -std=c++14 -Wall -Wcast-align -Wcast-qual -Wconversion -Wdisabled-optimization -Werror -Wextra -Wfloat-equal -Wformat=2 -Wformat-nonliteral -Wformat-security -Wformat-y2k -Wimport -Winit-self -Wno-inline -Winvalid-pch -Wmissing-field-initializers -Wmissing-format-attribute -Wmissing-include-dirs -Wno-aggregate-return -Wno-padded -Wno-switch-enum -Wno-unused-parameter -Wno-unused-variable -Wpacked -Wpointer-arith -Wredundant-decls -Wshadow -Wstack-protector -Wstrict-aliasing=3 -Wswitch -Wswitch-default -Wunreachable-code -Wunused -Wvariadic-macros -Wwrite-strings -Wno-switch-default -Wconversion -Wno-psabi -Wcast-align=strict -g -O0  -fno-omit-frame-pointer -fno-inline -c -o tests-TestProxy.o `test -f 'TestProxy.cpp' || echo './'`TestProxy.cpp
g++ -DHAVE_CONFIG_H -I. -I../..   -Wdate-time -D_FORTIFY_SOURCE=2 -g -DNDEBUG -I../../SAI/inc -I../../SAI/experimental -I../../SAI/meta -I../../meta -I../../proxylib -I../../lib -fPIC -ansi -pipe -std=c++14 -Wall -Wcast-align -Wcast-qual -Wconversion -Wdisabled-optimization -Werror -Wextra -Wfloat-equal -Wformat=2 -Wformat-nonliteral -Wformat-security -Wformat-y2k -Wimport -Winit-self -Wno-inline -Winvalid-pch -Wmissing-field-initializers -Wmissing-format-attribute -Wmissing-include-dirs -Wno-aggregate-return -Wno-padded -Wno-switch-enum -Wno-unused-parameter -Wno-unused-variable -Wpacked -Wpointer-arith -Wredundant-decls -Wshadow -Wstack-protector -Wstrict-aliasing=3 -Wswitch -Wswitch-default -Wunreachable-code -Wunused -Wvariadic-macros -Wwrite-strings -Wno-switch-default -Wconversion -Wno-psabi -Wcast-align=strict -g -O0  -fno-omit-frame-pointer -fno-inline -c -o tests-TestSai.o `test -f 'TestSai.cpp' || echo './'`TestSai.cpp
/bin/bash ../../libtool  --tag=CXX   --mode=link g++ -g -DNDEBUG -I../../SAI/inc -I../../SAI/experimental -I../../SAI/meta -I../../meta -I../../proxylib -I../../lib -fPIC -ansi -pipe -std=c++14 -Wall -Wcast-align -Wcast-qual -Wconversion -Wdisabled-optimization -Werror -Wextra -Wfloat-equal -Wformat=2 -Wformat-nonliteral -Wformat-security -Wformat-y2k -Wimport -Winit-self -Wno-inline -Winvalid-pch -Wmissing-field-initializers -Wmissing-format-attribute -Wmissing-include-dirs -Wno-aggregate-return -Wno-padded -Wno-switch-enum -Wno-unused-parameter -Wno-unused-variable -Wpacked -Wpointer-arith -Wredundant-decls -Wshadow -Wstack-protector -Wstrict-aliasing=3 -Wswitch -Wswitch-default -Wunreachable-code -Wunused -Wvariadic-macros -Wwrite-strings -Wno-switch-default -Wconversion -Wno-psabi -Wcast-align=strict -g -O0  -fno-omit-frame-pointer -fno-inline  -Wl,-z,relro -Wl,-z,now -o tests tests-main.o tests-TestProxy.o tests-TestSai.o -L/usr/src/gtest -lgtest -lgtest_main ../../proxylib/libSaiProxy.a ../../lib/libSaiRedis.a ../../syncd/libSyncd.a -lhiredis -lswsscommon -lpthread -L../../meta/.libs -lsaimetadata -lsaimeta -lzmq  
libtool: link: g++ -g -DNDEBUG -I../../SAI/inc -I../../SAI/experimental -I../../SAI/meta -I../../meta -I../../proxylib -I../../lib -fPIC -ansi -pipe -std=c++14 -Wall -Wcast-align -Wcast-qual -Wconversion -Wdisabled-optimization -Werror -Wextra -Wfloat-equal -Wformat=2 -Wformat-nonliteral -Wformat-security -Wformat-y2k -Wimport -Winit-self -Wno-inline -Winvalid-pch -Wmissing-field-initializers -Wmissing-format-attribute -Wmissing-include-dirs -Wno-aggregate-return -Wno-padded -Wno-switch-enum -Wno-unused-parameter -Wno-unused-variable -Wpacked -Wpointer-arith -Wredundant-decls -Wshadow -Wstack-protector -Wstrict-aliasing=3 -Wswitch -Wswitch-default -Wunreachable-code -Wunused -Wvariadic-macros -Wwrite-strings -Wno-switch-default -Wconversion -Wno-psabi -Wcast-align=strict -g -O0 -fno-omit-frame-pointer -fno-inline -Wl,-z -Wl,relro -Wl,-z -Wl,now -o .libs/tests tests-main.o tests-TestProxy.o tests-TestSai.o  -L/usr/src/gtest -lgtest -lgtest_main ../../proxylib/libSaiProxy.a ../../lib/libSaiRedis.a ../../syncd/libSyncd.a -lhiredis -lswsscommon -lpthread -L../../meta/.libs /sonic/src/sonic-sairedis/meta/.libs/libsaimetadata.so /sonic/src/sonic-sairedis/meta/.libs/libsaimeta.so -lzmq
make[3]: Leaving directory '/sonic/src/sonic-sairedis/unittest/proxylib'
Making all in saidump
make[3]: Entering directory '/sonic/src/sonic-sairedis/unittest/saidump'
g++ -DHAVE_CONFIG_H -I. -I../..   -Wdate-time -D_FORTIFY_SOURCE=2 -g -DNDEBUG -I../../SAI/inc -I../../SAI/experimental -I../../SAI/meta -I../../saidump -I../../lib -I../../vslib -I../../meta -fPIC -ansi -pipe -std=c++14 -Wall -Wcast-align -Wcast-qual -Wconversion -Wdisabled-optimization -Werror -Wextra -Wfloat-equal -Wformat=2 -Wformat-nonliteral -Wformat-security -Wformat-y2k -Wimport -Winit-self -Wno-inline -Winvalid-pch -Wmissing-field-initializers -Wmissing-format-attribute -Wmissing-include-dirs -Wno-aggregate-return -Wno-padded -Wno-switch-enum -Wno-unused-parameter -Wno-unused-variable -Wpacked -Wpointer-arith -Wredundant-decls -Wshadow -Wstack-protector -Wstrict-aliasing=3 -Wswitch -Wswitch-default -Wunreachable-code -Wunused -Wvariadic-macros -Wwrite-strings -Wno-switch-default -Wconversion -Wno-psabi -Wcast-align=strict -g -O0  -fno-omit-frame-pointer -fno-inline -c -o tests-main.o `test -f 'main.cpp' || echo './'`main.cpp
g++ -DHAVE_CONFIG_H -I. -I../..   -Wdate-time -D_FORTIFY_SOURCE=2 -g -DNDEBUG -I../../SAI/inc -I../../SAI/experimental -I../../SAI/meta -I../../saidump -I../../lib -I../../vslib -I../../meta -fPIC -ansi -pipe -std=c++14 -Wall -Wcast-align -Wcast-qual -Wconversion -Wdisabled-optimization -Werror -Wextra -Wfloat-equal -Wformat=2 -Wformat-nonliteral -Wformat-security -Wformat-y2k -Wimport -Winit-self -Wno-inline -Winvalid-pch -Wmissing-field-initializers -Wmissing-format-attribute -Wmissing-include-dirs -Wno-aggregate-return -Wno-padded -Wno-switch-enum -Wno-unused-parameter -Wno-unused-variable -Wpacked -Wpointer-arith -Wredundant-decls -Wshadow -Wstack-protector -Wstrict-aliasing=3 -Wswitch -Wswitch-default -Wunreachable-code -Wunused -Wvariadic-macros -Wwrite-strings -Wno-switch-default -Wconversion -Wno-psabi -Wcast-align=strict -g -O0  -fno-omit-frame-pointer -fno-inline -c -o tests-TestSaiDump.o `test -f 'TestSaiDump.cpp' || echo './'`TestSaiDump.cpp
/bin/bash ../../libtool  --tag=CXX   --mode=link g++ -g -DNDEBUG -I../../SAI/inc -I../../SAI/experimental -I../../SAI/meta -I../../saidump -I../../lib -I../../vslib -I../../meta -fPIC -ansi -pipe -std=c++14 -Wall -Wcast-align -Wcast-qual -Wconversion -Wdisabled-optimization -Werror -Wextra -Wfloat-equal -Wformat=2 -Wformat-nonliteral -Wformat-security -Wformat-y2k -Wimport -Winit-self -Wno-inline -Winvalid-pch -Wmissing-field-initializers -Wmissing-format-attribute -Wmissing-include-dirs -Wno-aggregate-return -Wno-padded -Wno-switch-enum -Wno-unused-parameter -Wno-unused-variable -Wpacked -Wpointer-arith -Wredundant-decls -Wshadow -Wstack-protector -Wstrict-aliasing=3 -Wswitch -Wswitch-default -Wunreachable-code -Wunused -Wvariadic-macros -Wwrite-strings -Wno-switch-default -Wconversion -Wno-psabi -Wcast-align=strict -g -O0  -fno-omit-frame-pointer -fno-inline -D_UNITTEST_ -Wl,-z,relro -Wl,-z,now -o tests tests-main.o tests-TestSaiDump.o -L/usr/src/gtest -lgtest -lgtest_main ../../saidump/libsaidump.a  -lhiredis -lswsscommon -lnl-genl-3 -lnl-nf-3 -lnl-route-3 -lnl-3 -lpthread -L../../lib/.libs -lsairedis -L../../meta/.libs -lsaimetadata -lsaimeta -lzmq  
libtool: link: g++ -g -DNDEBUG -I../../SAI/inc -I../../SAI/experimental -I../../SAI/meta -I../../saidump -I../../lib -I../../vslib -I../../meta -fPIC -ansi -pipe -std=c++14 -Wall -Wcast-align -Wcast-qual -Wconversion -Wdisabled-optimization -Werror -Wextra -Wfloat-equal -Wformat=2 -Wformat-nonliteral -Wformat-security -Wformat-y2k -Wimport -Winit-self -Wno-inline -Winvalid-pch -Wmissing-field-initializers -Wmissing-format-attribute -Wmissing-include-dirs -Wno-aggregate-return -Wno-padded -Wno-switch-enum -Wno-unused-parameter -Wno-unused-variable -Wpacked -Wpointer-arith -Wredundant-decls -Wshadow -Wstack-protector -Wstrict-aliasing=3 -Wswitch -Wswitch-default -Wunreachable-code -Wunused -Wvariadic-macros -Wwrite-strings -Wno-switch-default -Wconversion -Wno-psabi -Wcast-align=strict -g -O0 -fno-omit-frame-pointer -fno-inline -D_UNITTEST_ -Wl,-z -Wl,relro -Wl,-z -Wl,now -o .libs/tests tests-main.o tests-TestSaiDump.o  -L/usr/src/gtest -lgtest -lgtest_main ../../saidump/libsaidump.a -lhiredis -lswsscommon -lnl-genl-3 -lnl-nf-3 -lnl-route-3 -lnl-3 -lpthread -L../../lib/.libs /sonic/src/sonic-sairedis/lib/.libs/libsairedis.so -L../../meta/.libs /sonic/src/sonic-sairedis/meta/.libs/libsaimetadata.so /sonic/src/sonic-sairedis/meta/.libs/libsaimeta.so -lzmq
make[3]: Leaving directory '/sonic/src/sonic-sairedis/unittest/saidump'
make[3]: Entering directory '/sonic/src/sonic-sairedis/unittest'
make[3]: Nothing to be done for 'all-am'.
make[3]: Leaving directory '/sonic/src/sonic-sairedis/unittest'
make[2]: Leaving directory '/sonic/src/sonic-sairedis/unittest'
make[2]: Entering directory '/sonic/src/sonic-sairedis'
make[2]: Leaving directory '/sonic/src/sonic-sairedis'
make[1]: Leaving directory '/sonic/src/sonic-sairedis'
